Archive member included to satisfy reference by file (symbol)

..\servo\libpico_servo.a(servo.c.obj)
                              CMakeFiles/sweep.dir/SweepExample.c.obj (setMillis)
c:/progra~2/gnuarm~1/102020~1/bin/../lib/gcc/arm-none-eabi/10.2.1/thumb/v6-m/nofp\libgcc.a(_dvmd_tls.o)
                              CMakeFiles/sweep.dir/D_/Pico_Downloads/pico-sdk/src/rp2_common/pico_divider/divider.S.obj (__aeabi_idiv0)
c:/progra~2/gnuarm~1/102020~1/bin/../lib/gcc/arm-none-eabi/10.2.1/../../../../arm-none-eabi/lib/thumb/v6-m/nofp\libg.a(lib_a-calloc.o)
                              CMakeFiles/sweep.dir/D_/Pico_Downloads/pico-sdk/src/rp2_common/pico_malloc/pico_malloc.c.obj (calloc)
c:/progra~2/gnuarm~1/102020~1/bin/../lib/gcc/arm-none-eabi/10.2.1/../../../../arm-none-eabi/lib/thumb/v6-m/nofp\libg.a(lib_a-callocr.o)
                              c:/progra~2/gnuarm~1/102020~1/bin/../lib/gcc/arm-none-eabi/10.2.1/../../../../arm-none-eabi/lib/thumb/v6-m/nofp\libg.a(lib_a-calloc.o) (_calloc_r)
c:/progra~2/gnuarm~1/102020~1/bin/../lib/gcc/arm-none-eabi/10.2.1/../../../../arm-none-eabi/lib/thumb/v6-m/nofp\libg.a(lib_a-impure.o)
                              c:/progra~2/gnuarm~1/102020~1/bin/../lib/gcc/arm-none-eabi/10.2.1/../../../../arm-none-eabi/lib/thumb/v6-m/nofp\libg.a(lib_a-calloc.o) (_impure_ptr)
c:/progra~2/gnuarm~1/102020~1/bin/../lib/gcc/arm-none-eabi/10.2.1/../../../../arm-none-eabi/lib/thumb/v6-m/nofp\libg.a(lib_a-init.o)
                              c:/progra~2/gnuarm~1/102020~1/bin/../lib/gcc/arm-none-eabi/10.2.1/../../../../arm-none-eabi/lib/thumb/v6-m/nofp/crt0.o (__libc_init_array)
c:/progra~2/gnuarm~1/102020~1/bin/../lib/gcc/arm-none-eabi/10.2.1/../../../../arm-none-eabi/lib/thumb/v6-m/nofp\libg.a(lib_a-malloc.o)
                              CMakeFiles/sweep.dir/D_/Pico_Downloads/pico-sdk/src/rp2_common/pico_malloc/pico_malloc.c.obj (malloc)
c:/progra~2/gnuarm~1/102020~1/bin/../lib/gcc/arm-none-eabi/10.2.1/../../../../arm-none-eabi/lib/thumb/v6-m/nofp\libg.a(lib_a-mallocr.o)
                              c:/progra~2/gnuarm~1/102020~1/bin/../lib/gcc/arm-none-eabi/10.2.1/../../../../arm-none-eabi/lib/thumb/v6-m/nofp\libg.a(lib_a-callocr.o) (_malloc_r)
c:/progra~2/gnuarm~1/102020~1/bin/../lib/gcc/arm-none-eabi/10.2.1/../../../../arm-none-eabi/lib/thumb/v6-m/nofp\libg.a(lib_a-mlock.o)
                              c:/progra~2/gnuarm~1/102020~1/bin/../lib/gcc/arm-none-eabi/10.2.1/../../../../arm-none-eabi/lib/thumb/v6-m/nofp\libg.a(lib_a-mallocr.o) (__malloc_lock)
c:/progra~2/gnuarm~1/102020~1/bin/../lib/gcc/arm-none-eabi/10.2.1/../../../../arm-none-eabi/lib/thumb/v6-m/nofp\libg.a(lib_a-sbrkr.o)
                              c:/progra~2/gnuarm~1/102020~1/bin/../lib/gcc/arm-none-eabi/10.2.1/../../../../arm-none-eabi/lib/thumb/v6-m/nofp\libg.a(lib_a-mallocr.o) (_sbrk_r)
c:/progra~2/gnuarm~1/102020~1/bin/../lib/gcc/arm-none-eabi/10.2.1/../../../../arm-none-eabi/lib/thumb/v6-m/nofp\libg.a(lib_a-strlen-stub.o)
                              CMakeFiles/sweep.dir/D_/Pico_Downloads/pico-sdk/src/rp2_common/pico_stdio/stdio.c.obj (strlen)
c:/progra~2/gnuarm~1/102020~1/bin/../lib/gcc/arm-none-eabi/10.2.1/../../../../arm-none-eabi/lib/thumb/v6-m/nofp\libg.a(lib_a-freer.o)
                              c:/progra~2/gnuarm~1/102020~1/bin/../lib/gcc/arm-none-eabi/10.2.1/../../../../arm-none-eabi/lib/thumb/v6-m/nofp\libg.a(lib_a-malloc.o) (_free_r)
c:/progra~2/gnuarm~1/102020~1/bin/../lib/gcc/arm-none-eabi/10.2.1/../../../../arm-none-eabi/lib/thumb/v6-m/nofp\libg.a(lib_a-lock.o)
                              c:/progra~2/gnuarm~1/102020~1/bin/../lib/gcc/arm-none-eabi/10.2.1/../../../../arm-none-eabi/lib/thumb/v6-m/nofp\libg.a(lib_a-mlock.o) (__retarget_lock_acquire_recursive)
c:/progra~2/gnuarm~1/102020~1/bin/../lib/gcc/arm-none-eabi/10.2.1/../../../../arm-none-eabi/lib/thumb/v6-m/nofp\libg.a(lib_a-reent.o)
                              c:/progra~2/gnuarm~1/102020~1/bin/../lib/gcc/arm-none-eabi/10.2.1/../../../../arm-none-eabi/lib/thumb/v6-m/nofp\libg.a(lib_a-sbrkr.o) (errno)

Discarded input sections

 .text          0x00000000        0x0 c:/progra~2/gnuarm~1/102020~1/bin/../lib/gcc/arm-none-eabi/10.2.1/thumb/v6-m/nofp/crti.o
 .data          0x00000000        0x0 c:/progra~2/gnuarm~1/102020~1/bin/../lib/gcc/arm-none-eabi/10.2.1/thumb/v6-m/nofp/crti.o
 .bss           0x00000000        0x0 c:/progra~2/gnuarm~1/102020~1/bin/../lib/gcc/arm-none-eabi/10.2.1/thumb/v6-m/nofp/crti.o
 .data          0x00000000        0x4 c:/progra~2/gnuarm~1/102020~1/bin/../lib/gcc/arm-none-eabi/10.2.1/thumb/v6-m/nofp/crtbegin.o
 .rodata        0x00000000       0x24 c:/progra~2/gnuarm~1/102020~1/bin/../lib/gcc/arm-none-eabi/10.2.1/thumb/v6-m/nofp/crtbegin.o
 .fini_array    0x00000000        0x4 c:/progra~2/gnuarm~1/102020~1/bin/../lib/gcc/arm-none-eabi/10.2.1/thumb/v6-m/nofp/crtbegin.o
 .text          0x00000000       0x80 c:/progra~2/gnuarm~1/102020~1/bin/../lib/gcc/arm-none-eabi/10.2.1/../../../../arm-none-eabi/lib/thumb/v6-m/nofp/crt0.o
[...]
Memory Configuration

Name             Origin             Length             Attributes
FLASH            0x10000000         0x00200000         xr
RAM              0x20000000         0x00040000         xrw
SCRATCH_X        0x20040000         0x00001000         xrw
SCRATCH_Y        0x20041000         0x00001000         xrw
*default*        0x00000000         0xffffffff

Linker script and memory map

LOAD c:/progra~2/gnuarm~1/102020~1/bin/../lib/gcc/arm-none-eabi/10.2.1/thumb/v6-m/nofp/crti.o
LOAD c:/progra~2/gnuarm~1/102020~1/bin/../lib/gcc/arm-none-eabi/10.2.1/thumb/v6-m/nofp/crtbegin.o
LOAD c:/progra~2/gnuarm~1/102020~1/bin/../lib/gcc/arm-none-eabi/10.2.1/../../../../arm-none-eabi/lib/thumb/v6-m/nofp/crt0.o

.flash_begin    0x10000000        0x0
                0x10000000                __flash_binary_start = .

.boot2          0x10000000      0x100
                0x10000000                __boot2_start__ = .
 *(.boot2)
 .boot2         0x10000000      0x100 C:\Users\tfkbr\AppData\Local\Temp\ccQ337SQ.o
                0x10000100                __boot2_end__ = .
                0x00000001                ASSERT (((__boot2_end__ - __boot2_start__) == 0x100), ERROR: Pico second stage bootloader must be 256 bytes in size)

.text           0x10000100     0x49f0
                0x10000100                __logical_binary_start = .
 *(.vectors)
 .vectors       0x10000100       0xd4 CMakeFiles/sweep.dir/D_/Pico_Downloads/pico-sdk/src/rp2_common/pico_standard_link/crt0.S.obj
                0x10000100                __vectors
                0x100001c0                isr_invalid
                0x100001c2                isr_nmi
                0x100001c4                isr_hardfault
                0x100001c6                isr_svcall
                0x100001c8                isr_pendsv
                0x100001ca                isr_systick
                0x100001cc                isr_irq11
                0x100001cc                isr_irq5
                0x100001cc                isr_irq23
                0x100001cc                isr_irq18
                0x100001cc                isr_irq31
                0x100001cc                isr_irq28
                0x100001cc                isr_irq19
                0x100001cc                isr_irq0
                0x100001cc                isr_irq6
                0x100001cc                isr_irq27
                0x100001cc                isr_irq12
                0x100001cc                isr_irq22
                0x100001cc                isr_irq13
                0x100001cc                isr_irq17
                0x100001cc                isr_irq14
                0x100001cc                isr_irq2
                0x100001cc                isr_irq10
                0x100001cc                isr_irq8
                0x100001cc                isr_irq24
                0x100001cc                isr_irq1
                0x100001cc                isr_irq7
                0x100001cc                isr_irq21
                0x100001cc                isr_irq20
                0x100001cc                isr_irq15
                0x100001cc                isr_irq25
                0x100001cc                __unhandled_user_irq
                0x100001cc                isr_irq4
                0x100001cc                isr_irq16
                0x100001cc                isr_irq29
                0x100001cc                isr_irq26
                0x100001cc                isr_irq3
                0x100001cc                isr_irq30
                0x100001cc                isr_irq9
                0x100001d2                unhandled_user_irq_num_in_r0
 *(.binary_info_header)
 .binary_info_header
                0x100001d4       0x14 CMakeFiles/sweep.dir/D_/Pico_Downloads/pico-sdk/src/rp2_common/pico_standard_link/crt0.S.obj
                0x100001e8                __binary_info_header_end = .
 *(.reset)
 .reset         0x100001e8       0xa8 CMakeFiles/sweep.dir/D_/Pico_Downloads/pico-sdk/src/rp2_common/pico_standard_link/crt0.S.obj
                0x100001e8                _entry_point
                0x10000266                __get_current_exception
 .reset         0x10000290       0x30 CMakeFiles/sweep.dir/D_/Pico_Downloads/pico-sdk/src/rp2_common/pico_standard_link/binary_info.c.obj
 *(.init)
 .init          0x100002c0        0x4 c:/progra~2/gnuarm~1/102020~1/bin/../lib/gcc/arm-none-eabi/10.2.1/thumb/v6-m/nofp/crti.o
                0x100002c0                _init
 *(EXCLUDE_FILE(*libm.a: *libc.a:*lib_a-mem*.o *libgcc.a:) .text*)
 .text          0x100002c4       0x48 c:/progra~2/gnuarm~1/102020~1/bin/../lib/gcc/arm-none-eabi/10.2.1/thumb/v6-m/nofp/crtbegin.o
 .text.main     0x1000030c       0x70 CMakeFiles/sweep.dir/SweepExample.c.obj
                0x1000030c                main
 .text.gpio_set_function
                0x1000037c       0x30 CMakeFiles/sweep.dir/D_/Pico_Downloads/pico-sdk/src/rp2_common/hardware_gpio/gpio.c.obj
                0x1000037c                gpio_set_function
 .text.hw_claim_lock
                0x100003ac       0x18 CMakeFiles/sweep.dir/D_/Pico_Downloads/pico-sdk/src/rp2_common/hardware_claim/claim.c.obj
                0x100003ac                hw_claim_lock
 .text.hw_claim_unlock
                0x100003c4       0x14 CMakeFiles/sweep.dir/D_/Pico_Downloads/pico-sdk/src/rp2_common/hardware_claim/claim.c.obj
                0x100003c4                hw_claim_unlock
 .text.hw_claim_or_assert
                0x100003d8       0x34 CMakeFiles/sweep.dir/D_/Pico_Downloads/pico-sdk/src/rp2_common/hardware_claim/claim.c.obj
                0x100003d8                hw_claim_or_assert
 .text.spin_locks_reset
                0x1000040c       0x20 CMakeFiles/sweep.dir/D_/Pico_Downloads/pico-sdk/src/rp2_common/hardware_sync/sync.c.obj
                0x1000040c                spin_locks_reset
 .text.next_striped_spin_lock_num
                0x1000042c       0x1c CMakeFiles/sweep.dir/D_/Pico_Downloads/pico-sdk/src/rp2_common/hardware_sync/sync.c.obj
                0x1000042c                next_striped_spin_lock_num
 .text.running_on_fpga
                0x10000448       0x14 CMakeFiles/sweep.dir/D_/Pico_Downloads/pico-sdk/src/rp2_common/pico_platform/platform.c.obj
                0x10000448                running_on_fpga
 .text.sev_callback
                0x1000045c        0x8 CMakeFiles/sweep.dir/D_/Pico_Downloads/pico-sdk/src/common/pico_time/time.c.obj
 .text.timer_pool_entry_comparator
                0x10000464       0x7c CMakeFiles/sweep.dir/D_/Pico_Downloads/pico-sdk/src/common/pico_time/time.c.obj
                0x10000464                timer_pool_entry_comparator
 .text.ph_add_child_node
                0x100004e0       0xa4 CMakeFiles/sweep.dir/D_/Pico_Downloads/pico-sdk/src/common/pico_time/time.c.obj
 .text.ph_merge_nodes
                0x10000584       0x3e CMakeFiles/sweep.dir/D_/Pico_Downloads/pico-sdk/src/common/pico_time/time.c.obj
 *fill*         0x100005c2        0x2 
 .text.add_alarm_under_lock
                0x100005c4      0x178 CMakeFiles/sweep.dir/D_/Pico_Downloads/pico-sdk/src/common/pico_time/time.c.obj
 .text.alarm_pool_alarm_callback
                0x1000073c      0x2e4 CMakeFiles/sweep.dir/D_/Pico_Downloads/pico-sdk/src/common/pico_time/time.c.obj
 .text.alarm_pool_get_default
                0x10000a20       0x28 CMakeFiles/sweep.dir/D_/Pico_Downloads/pico-sdk/src/common/pico_time/time.c.obj
                0x10000a20                alarm_pool_get_default
 .text.alarm_pool_create
                0x10000a48       0x6c CMakeFiles/sweep.dir/D_/Pico_Downloads/pico-sdk/src/common/pico_time/time.c.obj
                0x10000a48                alarm_pool_create
 .text.alarm_pool_init_default
                0x10000ab4       0x20 CMakeFiles/sweep.dir/D_/Pico_Downloads/pico-sdk/src/common/pico_time/time.c.obj
                0x10000ab4                alarm_pool_init_default
 .text.alarm_pool_add_alarm_at
                0x10000ad4      0x128 CMakeFiles/sweep.dir/D_/Pico_Downloads/pico-sdk/src/common/pico_time/time.c.obj
                0x10000ad4                alarm_pool_add_alarm_at
 .text.sleep_until
                0x10000bfc       0x94 CMakeFiles/sweep.dir/D_/Pico_Downloads/pico-sdk/src/common/pico_time/time.c.obj
                0x10000bfc                sleep_until
 .text.sleep_us
                0x10000c90       0x2c CMakeFiles/sweep.dir/D_/Pico_Downloads/pico-sdk/src/common/pico_time/time.c.obj
                0x10000c90                sleep_us
 .text.sleep_ms
                0x10000cbc       0x14 CMakeFiles/sweep.dir/D_/Pico_Downloads/pico-sdk/src/common/pico_time/time.c.obj
                0x10000cbc                sleep_ms
 .text.hardware_alarm_irq_handler
                0x10000cd0       0x8c CMakeFiles/sweep.dir/D_/Pico_Downloads/pico-sdk/src/rp2_common/hardware_timer/timer.c.obj
 .text.hardware_alarm_claim
                0x10000d5c       0x18 CMakeFiles/sweep.dir/D_/Pico_Downloads/pico-sdk/src/rp2_common/hardware_timer/timer.c.obj
                0x10000d5c                hardware_alarm_claim
 .text.time_us_64
                0x10000d74       0x18 CMakeFiles/sweep.dir/D_/Pico_Downloads/pico-sdk/src/rp2_common/hardware_timer/timer.c.obj
                0x10000d74                time_us_64
 .text.busy_wait_until
                0x10000d8c       0x28 CMakeFiles/sweep.dir/D_/Pico_Downloads/pico-sdk/src/rp2_common/hardware_timer/timer.c.obj
                0x10000d8c                busy_wait_until
 .text.hardware_alarm_set_callback
                0x10000db4       0x90 CMakeFiles/sweep.dir/D_/Pico_Downloads/pico-sdk/src/rp2_common/hardware_timer/timer.c.obj
                0x10000db4                hardware_alarm_set_callback
 .text.hardware_alarm_set_target
                0x10000e44       0xd0 CMakeFiles/sweep.dir/D_/Pico_Downloads/pico-sdk/src/rp2_common/hardware_timer/timer.c.obj
                0x10000e44                hardware_alarm_set_target
 .text.hardware_alarm_cancel
                0x10000f14       0x40 CMakeFiles/sweep.dir/D_/Pico_Downloads/pico-sdk/src/rp2_common/hardware_timer/timer.c.obj
                0x10000f14                hardware_alarm_cancel
 .text.lock_init
                0x10000f54       0x30 CMakeFiles/sweep.dir/D_/Pico_Downloads/pico-sdk/src/common/pico_sync/lock_core.c.obj
                0x10000f54                lock_init
 .text.mutex_init
                0x10000f84       0x1a CMakeFiles/sweep.dir/D_/Pico_Downloads/pico-sdk/src/common/pico_sync/mutex.c.obj
                0x10000f84                mutex_init
 *fill*         0x10000f9e        0x2 
 .text.ph_add_child_node
                0x10000fa0       0xa4 CMakeFiles/sweep.dir/D_/Pico_Downloads/pico-sdk/src/common/pico_util/pheap.c.obj
 .text.ph_merge_nodes
                0x10001044       0x3e CMakeFiles/sweep.dir/D_/Pico_Downloads/pico-sdk/src/common/pico_util/pheap.c.obj
 *fill*         0x10001082        0x2 
 .text.ph_clear
                0x10001084       0x74 CMakeFiles/sweep.dir/D_/Pico_Downloads/pico-sdk/src/common/pico_util/pheap.c.obj
                0x10001084                ph_clear
 .text.ph_create
                0x100010f8       0x2c CMakeFiles/sweep.dir/D_/Pico_Downloads/pico-sdk/src/common/pico_util/pheap.c.obj
                0x100010f8                ph_create
 .text.ph_merge_two_pass
                0x10001124       0xa8 CMakeFiles/sweep.dir/D_/Pico_Downloads/pico-sdk/src/common/pico_util/pheap.c.obj
                0x10001124                ph_merge_two_pass
 .text.ph_remove_any_head
                0x100011cc      0x108 CMakeFiles/sweep.dir/D_/Pico_Downloads/pico-sdk/src/common/pico_util/pheap.c.obj
 .text.ph_remove_head_reserve
                0x100012d4       0x14 CMakeFiles/sweep.dir/D_/Pico_Downloads/pico-sdk/src/common/pico_util/pheap.c.obj
                0x100012d4                ph_remove_head_reserve
 .text.ph_delete
                0x100012e8       0xf8 CMakeFiles/sweep.dir/D_/Pico_Downloads/pico-sdk/src/common/pico_util/pheap.c.obj
                0x100012e8                ph_delete
 .text.runtime_init
                0x100013e0       0xcc CMakeFiles/sweep.dir/D_/Pico_Downloads/pico-sdk/src/rp2_common/pico_runtime/runtime.c.obj
                0x100013e0                runtime_init
 .text._exit    0x100014ac        0x4 CMakeFiles/sweep.dir/D_/Pico_Downloads/pico-sdk/src/rp2_common/pico_runtime/runtime.c.obj
                0x100014ac                _exit
 .text._sbrk    0x100014b0       0x38 CMakeFiles/sweep.dir/D_/Pico_Downloads/pico-sdk/src/rp2_common/pico_runtime/runtime.c.obj
                0x100014b0                _sbrk
 .text.exit     0x100014e8        0x6 CMakeFiles/sweep.dir/D_/Pico_Downloads/pico-sdk/src/rp2_common/pico_runtime/runtime.c.obj
                0x100014e8                exit
 *fill*         0x100014ee        0x2 
 .text.__assert_func
                0x100014f0       0x3c CMakeFiles/sweep.dir/D_/Pico_Downloads/pico-sdk/src/rp2_common/pico_runtime/runtime.c.obj
                0x100014f0                __assert_func
 .text.panic    0x1000152c       0x30 CMakeFiles/sweep.dir/D_/Pico_Downloads/pico-sdk/src/rp2_common/pico_runtime/runtime.c.obj
                0x1000152c                panic
 .text.clock_configure
                0x1000155c       0xe8 CMakeFiles/sweep.dir/D_/Pico_Downloads/pico-sdk/src/rp2_common/hardware_clocks/clocks.c.obj
                0x1000155c                clock_configure
 .text.clocks_init
                0x10001644      0x124 CMakeFiles/sweep.dir/D_/Pico_Downloads/pico-sdk/src/rp2_common/hardware_clocks/clocks.c.obj
                0x10001644                clocks_init
 .text.clock_get_hz
                0x10001768        0xc CMakeFiles/sweep.dir/D_/Pico_Downloads/pico-sdk/src/rp2_common/hardware_clocks/clocks.c.obj
                0x10001768                clock_get_hz
 .text.watchdog_start_tick
                0x10001774       0x10 CMakeFiles/sweep.dir/D_/Pico_Downloads/pico-sdk/src/rp2_common/hardware_watchdog/watchdog.c.obj
                0x10001774                watchdog_start_tick
 .text.xosc_init
                0x10001784       0x28 CMakeFiles/sweep.dir/D_/Pico_Downloads/pico-sdk/src/rp2_common/hardware_xosc/xosc.c.obj
                0x10001784                xosc_init
 .text.pll_init
                0x100017ac       0xd4 CMakeFiles/sweep.dir/D_/Pico_Downloads/pico-sdk/src/rp2_common/hardware_pll/pll.c.obj
                0x100017ac                pll_init
 .text.set_raw_irq_handler_and_unlock
                0x10001880       0x28 CMakeFiles/sweep.dir/D_/Pico_Downloads/pico-sdk/src/rp2_common/hardware_irq/irq.c.obj
 .text.make_branch
                0x100018a8       0x34 CMakeFiles/sweep.dir/D_/Pico_Downloads/pico-sdk/src/rp2_common/hardware_irq/irq.c.obj
 .text.insert_branch_and_link
                0x100018dc       0x40 CMakeFiles/sweep.dir/D_/Pico_Downloads/pico-sdk/src/rp2_common/hardware_irq/irq.c.obj
 .text.irq_is_enabled
                0x1000191c       0x18 CMakeFiles/sweep.dir/D_/Pico_Downloads/pico-sdk/src/rp2_common/hardware_irq/irq.c.obj
                0x1000191c                irq_is_enabled
 .text.irq_set_mask_enabled
                0x10001934       0x20 CMakeFiles/sweep.dir/D_/Pico_Downloads/pico-sdk/src/rp2_common/hardware_irq/irq.c.obj
                0x10001934                irq_set_mask_enabled
 .text.irq_set_enabled
                0x10001954        0xe CMakeFiles/sweep.dir/D_/Pico_Downloads/pico-sdk/src/rp2_common/hardware_irq/irq.c.obj
                0x10001954                irq_set_enabled
 *fill*         0x10001962        0x2 
 .text.irq_get_vtable_handler
                0x10001964       0x10 CMakeFiles/sweep.dir/D_/Pico_Downloads/pico-sdk/src/rp2_common/hardware_irq/irq.c.obj
                0x10001964                irq_get_vtable_handler
 .text.irq_set_exclusive_handler
                0x10001974       0x54 CMakeFiles/sweep.dir/D_/Pico_Downloads/pico-sdk/src/rp2_common/hardware_irq/irq.c.obj
                0x10001974                irq_set_exclusive_handler
 .text.irq_remove_handler
                0x100019c8      0x1b4 CMakeFiles/sweep.dir/D_/Pico_Downloads/pico-sdk/src/rp2_common/hardware_irq/irq.c.obj
                0x100019c8                irq_remove_handler
 .text.irq_set_priority
                0x10001b7c       0x28 CMakeFiles/sweep.dir/D_/Pico_Downloads/pico-sdk/src/rp2_common/hardware_irq/irq.c.obj
                0x10001b7c                irq_set_priority
 .text.irq_add_tail_to_free_list
                0x10001ba4       0xf8 CMakeFiles/sweep.dir/D_/Pico_Downloads/pico-sdk/src/rp2_common/hardware_irq/irq.c.obj
                0x10001ba4                irq_add_tail_to_free_list
 .text.irq_init_priorities
                0x10001c9c       0x16 CMakeFiles/sweep.dir/D_/Pico_Downloads/pico-sdk/src/rp2_common/hardware_irq/irq.c.obj
                0x10001c9c                irq_init_priorities
 .text._out_null
                0x10001cb2        0x2 CMakeFiles/sweep.dir/D_/Pico_Downloads/pico-sdk/src/rp2_common/pico_printf/printf.c.obj
 .text._out_fct
                0x10001cb4        0xe CMakeFiles/sweep.dir/D_/Pico_Downloads/pico-sdk/src/rp2_common/pico_printf/printf.c.obj
 .text._atoi    0x10001cc2       0x24 CMakeFiles/sweep.dir/D_/Pico_Downloads/pico-sdk/src/rp2_common/pico_printf/printf.c.obj
 .text._out_rev
                0x10001ce6       0xae CMakeFiles/sweep.dir/D_/Pico_Downloads/pico-sdk/src/rp2_common/pico_printf/printf.c.obj
 .text._ntoa_format
                0x10001d94      0x112 CMakeFiles/sweep.dir/D_/Pico_Downloads/pico-sdk/src/rp2_common/pico_printf/printf.c.obj
 .text._ntoa_long
                0x10001ea6       0xbc CMakeFiles/sweep.dir/D_/Pico_Downloads/pico-sdk/src/rp2_common/pico_printf/printf.c.obj
 .text._ntoa_long_long
                0x10001f62       0xe2 CMakeFiles/sweep.dir/D_/Pico_Downloads/pico-sdk/src/rp2_common/pico_printf/printf.c.obj
 .text._etoa    0x10002044      0x404 CMakeFiles/sweep.dir/D_/Pico_Downloads/pico-sdk/src/rp2_common/pico_printf/printf.c.obj
 .text._ftoa    0x10002448      0x354 CMakeFiles/sweep.dir/D_/Pico_Downloads/pico-sdk/src/rp2_common/pico_printf/printf.c.obj
 .text._vsnprintf
                0x1000279c      0x624 CMakeFiles/sweep.dir/D_/Pico_Downloads/pico-sdk/src/rp2_common/pico_printf/printf.c.obj
 .text.vfctprintf
                0x10002dc0       0x20 CMakeFiles/sweep.dir/D_/Pico_Downloads/pico-sdk/src/rp2_common/pico_printf/printf.c.obj
                0x10002dc0                vfctprintf
 .text          0x10002de0       0x10 CMakeFiles/sweep.dir/D_/Pico_Downloads/pico-sdk/src/rp2_common/pico_bit_ops/bit_ops_aeabi.S.obj
 .text.rom_func_lookup
                0x10002df0       0x10 CMakeFiles/sweep.dir/D_/Pico_Downloads/pico-sdk/src/rp2_common/pico_bootrom/bootrom.c.obj
                0x10002df0                rom_func_lookup
 .text.rom_data_lookup
                0x10002e00       0x10 CMakeFiles/sweep.dir/D_/Pico_Downloads/pico-sdk/src/rp2_common/pico_bootrom/bootrom.c.obj
                0x10002e00                rom_data_lookup
 .text.rom_funcs_lookup
                0x10002e10       0x36 CMakeFiles/sweep.dir/D_/Pico_Downloads/pico-sdk/src/rp2_common/pico_bootrom/bootrom.c.obj
                0x10002e10                rom_funcs_lookup
 *fill*         0x10002e46        0x2 
 .text.__wrap___aeabi_idiv
                0x10002e48       0x58 CMakeFiles/sweep.dir/D_/Pico_Downloads/pico-sdk/src/rp2_common/pico_divider/divider.S.obj
                0x10002e48                __wrap___aeabi_idivmod
                0x10002e48                divmod_s32s32
                0x10002e48                div_s32s32
                0x10002e48                __wrap___aeabi_idiv
                0x10002e50                divmod_s32s32_unsafe
                0x10002e7c                divmod_s32s32_savestate
 .text.__wrap___aeabi_uidiv
                0x10002ea0       0x54 CMakeFiles/sweep.dir/D_/Pico_Downloads/pico-sdk/src/rp2_common/pico_divider/divider.S.obj
                0x10002ea0                __wrap___aeabi_uidiv
                0x10002ea0                __wrap___aeabi_uidivmod
                0x10002ea0                div_u32u32
                0x10002ea0                divmod_u32u32
                0x10002ea8                divmod_u32u32_unsafe
                0x10002ed0                divmod_u32u32_savestate
 .text.__wrap___aeabi_ldiv
                0x10002ef4      0x430 CMakeFiles/sweep.dir/D_/Pico_Downloads/pico-sdk/src/rp2_common/pico_divider/divider.S.obj
                0x10002ef4                div_s64s64
                0x10002ef4                divmod_s64s64
                0x10002ef4                __wrap___aeabi_ldivmod
                0x10002f2c                divmod_u64u64
                0x10002f2c                div_u64u64
                0x10002f2c                __wrap___aeabi_uldivmod
                0x10002f3c                divmod_u64u64_savestate
                0x10002f64                divmod_s64s64_unsafe
                0x10002fec                divmod_u64u64_unsafe
 .text.__wrap___aeabi_darithmetic
                0x10003324       0x54 CMakeFiles/sweep.dir/D_/Pico_Downloads/pico-sdk/src/rp2_common/pico_double/double_aeabi.S.obj
                0x10003324                __wrap___aeabi_drsub
                0x1000332a                __wrap___aeabi_dsub
                0x1000333c                __wrap___aeabi_dadd
                0x1000334e                __wrap___aeabi_ddiv
                0x10003360                __wrap___aeabi_dmul
 .text.__wrap___aeabi_cdcmple
                0x10003378       0x6c CMakeFiles/sweep.dir/D_/Pico_Downloads/pico-sdk/src/rp2_common/pico_double/double_aeabi.S.obj
                0x10003378                __wrap___aeabi_cdrcmple
                0x10003388                __wrap___aeabi_cdcmpeq
                0x10003388                __wrap___aeabi_cdcmple
 .text.__wrap___aeabi_dcmplt
                0x100033e4        0xc CMakeFiles/sweep.dir/D_/Pico_Downloads/pico-sdk/src/rp2_common/pico_double/double_aeabi.S.obj
                0x100033e4                __wrap___aeabi_dcmplt
 .text.__wrap___aeabi_dcmple
                0x100033f0       0x10 CMakeFiles/sweep.dir/D_/Pico_Downloads/pico-sdk/src/rp2_common/pico_double/double_aeabi.S.obj
                0x100033f0                __wrap___aeabi_dcmple
 .text.__wrap___aeabi_dcmpge
                0x10003400       0x10 CMakeFiles/sweep.dir/D_/Pico_Downloads/pico-sdk/src/rp2_common/pico_double/double_aeabi.S.obj
                0x10003400                __wrap___aeabi_dcmpge
 .text.__wrap___aeabi_dcmpgt
                0x10003410        0xa CMakeFiles/sweep.dir/D_/Pico_Downloads/pico-sdk/src/rp2_common/pico_double/double_aeabi.S.obj
                0x10003410                __wrap___aeabi_dcmpgt
 .text.__wrap___aeabi_dcmpun
                0x1000341a       0x1c CMakeFiles/sweep.dir/D_/Pico_Downloads/pico-sdk/src/rp2_common/pico_double/double_aeabi.S.obj
                0x1000341a                __wrap___aeabi_dcmpun
 *fill*         0x10003436        0x2 
 .text.__wrap___aeabi_i2d
                0x10003438       0x38 CMakeFiles/sweep.dir/D_/Pico_Downloads/pico-sdk/src/rp2_common/pico_double/double_aeabi.S.obj
                0x10003438                __wrap___aeabi_ui2d
                0x10003440                __wrap___aeabi_i2d
 .text.__wrap___aeabi_d2iz
                0x10003470       0x48 CMakeFiles/sweep.dir/D_/Pico_Downloads/pico-sdk/src/rp2_common/pico_double/double_aeabi.S.obj
                0x10003470                double2int_z
                0x10003470                __wrap___aeabi_d2iz
 .text.__wrap___aeabi_d2uiz
                0x100034b8       0x18 CMakeFiles/sweep.dir/D_/Pico_Downloads/pico-sdk/src/rp2_common/pico_double/double_aeabi.S.obj
                0x100034b8                __wrap___aeabi_d2uiz
                0x100034b8                double2uint
 .text.__aeabi_double_init
                0x100034d0       0xb8 CMakeFiles/sweep.dir/D_/Pico_Downloads/pico-sdk/src/rp2_common/pico_double/double_init_rom.c.obj
                0x100034d0                __aeabi_double_init
 .text.double_table_shim_on_use_helper
                0x10003588       0x34 CMakeFiles/sweep.dir/D_/Pico_Downloads/pico-sdk/src/rp2_common/pico_double/double_v1_rom_shim.S.obj
                0x10003588                double_table_shim_on_use_helper
 .text.__wrap___aeabi_dsub
                0x100035bc       0x10 CMakeFiles/sweep.dir/D_/Pico_Downloads/pico-sdk/src/rp2_common/pico_double/double_v1_rom_shim.S.obj
                0x100035bc                drsub_shim
                0x100035c2                dsub_shim
 .text.dadd_shim
                0x100035cc      0x15c CMakeFiles/sweep.dir/D_/Pico_Downloads/pico-sdk/src/rp2_common/pico_double/double_v1_rom_shim.S.obj
                0x100035cc                dadd_shim
 .text.dmul_shim
                0x10003728      0x15c CMakeFiles/sweep.dir/D_/Pico_Downloads/pico-sdk/src/rp2_common/pico_double/double_v1_rom_shim.S.obj
                0x10003728                dmul_shim
 .text.ddiv_shim
                0x10003884      0x1b0 CMakeFiles/sweep.dir/D_/Pico_Downloads/pico-sdk/src/rp2_common/pico_double/double_v1_rom_shim.S.obj
                0x10003884                ddiv_shim
 .text.dcordic_rot_step
                0x10003a34       0x7c CMakeFiles/sweep.dir/D_/Pico_Downloads/pico-sdk/src/rp2_common/pico_double/double_v1_rom_shim.S.obj
                0x10003a34                dcordic_rot_step
 .text.double2uint_shim
                0x10003ab0        0xe CMakeFiles/sweep.dir/D_/Pico_Downloads/pico-sdk/src/rp2_common/pico_double/double_v1_rom_shim.S.obj
                0x10003ab0                double2uint_shim
                0x10003ab2                double2ufix_shim
 *fill*         0x10003abe        0x2 
 .text.double2uint64_shim
                0x10003ac0       0x6c CMakeFiles/sweep.dir/D_/Pico_Downloads/pico-sdk/src/rp2_common/pico_double/double_v1_rom_shim.S.obj
                0x10003ac0                double2uint64_shim
                0x10003ac2                double2ufix64_shim
                0x10003adc                d2fix_a
 .text.dunpacks
                0x10003b2c       0x3c CMakeFiles/sweep.dir/D_/Pico_Downloads/pico-sdk/src/rp2_common/pico_double/double_v1_rom_shim.S.obj
                0x10003b2c                dunpacks
 .text.__aeabi_lmul
                0x10003b68       0x32 CMakeFiles/sweep.dir/D_/Pico_Downloads/pico-sdk/src/rp2_common/pico_int64_ops/pico_int64_ops_aeabi.S.obj
                0x10003b68                __wrap___aeabi_lmul
 *fill*         0x10003b9a        0x2 
 .text.__wrap___aeabi_farithmetic
                0x10003b9c       0x34 CMakeFiles/sweep.dir/D_/Pico_Downloads/pico-sdk/src/rp2_common/pico_float/float_aeabi.S.obj
                0x10003b9c                __wrap___aeabi_frsub
                0x10003ba2                __wrap___aeabi_fsub
                0x10003bac                __wrap___aeabi_fadd
                0x10003bb6                __wrap___aeabi_fdiv
                0x10003bc0                __wrap___aeabi_fmul
 .text.__wrap___aeabi_cfcmple
                0x10003bd0       0x50 CMakeFiles/sweep.dir/D_/Pico_Downloads/pico-sdk/src/rp2_common/pico_float/float_aeabi.S.obj
                0x10003bd0                __wrap___aeabi_cfrcmple
                0x10003bdc                __wrap___aeabi_cfcmple
                0x10003bdc                __wrap___aeabi_cfcmpeq
 .text.__wrap___aeabi_fcmplt
                0x10003c20        0xc CMakeFiles/sweep.dir/D_/Pico_Downloads/pico-sdk/src/rp2_common/pico_float/float_aeabi.S.obj
                0x10003c20                __wrap___aeabi_fcmplt
 .text.__wrap___aeabi_fcmpgt
                0x10003c2c        0xa CMakeFiles/sweep.dir/D_/Pico_Downloads/pico-sdk/src/rp2_common/pico_float/float_aeabi.S.obj
                0x10003c2c                __wrap___aeabi_fcmpgt
 .text.__wrap___aeabi_ui2f
                0x10003c36        0xa CMakeFiles/sweep.dir/D_/Pico_Downloads/pico-sdk/src/rp2_common/pico_float/float_aeabi.S.obj
                0x10003c36                __wrap___aeabi_ui2f
 .text.__wrap___aeabi_i2f
                0x10003c40       0x44 CMakeFiles/sweep.dir/D_/Pico_Downloads/pico-sdk/src/rp2_common/pico_float/float_aeabi.S.obj
                0x10003c40                __wrap___aeabi_i2f
 .text.__wrap___aeabi_f2uiz
                0x10003c84       0x10 CMakeFiles/sweep.dir/D_/Pico_Downloads/pico-sdk/src/rp2_common/pico_float/float_aeabi.S.obj
                0x10003c84                __wrap___aeabi_f2uiz
 .text.__aeabi_float_init
                0x10003c94       0xfc CMakeFiles/sweep.dir/D_/Pico_Downloads/pico-sdk/src/rp2_common/pico_float/float_init_rom.c.obj
                0x10003c94                __aeabi_float_init
 .text.float_table_shim_on_use_helper
                0x10003d90       0x34 CMakeFiles/sweep.dir/D_/Pico_Downloads/pico-sdk/src/rp2_common/pico_float/float_v1_rom_shim.S.obj
                0x10003d90                float_table_shim_on_use_helper
 .text.__wrap_malloc
                0x10003dc4        0x8 CMakeFiles/sweep.dir/D_/Pico_Downloads/pico-sdk/src/rp2_common/pico_malloc/pico_malloc.c.obj
                0x10003dc4                __wrap_malloc
 .text.__wrap_calloc
                0x10003dcc        0x8 CMakeFiles/sweep.dir/D_/Pico_Downloads/pico-sdk/src/rp2_common/pico_malloc/pico_malloc.c.obj
                0x10003dcc                __wrap_calloc
 .text          0x10003dd4       0x10 CMakeFiles/sweep.dir/D_/Pico_Downloads/pico-sdk/src/rp2_common/pico_mem_ops/mem_ops_aeabi.S.obj
                0x10003dd4                __aeabi_mem_init
 .text.memset   0x10003de4        0xc CMakeFiles/sweep.dir/D_/Pico_Downloads/pico-sdk/src/rp2_common/pico_mem_ops/mem_ops_aeabi.S.obj
                0x10003de4                __wrap_memset
 .text.memcpy   0x10003df0        0xc CMakeFiles/sweep.dir/D_/Pico_Downloads/pico-sdk/src/rp2_common/pico_mem_ops/mem_ops_aeabi.S.obj
                0x10003df0                __wrap_memcpy
                0x10003df0                __wrap___aeabi_memcpy
 .text.stdio_out_chars_crlf
                0x10003dfc       0x80 CMakeFiles/sweep.dir/D_/Pico_Downloads/pico-sdk/src/rp2_common/pico_stdio/stdio.c.obj
 .text.stdio_stack_buffer_flush
                0x10003e7c       0x44 CMakeFiles/sweep.dir/D_/Pico_Downloads/pico-sdk/src/rp2_common/pico_stdio/stdio.c.obj
 .text.stdio_buffered_printer
                0x10003ec0       0x20 CMakeFiles/sweep.dir/D_/Pico_Downloads/pico-sdk/src/rp2_common/pico_stdio/stdio.c.obj
 .text.stdout_serialize_begin
                0x10003ee0       0x2c CMakeFiles/sweep.dir/D_/Pico_Downloads/pico-sdk/src/rp2_common/pico_stdio/stdio.c.obj
                0x10003ee0                stdout_serialize_begin
 .text.stdout_serialize_end
                0x10003f0c       0x10 CMakeFiles/sweep.dir/D_/Pico_Downloads/pico-sdk/src/rp2_common/pico_stdio/stdio.c.obj
                0x10003f0c                stdout_serialize_end
 .text.stdio_put_string
                0x10003f1c       0x84 CMakeFiles/sweep.dir/D_/Pico_Downloads/pico-sdk/src/rp2_common/pico_stdio/stdio.c.obj
 .text.stdio_flush
                0x10003fa0       0x20 CMakeFiles/sweep.dir/D_/Pico_Downloads/pico-sdk/src/rp2_common/pico_stdio/stdio.c.obj
                0x10003fa0                stdio_flush
 .text.__wrap_puts
                0x10003fc0       0x1c CMakeFiles/sweep.dir/D_/Pico_Downloads/pico-sdk/src/rp2_common/pico_stdio/stdio.c.obj
                0x10003fc0                __wrap_puts
 .text.__wrap_vprintf
                0x10003fdc       0x44 CMakeFiles/sweep.dir/D_/Pico_Downloads/pico-sdk/src/rp2_common/pico_stdio/stdio.c.obj
                0x10003fdc                __wrap_vprintf
 .text.__wrap_printf
                0x10004020       0x18 CMakeFiles/sweep.dir/D_/Pico_Downloads/pico-sdk/src/rp2_common/pico_stdio/stdio.c.obj
                0x10004020                __wrap_printf
 .text.setMillis
                0x10004038       0x6c ..\servo\libpico_servo.a(servo.c.obj)
                0x10004038                setMillis
 .text.setServo
                0x100040a4       0xe4 ..\servo\libpico_servo.a(servo.c.obj)
                0x100040a4                setServo
 .text.calloc   0x10004188       0x18 c:/progra~2/gnuarm~1/102020~1/bin/../lib/gcc/arm-none-eabi/10.2.1/../../../../arm-none-eabi/lib/thumb/v6-m/nofp\libg.a(lib_a-calloc.o)
                0x10004188                calloc
 .text._calloc_r
                0x100041a0       0x5c c:/progra~2/gnuarm~1/102020~1/bin/../lib/gcc/arm-none-eabi/10.2.1/../../../../arm-none-eabi/lib/thumb/v6-m/nofp\libg.a(lib_a-callocr.o)
                0x100041a0                _calloc_r
 .text.malloc   0x100041fc       0x14 c:/progra~2/gnuarm~1/102020~1/bin/../lib/gcc/arm-none-eabi/10.2.1/../../../../arm-none-eabi/lib/thumb/v6-m/nofp\libg.a(lib_a-malloc.o)
                0x100041fc                malloc
 .text._malloc_r
                0x10004210      0x580 c:/progra~2/gnuarm~1/102020~1/bin/../lib/gcc/arm-none-eabi/10.2.1/../../../../arm-none-eabi/lib/thumb/v6-m/nofp\libg.a(lib_a-mallocr.o)
                0x10004210                _malloc_r
 .text.__malloc_lock
                0x10004790       0x10 c:/progra~2/gnuarm~1/102020~1/bin/../lib/gcc/arm-none-eabi/10.2.1/../../../../arm-none-eabi/lib/thumb/v6-m/nofp\libg.a(lib_a-mlock.o)
                0x10004790                __malloc_lock
 .text.__malloc_unlock
                0x100047a0       0x10 c:/progra~2/gnuarm~1/102020~1/bin/../lib/gcc/arm-none-eabi/10.2.1/../../../../arm-none-eabi/lib/thumb/v6-m/nofp\libg.a(lib_a-mlock.o)
                0x100047a0                __malloc_unlock
 .text._sbrk_r  0x100047b0       0x24 c:/progra~2/gnuarm~1/102020~1/bin/../lib/gcc/arm-none-eabi/10.2.1/../../../../arm-none-eabi/lib/thumb/v6-m/nofp\libg.a(lib_a-sbrkr.o)
                0x100047b0                _sbrk_r
 .text.strlen   0x100047d4       0x5c c:/progra~2/gnuarm~1/102020~1/bin/../lib/gcc/arm-none-eabi/10.2.1/../../../../arm-none-eabi/lib/thumb/v6-m/nofp\libg.a(lib_a-strlen-stub.o)
                0x100047d4                strlen
 .text._malloc_trim_r
                0x10004830       0x9c c:/progra~2/gnuarm~1/102020~1/bin/../lib/gcc/arm-none-eabi/10.2.1/../../../../arm-none-eabi/lib/thumb/v6-m/nofp\libg.a(lib_a-freer.o)
                0x10004830                _malloc_trim_r
 .text._free_r  0x100048cc      0x1c4 c:/progra~2/gnuarm~1/102020~1/bin/../lib/gcc/arm-none-eabi/10.2.1/../../../../arm-none-eabi/lib/thumb/v6-m/nofp\libg.a(lib_a-freer.o)
                0x100048cc                _free_r
 .text.__retarget_lock_acquire_recursive
                0x10004a90        0x4 c:/progra~2/gnuarm~1/102020~1/bin/../lib/gcc/arm-none-eabi/10.2.1/../../../../arm-none-eabi/lib/thumb/v6-m/nofp\libg.a(lib_a-lock.o)
                0x10004a90                __retarget_lock_acquire_recursive
 .text.__retarget_lock_release_recursive
                0x10004a94        0x4 c:/progra~2/gnuarm~1/102020~1/bin/../lib/gcc/arm-none-eabi/10.2.1/../../../../arm-none-eabi/lib/thumb/v6-m/nofp\libg.a(lib_a-lock.o)
                0x10004a94                __retarget_lock_release_recursive
 *(.fini)
 .fini          0x10004a98        0x4 c:/progra~2/gnuarm~1/102020~1/bin/../lib/gcc/arm-none-eabi/10.2.1/thumb/v6-m/nofp/crti.o
                0x10004a98                _fini
 *fill*         0x10004a9c        0x4 
 .fini.__stub   0x10004aa0       0x50 linker stubs
 *crtbegin.o(.ctors)
 *crtbegin?.o(.ctors)
 *(EXCLUDE_FILE(*crtend.o *crtend?.o) .ctors)
 *(SORT_BY_NAME(.ctors.*))
 *(.ctors)
 *crtbegin.o(.dtors)
 *crtbegin?.o(.dtors)
 *(EXCLUDE_FILE(*crtend.o *crtend?.o) .dtors)
 *(SORT_BY_NAME(.dtors.*))
 *(.dtors)
 *(.eh_frame*)
 .eh_frame      0x10004af0        0x0 c:/progra~2/gnuarm~1/102020~1/bin/../lib/gcc/arm-none-eabi/10.2.1/thumb/v6-m/nofp/crtbegin.o
                0x10004af0                . = ALIGN (0x4)

.glue_7         0x10004af0        0x0
 .glue_7        0x10004af0        0x0 linker stubs

.glue_7t        0x10004af0        0x0
 .glue_7t       0x10004af0        0x0 linker stubs

.vfp11_veneer   0x10004af0        0x0
 .vfp11_veneer  0x10004af0        0x0 linker stubs

.v4_bx          0x10004af0        0x0
 .v4_bx         0x10004af0        0x0 linker stubs

.iplt           0x10004af0        0x0
 .iplt          0x10004af0        0x0 c:/progra~2/gnuarm~1/102020~1/bin/../lib/gcc/arm-none-eabi/10.2.1/thumb/v6-m/nofp/crtbegin.o

.rodata         0x10004af0      0xd08
 *(EXCLUDE_FILE(*libm.a: *libc.a:*lib_a-mem*.o *libgcc.a:) .rodata*)
 .rodata.alarm_pool_dump_key.str1.4
                0x10004af0       0x6b CMakeFiles/sweep.dir/D_/Pico_Downloads/pico-sdk/src/common/pico_time/time.c.obj
 *fill*         0x10004b5b        0x1 
 .rodata.ph_add_child_node.str1.4
                0x10004b5c       0x8e CMakeFiles/sweep.dir/D_/Pico_Downloads/pico-sdk/src/common/pico_time/time.c.obj
 *fill*         0x10004bea        0x2 
 .rodata.add_alarm_under_lock.str1.4
                0x10004bec       0x27 CMakeFiles/sweep.dir/D_/Pico_Downloads/pico-sdk/src/common/pico_time/time.c.obj
 *fill*         0x10004c13        0x1 
 .rodata.alarm_pool_alarm_callback.str1.4
                0x10004c14       0x7d CMakeFiles/sweep.dir/D_/Pico_Downloads/pico-sdk/src/common/pico_time/time.c.obj
 *fill*         0x10004c91        0x3 
 .rodata.alarm_pool_get_default.str1.4
                0x10004c94       0x13 CMakeFiles/sweep.dir/D_/Pico_Downloads/pico-sdk/src/common/pico_time/time.c.obj
 *fill*         0x10004ca7        0x1 
 .rodata.__func__.10
                0x10004ca8       0x17 CMakeFiles/sweep.dir/D_/Pico_Downloads/pico-sdk/src/common/pico_time/time.c.obj
 *fill*         0x10004cbf        0x1 
 .rodata.__func__.2
                0x10004cc0       0x12 CMakeFiles/sweep.dir/D_/Pico_Downloads/pico-sdk/src/common/pico_time/time.c.obj
 *fill*         0x10004cd2        0x2 
 .rodata.__func__.3
                0x10004cd4       0x14 CMakeFiles/sweep.dir/D_/Pico_Downloads/pico-sdk/src/common/pico_time/time.c.obj
 .rodata.__func__.4
                0x10004ce8       0x12 CMakeFiles/sweep.dir/D_/Pico_Downloads/pico-sdk/src/common/pico_time/time.c.obj
 *fill*         0x10004cfa        0x2 
 .rodata.__func__.5
                0x10004cfc        0xa CMakeFiles/sweep.dir/D_/Pico_Downloads/pico-sdk/src/common/pico_time/time.c.obj
 *fill*         0x10004d06        0x2 
 .rodata.__func__.6
                0x10004d08        0xc CMakeFiles/sweep.dir/D_/Pico_Downloads/pico-sdk/src/common/pico_time/time.c.obj
 .rodata.__func__.7
                0x10004d14       0x15 CMakeFiles/sweep.dir/D_/Pico_Downloads/pico-sdk/src/common/pico_time/time.c.obj
 *fill*         0x10004d29        0x3 
 .rodata.__func__.8
                0x10004d2c       0x1a CMakeFiles/sweep.dir/D_/Pico_Downloads/pico-sdk/src/common/pico_time/time.c.obj
 *fill*         0x10004d46        0x2 
 .rodata.__func__.9
                0x10004d48        0xa CMakeFiles/sweep.dir/D_/Pico_Downloads/pico-sdk/src/common/pico_time/time.c.obj
 *fill*         0x10004d52        0x2 
 .rodata.hardware_alarm_claim.str1.4
                0x10004d54       0x22 CMakeFiles/sweep.dir/D_/Pico_Downloads/pico-sdk/src/rp2_common/hardware_timer/timer.c.obj
 *fill*         0x10004d76        0x2 
 .rodata.hardware_alarm_set_target.str1.4
                0x10004d78       0x65 CMakeFiles/sweep.dir/D_/Pico_Downloads/pico-sdk/src/rp2_common/hardware_timer/timer.c.obj
 *fill*         0x10004ddd        0x3 
 .rodata.__func__.0
                0x10004de0       0x1a CMakeFiles/sweep.dir/D_/Pico_Downloads/pico-sdk/src/rp2_common/hardware_timer/timer.c.obj
 *fill*         0x10004dfa        0x2 
 .rodata.lock_init.str1.4
                0x10004dfc       0x68 CMakeFiles/sweep.dir/D_/Pico_Downloads/pico-sdk/src/common/pico_sync/lock_core.c.obj
 .rodata.__func__.0
                0x10004e64        0xa CMakeFiles/sweep.dir/D_/Pico_Downloads/pico-sdk/src/common/pico_sync/lock_core.c.obj
 *fill*         0x10004e6e        0x2 
 .rodata.str1.4
                0x10004e70       0x5c CMakeFiles/sweep.dir/D_/Pico_Downloads/pico-sdk/src/common/pico_sync/mutex.c.obj
 .rodata.__func__.0
                0x10004ecc        0xb CMakeFiles/sweep.dir/D_/Pico_Downloads/pico-sdk/src/common/pico_sync/mutex.c.obj
 *fill*         0x10004ed7        0x1 
 .rodata.__func__.2
                0x10004ed8       0x15 CMakeFiles/sweep.dir/D_/Pico_Downloads/pico-sdk/src/common/pico_sync/mutex.c.obj
 .rodata.ph_add_child_node.str1.4
                0x10004eed       0x8e CMakeFiles/sweep.dir/D_/Pico_Downloads/pico-sdk/src/common/pico_util/pheap.c.obj
 *fill*         0x10004eed        0x3 
 .rodata.ph_remove_any_head.str1.4
                0x10004ef0       0x8c CMakeFiles/sweep.dir/D_/Pico_Downloads/pico-sdk/src/common/pico_util/pheap.c.obj
 .rodata.ph_delete.str1.4
                0x10004f7c       0x26 CMakeFiles/sweep.dir/D_/Pico_Downloads/pico-sdk/src/common/pico_util/pheap.c.obj
 *fill*         0x10004fa2        0x2 
 .rodata.__func__.0
                0x10004fa4        0xa CMakeFiles/sweep.dir/D_/Pico_Downloads/pico-sdk/src/common/pico_util/pheap.c.obj
 *fill*         0x10004fae        0x2 
 .rodata.__func__.1
                0x10004fb0       0x13 CMakeFiles/sweep.dir/D_/Pico_Downloads/pico-sdk/src/common/pico_util/pheap.c.obj
 *fill*         0x10004fc3        0x1 
 .rodata.__func__.2
                0x10004fc4       0x12 CMakeFiles/sweep.dir/D_/Pico_Downloads/pico-sdk/src/common/pico_util/pheap.c.obj
 *fill*         0x10004fd6        0x2 
 .rodata.__func__.3
                0x10004fd8        0xc CMakeFiles/sweep.dir/D_/Pico_Downloads/pico-sdk/src/common/pico_util/pheap.c.obj
 .rodata.__assert_func.str1.4
                0x10004fe4       0x3f CMakeFiles/sweep.dir/D_/Pico_Downloads/pico-sdk/src/rp2_common/pico_runtime/runtime.c.obj
                                 0x43 (size before relaxing)
 *fill*         0x10005023        0x1 
 .rodata.panic.str1.4
                0x10005024       0x12 CMakeFiles/sweep.dir/D_/Pico_Downloads/pico-sdk/src/rp2_common/pico_runtime/runtime.c.obj
 *fill*         0x10005036        0x2 
 .rodata.clock_configure.str1.4
                0x10005038       0x57 CMakeFiles/sweep.dir/D_/Pico_Downloads/pico-sdk/src/rp2_common/hardware_clocks/clocks.c.obj
 *fill*         0x1000508f        0x1 
 .rodata.__func__.1
                0x10005090       0x10 CMakeFiles/sweep.dir/D_/Pico_Downloads/pico-sdk/src/rp2_common/hardware_clocks/clocks.c.obj
 .rodata.pll_init.str1.4
                0x100050a0       0xdb CMakeFiles/sweep.dir/D_/Pico_Downloads/pico-sdk/src/rp2_common/hardware_pll/pll.c.obj
 *fill*         0x1000517b        0x1 
 .rodata.__func__.0
                0x1000517c        0x9 CMakeFiles/sweep.dir/D_/Pico_Downloads/pico-sdk/src/rp2_common/hardware_pll/pll.c.obj
 *fill*         0x10005185        0x3 
 .rodata.make_branch.str1.4
                0x10005188       0x4d CMakeFiles/sweep.dir/D_/Pico_Downloads/pico-sdk/src/rp2_common/hardware_irq/irq.c.obj
 *fill*         0x100051d5        0x3 
 .rodata.irq_set_exclusive_handler.str1.4
                0x100051d8       0x36 CMakeFiles/sweep.dir/D_/Pico_Downloads/pico-sdk/src/rp2_common/hardware_irq/irq.c.obj
 *fill*         0x1000520e        0x2 
 .rodata.irq_add_shared_handler.str1.4
                0x10005210       0xd9 CMakeFiles/sweep.dir/D_/Pico_Downloads/pico-sdk/src/rp2_common/hardware_irq/irq.c.obj
 *fill*         0x100052e9        0x3 
 .rodata.irq_remove_handler.str1.4
                0x100052ec       0x2a CMakeFiles/sweep.dir/D_/Pico_Downloads/pico-sdk/src/rp2_common/hardware_irq/irq.c.obj
 *fill*         0x10005316        0x2 
 .rodata.irq_add_tail_to_free_list.str1.4
                0x10005318       0x32 CMakeFiles/sweep.dir/D_/Pico_Downloads/pico-sdk/src/rp2_common/hardware_irq/irq.c.obj
                                 0x3a (size before relaxing)
 *fill*         0x1000534a        0x2 
 .rodata.__func__.0
                0x1000534c       0x1a CMakeFiles/sweep.dir/D_/Pico_Downloads/pico-sdk/src/rp2_common/hardware_irq/irq.c.obj
 *fill*         0x10005366        0x2 
 .rodata.__func__.1
                0x10005368       0x17 CMakeFiles/sweep.dir/D_/Pico_Downloads/pico-sdk/src/rp2_common/hardware_irq/irq.c.obj
 *fill*         0x1000537f        0x1 
 .rodata.__func__.2
                0x10005380       0x13 CMakeFiles/sweep.dir/D_/Pico_Downloads/pico-sdk/src/rp2_common/hardware_irq/irq.c.obj
 *fill*         0x10005393        0x1 
 .rodata.__func__.3
                0x10005394        0xc CMakeFiles/sweep.dir/D_/Pico_Downloads/pico-sdk/src/rp2_common/hardware_irq/irq.c.obj
 .rodata.__func__.4
                0x100053a0        0xf CMakeFiles/sweep.dir/D_/Pico_Downloads/pico-sdk/src/rp2_common/hardware_irq/irq.c.obj
 *fill*         0x100053af        0x1 
 .rodata.__func__.6
                0x100053b0       0x1a CMakeFiles/sweep.dir/D_/Pico_Downloads/pico-sdk/src/rp2_common/hardware_irq/irq.c.obj
 *fill*         0x100053ca        0x2 
 .rodata._ftoa.str1.4
                0x100053cc       0x15 CMakeFiles/sweep.dir/D_/Pico_Downloads/pico-sdk/src/rp2_common/pico_printf/printf.c.obj
 *fill*         0x100053e1        0x3 
 .rodata._vsnprintf
                0x100053e4      0x1e0 CMakeFiles/sweep.dir/D_/Pico_Downloads/pico-sdk/src/rp2_common/pico_printf/printf.c.obj
 *fill*         0x100055c4        0x4 
 .rodata.pow10.0
                0x100055c8       0x50 CMakeFiles/sweep.dir/D_/Pico_Downloads/pico-sdk/src/rp2_common/pico_printf/printf.c.obj
 .rodata.__aeabi_double_init.str1.4
                0x10005618       0xa8 CMakeFiles/sweep.dir/D_/Pico_Downloads/pico-sdk/src/rp2_common/pico_double/double_init_rom.c.obj
 .rodata.__func__.0
                0x100056c0       0x14 CMakeFiles/sweep.dir/D_/Pico_Downloads/pico-sdk/src/rp2_common/pico_double/double_init_rom.c.obj
 .rodata.__aeabi_float_init.str1.4
                0x100056d4       0x7a CMakeFiles/sweep.dir/D_/Pico_Downloads/pico-sdk/src/rp2_common/pico_float/float_init_rom.c.obj
                                 0x7e (size before relaxing)
 *fill*         0x1000574e        0x2 
 .rodata.__func__.0
                0x10005750       0x13 CMakeFiles/sweep.dir/D_/Pico_Downloads/pico-sdk/src/rp2_common/pico_float/float_init_rom.c.obj
 *fill*         0x10005763        0x1 
 .rodata.str1.4
                0x10005764       0x6c CMakeFiles/sweep.dir/D_/Pico_Downloads/pico-sdk/src/rp2_common/pico_standard_link/binary_info.c.obj
 .rodata.__bi_40
                0x100057d0        0xc CMakeFiles/sweep.dir/D_/Pico_Downloads/pico-sdk/src/rp2_common/pico_standard_link/binary_info.c.obj
 .rodata.__bi_65
                0x100057dc        0xc CMakeFiles/sweep.dir/D_/Pico_Downloads/pico-sdk/src/rp2_common/pico_standard_link/binary_info.c.obj
 .rodata.__bi_71
                0x100057e8        0xc CMakeFiles/sweep.dir/D_/Pico_Downloads/pico-sdk/src/rp2_common/pico_standard_link/binary_info.c.obj
 .rodata.crlf_str.1
                0x100057f4        0x2 CMakeFiles/sweep.dir/D_/Pico_Downloads/pico-sdk/src/rp2_common/pico_stdio/stdio.c.obj
                0x100057f8                . = ALIGN (0x4)
 *fill*         0x100057f6        0x2 
 *(SORT_BY_ALIGNMENT(SORT_BY_NAME(.flashdata*)))
                0x100057f8                . = ALIGN (0x4)

.rel.dyn        0x100057f8        0x0
 .rel.iplt      0x100057f8        0x0 c:/progra~2/gnuarm~1/102020~1/bin/../lib/gcc/arm-none-eabi/10.2.1/thumb/v6-m/nofp/crtbegin.o

.ARM.extab
 *(.ARM.extab* .gnu.linkonce.armextab.*)
                0x100057f8                __exidx_start = .

.ARM.exidx
 *(.ARM.exidx* .gnu.linkonce.armexidx.*)
                0x100057f8                __exidx_end = .
                0x100057f8                . = ALIGN (0x4)
                0x100057f8                __binary_info_start = .

.binary_info    0x100057f8       0x1c
 *(.binary_info.keep.*)
 .binary_info.keep.__bi_ptr18
                0x100057f8        0x4 CMakeFiles/sweep.dir/D_/Pico_Downloads/pico-sdk/src/rp2_common/pico_standard_link/binary_info.c.obj
 .binary_info.keep.__bi_ptr26
                0x100057fc        0x4 CMakeFiles/sweep.dir/D_/Pico_Downloads/pico-sdk/src/rp2_common/pico_standard_link/binary_info.c.obj
 .binary_info.keep.__bi_ptr34
                0x10005800        0x4 CMakeFiles/sweep.dir/D_/Pico_Downloads/pico-sdk/src/rp2_common/pico_standard_link/binary_info.c.obj
 .binary_info.keep.__bi_ptr40
                0x10005804        0x4 CMakeFiles/sweep.dir/D_/Pico_Downloads/pico-sdk/src/rp2_common/pico_standard_link/binary_info.c.obj
 .binary_info.keep.__bi_ptr46
                0x10005808        0x4 CMakeFiles/sweep.dir/D_/Pico_Downloads/pico-sdk/src/rp2_common/pico_standard_link/binary_info.c.obj
 .binary_info.keep.__bi_ptr65
                0x1000580c        0x4 CMakeFiles/sweep.dir/D_/Pico_Downloads/pico-sdk/src/rp2_common/pico_standard_link/binary_info.c.obj
 .binary_info.keep.__bi_ptr71
                0x10005810        0x4 CMakeFiles/sweep.dir/D_/Pico_Downloads/pico-sdk/src/rp2_common/pico_standard_link/binary_info.c.obj
 *(.binary_info.*)
                0x10005814                __binary_info_end = .
                0x10005814                . = ALIGN (0x4)
                0x10005814                __etext = .

.ram_vector_table
                0x20000000       0xc0
 *(.ram_vector_table)
 .ram_vector_table
                0x20000000       0xc0 CMakeFiles/sweep.dir/D_/Pico_Downloads/pico-sdk/src/rp2_common/pico_runtime/runtime.c.obj
                0x20000000                ram_vector_table

.data           0x200000c0      0x9dc load address 0x10005814
                0x200000c0                __data_start__ = .
 *(vtable)
 *(.time_critical*)
 .time_critical.mutex_enter_blocking
                0x200000c0       0x64 CMakeFiles/sweep.dir/D_/Pico_Downloads/pico-sdk/src/common/pico_sync/mutex.c.obj
                0x200000c0                mutex_enter_blocking
 .time_critical.mutex_try_enter
                0x20000124       0x44 CMakeFiles/sweep.dir/D_/Pico_Downloads/pico-sdk/src/common/pico_sync/mutex.c.obj
                0x20000124                mutex_try_enter
 .time_critical.mutex_exit
                0x20000168       0x4c CMakeFiles/sweep.dir/D_/Pico_Downloads/pico-sdk/src/common/pico_sync/mutex.c.obj
                0x20000168                mutex_exit
 *(.text*)
 .text          0x200001b4        0x4 c:/progra~2/gnuarm~1/102020~1/bin/../lib/gcc/arm-none-eabi/10.2.1/thumb/v6-m/nofp\libgcc.a(_dvmd_tls.o)
                0x200001b4                __aeabi_idiv0
                0x200001b4                __aeabi_ldiv0
 .text.__stub   0x200001b8       0x10 linker stubs
                0x200001c8                . = ALIGN (0x4)
 *(.rodata*)
                0x200001c8                . = ALIGN (0x4)
 *(.data*)
 .data.currentMillis
                0x200001c8        0x4 CMakeFiles/sweep.dir/SweepExample.c.obj
                0x200001c8                currentMillis
 .data.direction
                0x200001cc        0x1 CMakeFiles/sweep.dir/SweepExample.c.obj
                0x200001cc                direction
 .data.striped_spin_lock_num
                0x200001cd        0x1 CMakeFiles/sweep.dir/D_/Pico_Downloads/pico-sdk/src/rp2_common/hardware_sync/sync.c.obj
 *fill*         0x200001ce        0x2 
 .data          0x200001d0       0x48 CMakeFiles/sweep.dir/D_/Pico_Downloads/pico-sdk/src/rp2_common/hardware_irq/irq_handler_chain.S.obj
                0x200001d0                irq_handler_chain_slots
                0x20000200                irq_handler_chain_first_slot
                0x2000020a                irq_handler_chain_remove_tail
 *fill*         0x20000218        0x8 
 .data.aeabi_bits_funcs
                0x20000220       0x10 CMakeFiles/sweep.dir/D_/Pico_Downloads/pico-sdk/src/rp2_common/pico_bit_ops/bit_ops_aeabi.S.obj
                0x20000220                aeabi_bits_funcs
                0x20000230                aeabi_bits_funcs_end
 .data.aeabi_mem_funcs
                0x20000230       0x10 CMakeFiles/sweep.dir/D_/Pico_Downloads/pico-sdk/src/rp2_common/pico_mem_ops/mem_ops_aeabi.S.obj
                0x20000230                aeabi_mem_funcs
                0x20000240                aeabi_mem_funcs_end
 .data._impure_ptr
                0x20000240        0x4 c:/progra~2/gnuarm~1/102020~1/bin/../lib/gcc/arm-none-eabi/10.2.1/../../../../arm-none-eabi/lib/thumb/v6-m/nofp\libg.a(lib_a-impure.o)
                0x20000240                _impure_ptr
 *fill*         0x20000244        0x4 
 .data.impure_data
                0x20000248      0x428 c:/progra~2/gnuarm~1/102020~1/bin/../lib/gcc/arm-none-eabi/10.2.1/../../../../arm-none-eabi/lib/thumb/v6-m/nofp\libg.a(lib_a-impure.o)
 .data.__malloc_av_
                0x20000670      0x408 c:/progra~2/gnuarm~1/102020~1/bin/../lib/gcc/arm-none-eabi/10.2.1/../../../../arm-none-eabi/lib/thumb/v6-m/nofp\libg.a(lib_a-mallocr.o)
                0x20000670                __malloc_av_
 .data.__malloc_sbrk_base
                0x20000a78        0x4 c:/progra~2/gnuarm~1/102020~1/bin/../lib/gcc/arm-none-eabi/10.2.1/../../../../arm-none-eabi/lib/thumb/v6-m/nofp\libg.a(lib_a-mallocr.o)
                0x20000a78                __malloc_sbrk_base
 .data.__malloc_trim_threshold
                0x20000a7c        0x4 c:/progra~2/gnuarm~1/102020~1/bin/../lib/gcc/arm-none-eabi/10.2.1/../../../../arm-none-eabi/lib/thumb/v6-m/nofp\libg.a(lib_a-mallocr.o)
                0x20000a7c                __malloc_trim_threshold
                0x20000a80                . = ALIGN (0x4)
 *(.after_data.*)
                0x20000a80                . = ALIGN (0x4)
                0x20000a80                PROVIDE (__mutex_array_start = .)
 *(SORT_BY_NAME(.mutex_array.*))
 *(.mutex_array)
 .mutex_array   0x20000a80        0x8 CMakeFiles/sweep.dir/D_/Pico_Downloads/pico-sdk/src/rp2_common/pico_stdio/stdio.c.obj
                0x20000a88                PROVIDE (__mutex_array_end = .)
                0x20000a88                . = ALIGN (0x4)
                0x20000a88                PROVIDE (__preinit_array_start = .)
 *(SORT_BY_NAME(.preinit_array.*))
 .preinit_array.00001
                0x20000a88        0x4 CMakeFiles/sweep.dir/D_/Pico_Downloads/pico-sdk/src/rp2_common/pico_mem_ops/mem_ops_aeabi.S.obj
 .preinit_array.00010
                0x20000a8c        0x4 CMakeFiles/sweep.dir/D_/Pico_Downloads/pico-sdk/src/rp2_common/pico_bit_ops/bit_ops_aeabi.S.obj
 .preinit_array.00020
                0x20000a90        0x4 CMakeFiles/sweep.dir/D_/Pico_Downloads/pico-sdk/src/rp2_common/pico_double/double_aeabi.S.obj
 .preinit_array.00020
                0x20000a94        0x4 CMakeFiles/sweep.dir/D_/Pico_Downloads/pico-sdk/src/rp2_common/pico_float/float_aeabi.S.obj
 *(.preinit_array)
                0x20000a98                PROVIDE (__preinit_array_end = .)
                0x20000a98                . = ALIGN (0x4)
                0x20000a98                PROVIDE (__init_array_start = .)
 *(SORT_BY_NAME(.init_array.*))
 *(.init_array)
 .init_array    0x20000a98        0x4 c:/progra~2/gnuarm~1/102020~1/bin/../lib/gcc/arm-none-eabi/10.2.1/thumb/v6-m/nofp/crtbegin.o
                0x20000a9c                PROVIDE (__init_array_end = .)
                0x20000a9c                . = ALIGN (0x4)
                [!provide]                PROVIDE (__fini_array_start = .)
 *(SORT_BY_NAME(.fini_array.*))
 *(.fini_array)
                [!provide]                PROVIDE (__fini_array_end = .)
 *(.jcr)
                0x20000a9c                . = ALIGN (0x4)
                0x20000a9c                __data_end__ = .

.igot.plt       0x20000a9c        0x0 load address 0x100061f0
 .igot.plt      0x20000a9c        0x0 c:/progra~2/gnuarm~1/102020~1/bin/../lib/gcc/arm-none-eabi/10.2.1/thumb/v6-m/nofp/crtbegin.o

.uninitialized_data
                0x20000a9c        0x0 load address 0x100061f0
                0x20000a9c                . = ALIGN (0x4)
 *(.uninitialized_data*)

.scratch_x      0x20040000        0x0 load address 0x100061f0
                0x20040000                __scratch_x_start__ = .
 *(.scratch_x.*)
                0x20040000                . = ALIGN (0x4)
                0x20040000                __scratch_x_end__ = .
                0x100061f0                __scratch_x_source__ = LOADADDR (.scratch_x)

.scratch_y      0x20041000        0x0 load address 0x100061f0
                0x20041000                __scratch_y_start__ = .
 *(.scratch_y.*)
                0x20041000                . = ALIGN (0x4)
                0x20041000                __scratch_y_end__ = .
                0x100061f0                __scratch_y_source__ = LOADADDR (.scratch_y)

.bss            0x20000a9c      0x2cc
                0x20000a9c                . = ALIGN (0x4)
                0x20000a9c                __bss_start__ = .
 *(SORT_BY_ALIGNMENT(SORT_BY_NAME(.bss*)))
 .bss           0x20000a9c       0x1c c:/progra~2/gnuarm~1/102020~1/bin/../lib/gcc/arm-none-eabi/10.2.1/thumb/v6-m/nofp/crtbegin.o
 .bss.__lock___malloc_recursive_mutex
                0x20000ab8        0x1 c:/progra~2/gnuarm~1/102020~1/bin/../lib/gcc/arm-none-eabi/10.2.1/../../../../arm-none-eabi/lib/thumb/v6-m/nofp\libg.a(lib_a-lock.o)
                0x20000ab8                __lock___malloc_recursive_mutex
 *fill*         0x20000ab9        0x3 
 .bss.__malloc_current_mallinfo
                0x20000abc       0x28 c:/progra~2/gnuarm~1/102020~1/bin/../lib/gcc/arm-none-eabi/10.2.1/../../../../arm-none-eabi/lib/thumb/v6-m/nofp\libg.a(lib_a-mallocr.o)
                0x20000abc                __malloc_current_mallinfo
 .bss.__malloc_max_sbrked_mem
                0x20000ae4        0x4 c:/progra~2/gnuarm~1/102020~1/bin/../lib/gcc/arm-none-eabi/10.2.1/../../../../arm-none-eabi/lib/thumb/v6-m/nofp\libg.a(lib_a-mallocr.o)
                0x20000ae4                __malloc_max_sbrked_mem
 .bss.__malloc_max_total_mem
                0x20000ae8        0x4 c:/progra~2/gnuarm~1/102020~1/bin/../lib/gcc/arm-none-eabi/10.2.1/../../../../arm-none-eabi/lib/thumb/v6-m/nofp\libg.a(lib_a-mallocr.o)
                0x20000ae8                __malloc_max_total_mem
 .bss.__malloc_top_pad
                0x20000aec        0x4 c:/progra~2/gnuarm~1/102020~1/bin/../lib/gcc/arm-none-eabi/10.2.1/../../../../arm-none-eabi/lib/thumb/v6-m/nofp\libg.a(lib_a-mallocr.o)
                0x20000aec                __malloc_top_pad
 .bss.alarm_callbacks
                0x20000af0       0x10 CMakeFiles/sweep.dir/D_/Pico_Downloads/pico-sdk/src/rp2_common/hardware_timer/timer.c.obj
 .bss.configured_freq
                0x20000b00       0x28 CMakeFiles/sweep.dir/D_/Pico_Downloads/pico-sdk/src/rp2_common/hardware_clocks/clocks.c.obj
 .bss.default_alarm_pool
                0x20000b28        0x4 CMakeFiles/sweep.dir/D_/Pico_Downloads/pico-sdk/src/common/pico_time/time.c.obj
 .bss.drivers   0x20000b2c        0x4 CMakeFiles/sweep.dir/D_/Pico_Downloads/pico-sdk/src/rp2_common/pico_stdio/stdio.c.obj
 .bss.errno     0x20000b30        0x4 c:/progra~2/gnuarm~1/102020~1/bin/../lib/gcc/arm-none-eabi/10.2.1/../../../../arm-none-eabi/lib/thumb/v6-m/nofp\libg.a(lib_a-reent.o)
                0x20000b30                errno
 .bss.filter    0x20000b34        0x4 CMakeFiles/sweep.dir/D_/Pico_Downloads/pico-sdk/src/rp2_common/pico_stdio/stdio.c.obj
 .bss.heap_end.0
                0x20000b38        0x4 CMakeFiles/sweep.dir/D_/Pico_Downloads/pico-sdk/src/rp2_common/pico_runtime/runtime.c.obj
 .bss.pools     0x20000b3c       0x10 CMakeFiles/sweep.dir/D_/Pico_Downloads/pico-sdk/src/common/pico_time/time.c.obj
 .bss.sd_table  0x20000b4c      0x100 CMakeFiles/sweep.dir/D_/Pico_Downloads/pico-sdk/src/rp2_common/pico_double/double_init_rom.c.obj
                0x20000b4c                sd_table
 .bss.servoPin  0x20000c4c        0x4 CMakeFiles/sweep.dir/SweepExample.c.obj
                0x20000c4c                servoPin
 .bss.sf_clz_func
                0x20000c50        0x4 CMakeFiles/sweep.dir/D_/Pico_Downloads/pico-sdk/src/rp2_common/pico_float/float_init_rom.c.obj
                0x20000c50                sf_clz_func
 .bss.sf_table  0x20000c54      0x100 CMakeFiles/sweep.dir/D_/Pico_Downloads/pico-sdk/src/rp2_common/pico_float/float_init_rom.c.obj
                0x20000c54                sf_table
 .bss.target_hi
                0x20000d54       0x10 CMakeFiles/sweep.dir/D_/Pico_Downloads/pico-sdk/src/rp2_common/hardware_timer/timer.c.obj
 .bss.claimed   0x20000d64        0x1 CMakeFiles/sweep.dir/D_/Pico_Downloads/pico-sdk/src/rp2_common/hardware_timer/timer.c.obj
 .bss.irq_hander_chain_free_slot_head
                0x20000d65        0x1 CMakeFiles/sweep.dir/D_/Pico_Downloads/pico-sdk/src/rp2_common/hardware_irq/irq.c.obj
 .bss.timer_callbacks_pending
                0x20000d66        0x1 CMakeFiles/sweep.dir/D_/Pico_Downloads/pico-sdk/src/rp2_common/hardware_timer/timer.c.obj
 *(COMMON)
                0x20000d68                . = ALIGN (0x4)
 *fill*         0x20000d67        0x1 
                0x20000d68                __bss_end__ = .

.heap           0x20000d68      0x800
                0x20000d68                __end__ = .
                0x20000d68                end = __end__
 *(.heap*)
 .heap          0x20000d68      0x800 CMakeFiles/sweep.dir/D_/Pico_Downloads/pico-sdk/src/rp2_common/pico_standard_link/crt0.S.obj
                0x20001568                __HeapLimit = .

.stack1_dummy   0x20040000        0x0
 *(.stack1*)

.stack_dummy    0x20041000      0x800
 *(.stack*)
 .stack         0x20041000      0x800 CMakeFiles/sweep.dir/D_/Pico_Downloads/pico-sdk/src/rp2_common/pico_standard_link/crt0.S.obj

.flash_end      0x100061f0        0x0
                0x100061f0                __flash_binary_end = .
                0x20040000                __StackLimit = (ORIGIN (RAM) + LENGTH (RAM))
                0x20041000                __StackOneTop = (ORIGIN (SCRATCH_X) + LENGTH (SCRATCH_X))
                0x20042000                __StackTop = (ORIGIN (SCRATCH_Y) + LENGTH (SCRATCH_Y))
                0x20041000                __StackOneBottom = (__StackOneTop - SIZEOF (.stack1_dummy))
                0x20041800                __StackBottom = (__StackTop - SIZEOF (.stack_dummy))
                0x20042000                PROVIDE (__stack = __StackTop)
                0x00000001                ASSERT ((__StackLimit >= __HeapLimit), region RAM overflowed)
                0x00000001                ASSERT (((__binary_info_header_end - __logical_binary_start) <= 0x100), Binary info must be in first 256 bytes of the binary)
LOAD CMakeFiles/sweep.dir/SweepExample.c.obj
LOAD CMakeFiles/sweep.dir/D_/Pico_Downloads/pico-sdk/src/rp2_common/pico_stdlib/stdlib.c.obj
LOAD CMakeFiles/sweep.dir/D_/Pico_Downloads/pico-sdk/src/rp2_common/hardware_gpio/gpio.c.obj
LOAD CMakeFiles/sweep.dir/D_/Pico_Downloads/pico-sdk/src/rp2_common/hardware_claim/claim.c.obj
LOAD CMakeFiles/sweep.dir/D_/Pico_Downloads/pico-sdk/src/rp2_common/hardware_sync/sync.c.obj
LOAD CMakeFiles/sweep.dir/D_/Pico_Downloads/pico-sdk/src/rp2_common/pico_platform/platform.c.obj
LOAD CMakeFiles/sweep.dir/D_/Pico_Downloads/pico-sdk/src/rp2_common/hardware_uart/uart.c.obj
LOAD CMakeFiles/sweep.dir/D_/Pico_Downloads/pico-sdk/src/rp2_common/hardware_divider/divider.S.obj
LOAD CMakeFiles/sweep.dir/D_/Pico_Downloads/pico-sdk/src/common/pico_time/time.c.obj
LOAD CMakeFiles/sweep.dir/D_/Pico_Downloads/pico-sdk/src/common/pico_time/timeout_helper.c.obj
LOAD CMakeFiles/sweep.dir/D_/Pico_Downloads/pico-sdk/src/rp2_common/hardware_timer/timer.c.obj
LOAD CMakeFiles/sweep.dir/D_/Pico_Downloads/pico-sdk/src/common/pico_sync/sem.c.obj
LOAD CMakeFiles/sweep.dir/D_/Pico_Downloads/pico-sdk/src/common/pico_sync/lock_core.c.obj
LOAD CMakeFiles/sweep.dir/D_/Pico_Downloads/pico-sdk/src/common/pico_sync/mutex.c.obj
LOAD CMakeFiles/sweep.dir/D_/Pico_Downloads/pico-sdk/src/common/pico_sync/critical_section.c.obj
LOAD CMakeFiles/sweep.dir/D_/Pico_Downloads/pico-sdk/src/common/pico_util/datetime.c.obj
LOAD CMakeFiles/sweep.dir/D_/Pico_Downloads/pico-sdk/src/common/pico_util/pheap.c.obj
LOAD CMakeFiles/sweep.dir/D_/Pico_Downloads/pico-sdk/src/common/pico_util/queue.c.obj
LOAD CMakeFiles/sweep.dir/D_/Pico_Downloads/pico-sdk/src/rp2_common/pico_runtime/runtime.c.obj
LOAD CMakeFiles/sweep.dir/D_/Pico_Downloads/pico-sdk/src/rp2_common/hardware_clocks/clocks.c.obj
LOAD CMakeFiles/sweep.dir/D_/Pico_Downloads/pico-sdk/src/rp2_common/hardware_watchdog/watchdog.c.obj
LOAD CMakeFiles/sweep.dir/D_/Pico_Downloads/pico-sdk/src/rp2_common/hardware_xosc/xosc.c.obj
LOAD CMakeFiles/sweep.dir/D_/Pico_Downloads/pico-sdk/src/rp2_common/hardware_pll/pll.c.obj
LOAD CMakeFiles/sweep.dir/D_/Pico_Downloads/pico-sdk/src/rp2_common/hardware_vreg/vreg.c.obj
LOAD CMakeFiles/sweep.dir/D_/Pico_Downloads/pico-sdk/src/rp2_common/hardware_irq/irq.c.obj
LOAD CMakeFiles/sweep.dir/D_/Pico_Downloads/pico-sdk/src/rp2_common/hardware_irq/irq_handler_chain.S.obj
LOAD CMakeFiles/sweep.dir/D_/Pico_Downloads/pico-sdk/src/rp2_common/pico_printf/printf.c.obj
LOAD CMakeFiles/sweep.dir/D_/Pico_Downloads/pico-sdk/src/rp2_common/pico_bit_ops/bit_ops_aeabi.S.obj
LOAD CMakeFiles/sweep.dir/D_/Pico_Downloads/pico-sdk/src/rp2_common/pico_bootrom/bootrom.c.obj
LOAD CMakeFiles/sweep.dir/D_/Pico_Downloads/pico-sdk/src/rp2_common/pico_divider/divider.S.obj
LOAD CMakeFiles/sweep.dir/D_/Pico_Downloads/pico-sdk/src/rp2_common/pico_double/double_aeabi.S.obj
LOAD CMakeFiles/sweep.dir/D_/Pico_Downloads/pico-sdk/src/rp2_common/pico_double/double_init_rom.c.obj
LOAD CMakeFiles/sweep.dir/D_/Pico_Downloads/pico-sdk/src/rp2_common/pico_double/double_math.c.obj
LOAD CMakeFiles/sweep.dir/D_/Pico_Downloads/pico-sdk/src/rp2_common/pico_double/double_v1_rom_shim.S.obj
LOAD CMakeFiles/sweep.dir/D_/Pico_Downloads/pico-sdk/src/rp2_common/pico_int64_ops/pico_int64_ops_aeabi.S.obj
LOAD CMakeFiles/sweep.dir/D_/Pico_Downloads/pico-sdk/src/rp2_common/pico_float/float_aeabi.S.obj
LOAD CMakeFiles/sweep.dir/D_/Pico_Downloads/pico-sdk/src/rp2_common/pico_float/float_init_rom.c.obj
LOAD CMakeFiles/sweep.dir/D_/Pico_Downloads/pico-sdk/src/rp2_common/pico_float/float_math.c.obj
LOAD CMakeFiles/sweep.dir/D_/Pico_Downloads/pico-sdk/src/rp2_common/pico_float/float_v1_rom_shim.S.obj
LOAD CMakeFiles/sweep.dir/D_/Pico_Downloads/pico-sdk/src/rp2_common/pico_malloc/pico_malloc.c.obj
LOAD CMakeFiles/sweep.dir/D_/Pico_Downloads/pico-sdk/src/rp2_common/pico_mem_ops/mem_ops_aeabi.S.obj
LOAD CMakeFiles/sweep.dir/D_/Pico_Downloads/pico-sdk/src/rp2_common/pico_standard_link/crt0.S.obj
LOAD CMakeFiles/sweep.dir/D_/Pico_Downloads/pico-sdk/src/rp2_common/pico_standard_link/new_delete.cpp.obj
LOAD CMakeFiles/sweep.dir/D_/Pico_Downloads/pico-sdk/src/rp2_common/pico_standard_link/binary_info.c.obj
LOAD CMakeFiles/sweep.dir/D_/Pico_Downloads/pico-sdk/src/rp2_common/pico_stdio/stdio.c.obj
LOAD CMakeFiles/sweep.dir/D_/Pico_Downloads/pico-sdk/src/rp2_common/pico_stdio_uart/stdio_uart.c.obj
LOAD ..\servo\libpico_servo.a
LOAD C:\Users\tfkbr\AppData\Local\Temp\ccQ337SQ.o
LOAD c:/progra~2/gnuarm~1/102020~1/bin/../lib/gcc/arm-none-eabi/10.2.1/../../../../arm-none-eabi/lib/thumb/v6-m/nofp\libstdc++.a
LOAD c:/progra~2/gnuarm~1/102020~1/bin/../lib/gcc/arm-none-eabi/10.2.1/../../../../arm-none-eabi/lib/thumb/v6-m/nofp\libm.a
START GROUP
LOAD c:/progra~2/gnuarm~1/102020~1/bin/../lib/gcc/arm-none-eabi/10.2.1/thumb/v6-m/nofp\libgcc.a
LOAD c:/progra~2/gnuarm~1/102020~1/bin/../lib/gcc/arm-none-eabi/10.2.1/../../../../arm-none-eabi/lib/thumb/v6-m/nofp\libg.a
LOAD c:/progra~2/gnuarm~1/102020~1/bin/../lib/gcc/arm-none-eabi/10.2.1/../../../../arm-none-eabi/lib/thumb/v6-m/nofp\libc.a
END GROUP
START GROUP
LOAD c:/progra~2/gnuarm~1/102020~1/bin/../lib/gcc/arm-none-eabi/10.2.1/thumb/v6-m/nofp\libgcc.a
LOAD c:/progra~2/gnuarm~1/102020~1/bin/../lib/gcc/arm-none-eabi/10.2.1/../../../../arm-none-eabi/lib/thumb/v6-m/nofp\libc.a
LOAD c:/progra~2/gnuarm~1/102020~1/bin/../lib/gcc/arm-none-eabi/10.2.1/../../../../arm-none-eabi/lib/thumb/v6-m/nofp\libnosys.a
END GROUP
LOAD c:/progra~2/gnuarm~1/102020~1/bin/../lib/gcc/arm-none-eabi/10.2.1/thumb/v6-m/nofp/crtend.o
LOAD c:/progra~2/gnuarm~1/102020~1/bin/../lib/gcc/arm-none-eabi/10.2.1/thumb/v6-m/nofp/crtn.o
OUTPUT(sweep.elf elf32-littlearm)
LOAD linker stubs

.ARM.attributes
                0x00000000       0x28
 .ARM.attributes
                0x00000000       0x1e c:/progra~2/gnuarm~1/102020~1/bin/../lib/gcc/arm-none-eabi/10.2.1/thumb/v6-m/nofp/crti.o
 .ARM.attributes
                0x0000001e       0x2c c:/progra~2/gnuarm~1/102020~1/bin/../lib/gcc/arm-none-eabi/10.2.1/thumb/v6-m/nofp/crtbegin.o
 .ARM.attributes
                0x0000004a       0x2b CMakeFiles/sweep.dir/SweepExample.c.obj
 .ARM.attributes
                0x00000075       0x2b CMakeFiles/sweep.dir/D_/Pico_Downloads/pico-sdk/src/rp2_common/hardware_gpio/gpio.c.obj
 .ARM.attributes
                0x000000a0       0x2b CMakeFiles/sweep.dir/D_/Pico_Downloads/pico-sdk/src/rp2_common/hardware_claim/claim.c.obj
 .ARM.attributes
                0x000000cb       0x2b CMakeFiles/sweep.dir/D_/Pico_Downloads/pico-sdk/src/rp2_common/hardware_sync/sync.c.obj
 .ARM.attributes
                0x000000f6       0x2b CMakeFiles/sweep.dir/D_/Pico_Downloads/pico-sdk/src/rp2_common/pico_platform/platform.c.obj
 .ARM.attributes
                0x00000121       0x2b CMakeFiles/sweep.dir/D_/Pico_Downloads/pico-sdk/src/common/pico_time/time.c.obj
 .ARM.attributes
                0x0000014c       0x2b CMakeFiles/sweep.dir/D_/Pico_Downloads/pico-sdk/src/rp2_common/hardware_timer/timer.c.obj
 .ARM.attributes
                0x00000177       0x2b CMakeFiles/sweep.dir/D_/Pico_Downloads/pico-sdk/src/common/pico_sync/lock_core.c.obj
 .ARM.attributes
                0x000001a2       0x2b CMakeFiles/sweep.dir/D_/Pico_Downloads/pico-sdk/src/common/pico_sync/mutex.c.obj
 .ARM.attributes
                0x000001cd       0x2b CMakeFiles/sweep.dir/D_/Pico_Downloads/pico-sdk/src/common/pico_util/pheap.c.obj
 .ARM.attributes
                0x000001f8       0x2b CMakeFiles/sweep.dir/D_/Pico_Downloads/pico-sdk/src/rp2_common/pico_runtime/runtime.c.obj
 .ARM.attributes
                0x00000223       0x2b CMakeFiles/sweep.dir/D_/Pico_Downloads/pico-sdk/src/rp2_common/hardware_clocks/clocks.c.obj
 .ARM.attributes
                0x0000024e       0x2b CMakeFiles/sweep.dir/D_/Pico_Downloads/pico-sdk/src/rp2_common/hardware_watchdog/watchdog.c.obj
 .ARM.attributes
                0x00000279       0x2b CMakeFiles/sweep.dir/D_/Pico_Downloads/pico-sdk/src/rp2_common/hardware_xosc/xosc.c.obj
 .ARM.attributes
                0x000002a4       0x2b CMakeFiles/sweep.dir/D_/Pico_Downloads/pico-sdk/src/rp2_common/hardware_pll/pll.c.obj
 .ARM.attributes
                0x000002cf       0x2b CMakeFiles/sweep.dir/D_/Pico_Downloads/pico-sdk/src/rp2_common/hardware_irq/irq.c.obj
 .ARM.attributes
                0x000002fa       0x22 CMakeFiles/sweep.dir/D_/Pico_Downloads/pico-sdk/src/rp2_common/hardware_irq/irq_handler_chain.S.obj
 .ARM.attributes
                0x0000031c       0x2b CMakeFiles/sweep.dir/D_/Pico_Downloads/pico-sdk/src/rp2_common/pico_printf/printf.c.obj
 .ARM.attributes
                0x00000347       0x22 CMakeFiles/sweep.dir/D_/Pico_Downloads/pico-sdk/src/rp2_common/pico_bit_ops/bit_ops_aeabi.S.obj
 .ARM.attributes
                0x00000369       0x2b CMakeFiles/sweep.dir/D_/Pico_Downloads/pico-sdk/src/rp2_common/pico_bootrom/bootrom.c.obj
 .ARM.attributes
                0x00000394       0x22 CMakeFiles/sweep.dir/D_/Pico_Downloads/pico-sdk/src/rp2_common/pico_divider/divider.S.obj
 .ARM.attributes
                0x000003b6       0x22 CMakeFiles/sweep.dir/D_/Pico_Downloads/pico-sdk/src/rp2_common/pico_double/double_aeabi.S.obj
 .ARM.attributes
                0x000003d8       0x2b CMakeFiles/sweep.dir/D_/Pico_Downloads/pico-sdk/src/rp2_common/pico_double/double_init_rom.c.obj
 .ARM.attributes
                0x00000403       0x22 CMakeFiles/sweep.dir/D_/Pico_Downloads/pico-sdk/src/rp2_common/pico_double/double_v1_rom_shim.S.obj
 .ARM.attributes
                0x00000425       0x22 CMakeFiles/sweep.dir/D_/Pico_Downloads/pico-sdk/src/rp2_common/pico_int64_ops/pico_int64_ops_aeabi.S.obj
 .ARM.attributes
                0x00000447       0x22 CMakeFiles/sweep.dir/D_/Pico_Downloads/pico-sdk/src/rp2_common/pico_float/float_aeabi.S.obj
 .ARM.attributes
                0x00000469       0x2b CMakeFiles/sweep.dir/D_/Pico_Downloads/pico-sdk/src/rp2_common/pico_float/float_init_rom.c.obj
 .ARM.attributes
                0x00000494       0x22 CMakeFiles/sweep.dir/D_/Pico_Downloads/pico-sdk/src/rp2_common/pico_float/float_v1_rom_shim.S.obj
 .ARM.attributes
                0x000004b6       0x2b CMakeFiles/sweep.dir/D_/Pico_Downloads/pico-sdk/src/rp2_common/pico_malloc/pico_malloc.c.obj
 .ARM.attributes
                0x000004e1       0x22 CMakeFiles/sweep.dir/D_/Pico_Downloads/pico-sdk/src/rp2_common/pico_mem_ops/mem_ops_aeabi.S.obj
 .ARM.attributes
                0x00000503       0x22 CMakeFiles/sweep.dir/D_/Pico_Downloads/pico-sdk/src/rp2_common/pico_standard_link/crt0.S.obj
 .ARM.attributes
                0x00000525       0x32 CMakeFiles/sweep.dir/D_/Pico_Downloads/pico-sdk/src/rp2_common/pico_standard_link/binary_info.c.obj
 .ARM.attributes
                0x00000557       0x2b CMakeFiles/sweep.dir/D_/Pico_Downloads/pico-sdk/src/rp2_common/pico_stdio/stdio.c.obj
 .ARM.attributes
                0x00000582       0x2b ..\servo\libpico_servo.a(servo.c.obj)
 .ARM.attributes
                0x000005ad       0x22 C:\Users\tfkbr\AppData\Local\Temp\ccQ337SQ.o
 .ARM.attributes
                0x000005cf       0x1e c:/progra~2/gnuarm~1/102020~1/bin/../lib/gcc/arm-none-eabi/10.2.1/thumb/v6-m/nofp\libgcc.a(_dvmd_tls.o)
 .ARM.attributes
                0x000005ed       0x2c c:/progra~2/gnuarm~1/102020~1/bin/../lib/gcc/arm-none-eabi/10.2.1/../../../../arm-none-eabi/lib/thumb/v6-m/nofp\libg.a(lib_a-calloc.o)
 .ARM.attributes
                0x00000619       0x2c c:/progra~2/gnuarm~1/102020~1/bin/../lib/gcc/arm-none-eabi/10.2.1/../../../../arm-none-eabi/lib/thumb/v6-m/nofp\libg.a(lib_a-callocr.o)
 .ARM.attributes
                0x00000645       0x2c c:/progra~2/gnuarm~1/102020~1/bin/../lib/gcc/arm-none-eabi/10.2.1/../../../../arm-none-eabi/lib/thumb/v6-m/nofp\libg.a(lib_a-impure.o)
 .ARM.attributes
                0x00000671       0x2c c:/progra~2/gnuarm~1/102020~1/bin/../lib/gcc/arm-none-eabi/10.2.1/../../../../arm-none-eabi/lib/thumb/v6-m/nofp\libg.a(lib_a-malloc.o)
 .ARM.attributes
                0x0000069d       0x2c c:/progra~2/gnuarm~1/102020~1/bin/../lib/gcc/arm-none-eabi/10.2.1/../../../../arm-none-eabi/lib/thumb/v6-m/nofp\libg.a(lib_a-mallocr.o)
 .ARM.attributes
                0x000006c9       0x2c c:/progra~2/gnuarm~1/102020~1/bin/../lib/gcc/arm-none-eabi/10.2.1/../../../../arm-none-eabi/lib/thumb/v6-m/nofp\libg.a(lib_a-mlock.o)
 .ARM.attributes
                0x000006f5       0x2c c:/progra~2/gnuarm~1/102020~1/bin/../lib/gcc/arm-none-eabi/10.2.1/../../../../arm-none-eabi/lib/thumb/v6-m/nofp\libg.a(lib_a-sbrkr.o)
 .ARM.attributes
                0x00000721       0x2c c:/progra~2/gnuarm~1/102020~1/bin/../lib/gcc/arm-none-eabi/10.2.1/../../../../arm-none-eabi/lib/thumb/v6-m/nofp\libg.a(lib_a-strlen-stub.o)
 .ARM.attributes
                0x0000074d       0x2c c:/progra~2/gnuarm~1/102020~1/bin/../lib/gcc/arm-none-eabi/10.2.1/../../../../arm-none-eabi/lib/thumb/v6-m/nofp\libg.a(lib_a-freer.o)
 .ARM.attributes
                0x00000779       0x2c c:/progra~2/gnuarm~1/102020~1/bin/../lib/gcc/arm-none-eabi/10.2.1/../../../../arm-none-eabi/lib/thumb/v6-m/nofp\libg.a(lib_a-lock.o)
 .ARM.attributes
                0x000007a5       0x2c c:/progra~2/gnuarm~1/102020~1/bin/../lib/gcc/arm-none-eabi/10.2.1/../../../../arm-none-eabi/lib/thumb/v6-m/nofp\libg.a(lib_a-reent.o)

.comment        0x00000000       0x4d
 .comment       0x00000000       0x4d CMakeFiles/sweep.dir/SweepExample.c.obj
                                 0x4e (size before relaxing)
 .comment       0x0000004d       0x4e CMakeFiles/sweep.dir/D_/Pico_Downloads/pico-sdk/src/rp2_common/hardware_gpio/gpio.c.obj
 .comment       0x0000004d       0x4e CMakeFiles/sweep.dir/D_/Pico_Downloads/pico-sdk/src/rp2_common/hardware_claim/claim.c.obj
 .comment       0x0000004d       0x4e CMakeFiles/sweep.dir/D_/Pico_Downloads/pico-sdk/src/rp2_common/hardware_sync/sync.c.obj
 .comment       0x0000004d       0x4e CMakeFiles/sweep.dir/D_/Pico_Downloads/pico-sdk/src/rp2_common/pico_platform/platform.c.obj
 .comment       0x0000004d       0x4e CMakeFiles/sweep.dir/D_/Pico_Downloads/pico-sdk/src/common/pico_time/time.c.obj
 .comment       0x0000004d       0x4e CMakeFiles/sweep.dir/D_/Pico_Downloads/pico-sdk/src/rp2_common/hardware_timer/timer.c.obj
 .comment       0x0000004d       0x4e CMakeFiles/sweep.dir/D_/Pico_Downloads/pico-sdk/src/common/pico_sync/lock_core.c.obj
 .comment       0x0000004d       0x4e CMakeFiles/sweep.dir/D_/Pico_Downloads/pico-sdk/src/common/pico_sync/mutex.c.obj
 .comment       0x0000004d       0x4e CMakeFiles/sweep.dir/D_/Pico_Downloads/pico-sdk/src/common/pico_util/pheap.c.obj
 .comment       0x0000004d       0x4e CMakeFiles/sweep.dir/D_/Pico_Downloads/pico-sdk/src/rp2_common/pico_runtime/runtime.c.obj
 .comment       0x0000004d       0x4e CMakeFiles/sweep.dir/D_/Pico_Downloads/pico-sdk/src/rp2_common/hardware_clocks/clocks.c.obj
 .comment       0x0000004d       0x4e CMakeFiles/sweep.dir/D_/Pico_Downloads/pico-sdk/src/rp2_common/hardware_watchdog/watchdog.c.obj
 .comment       0x0000004d       0x4e CMakeFiles/sweep.dir/D_/Pico_Downloads/pico-sdk/src/rp2_common/hardware_xosc/xosc.c.obj
 .comment       0x0000004d       0x4e CMakeFiles/sweep.dir/D_/Pico_Downloads/pico-sdk/src/rp2_common/hardware_pll/pll.c.obj
 .comment       0x0000004d       0x4e CMakeFiles/sweep.dir/D_/Pico_Downloads/pico-sdk/src/rp2_common/hardware_irq/irq.c.obj
 .comment       0x0000004d       0x4e CMakeFiles/sweep.dir/D_/Pico_Downloads/pico-sdk/src/rp2_common/pico_printf/printf.c.obj
 .comment       0x0000004d       0x4e CMakeFiles/sweep.dir/D_/Pico_Downloads/pico-sdk/src/rp2_common/pico_bootrom/bootrom.c.obj
 .comment       0x0000004d       0x4e CMakeFiles/sweep.dir/D_/Pico_Downloads/pico-sdk/src/rp2_common/pico_double/double_init_rom.c.obj
 .comment       0x0000004d       0x4e CMakeFiles/sweep.dir/D_/Pico_Downloads/pico-sdk/src/rp2_common/pico_float/float_init_rom.c.obj
 .comment       0x0000004d       0x4e CMakeFiles/sweep.dir/D_/Pico_Downloads/pico-sdk/src/rp2_common/pico_malloc/pico_malloc.c.obj
 .comment       0x0000004d       0x4e CMakeFiles/sweep.dir/D_/Pico_Downloads/pico-sdk/src/rp2_common/pico_standard_link/binary_info.c.obj
 .comment       0x0000004d       0x4e CMakeFiles/sweep.dir/D_/Pico_Downloads/pico-sdk/src/rp2_common/pico_stdio/stdio.c.obj
 .comment       0x0000004d       0x4e ..\servo\libpico_servo.a(servo.c.obj)

.debug_info     0x00000000    0x10129
 .debug_info    0x00000000      0x132 CMakeFiles/sweep.dir/SweepExample.c.obj
 .debug_info    0x00000132     0x1141 CMakeFiles/sweep.dir/D_/Pico_Downloads/pico-sdk/src/rp2_common/hardware_gpio/gpio.c.obj
 .debug_info    0x00001273      0x620 CMakeFiles/sweep.dir/D_/Pico_Downloads/pico-sdk/src/rp2_common/hardware_claim/claim.c.obj
 .debug_info    0x00001893      0x4a5 CMakeFiles/sweep.dir/D_/Pico_Downloads/pico-sdk/src/rp2_common/hardware_sync/sync.c.obj
 .debug_info    0x00001d38      0x1d5 CMakeFiles/sweep.dir/D_/Pico_Downloads/pico-sdk/src/rp2_common/pico_platform/platform.c.obj
 .debug_info    0x00001f0d     0x3349 CMakeFiles/sweep.dir/D_/Pico_Downloads/pico-sdk/src/common/pico_time/time.c.obj
 .debug_info    0x00005256      0xf9d CMakeFiles/sweep.dir/D_/Pico_Downloads/pico-sdk/src/rp2_common/hardware_timer/timer.c.obj
 .debug_info    0x000061f3      0x1c5 CMakeFiles/sweep.dir/D_/Pico_Downloads/pico-sdk/src/common/pico_sync/lock_core.c.obj
 .debug_info    0x000063b8      0xd50 CMakeFiles/sweep.dir/D_/Pico_Downloads/pico-sdk/src/common/pico_sync/mutex.c.obj
 .debug_info    0x00007108     0x1164 CMakeFiles/sweep.dir/D_/Pico_Downloads/pico-sdk/src/common/pico_util/pheap.c.obj
 .debug_info    0x0000826c      0x986 CMakeFiles/sweep.dir/D_/Pico_Downloads/pico-sdk/src/rp2_common/pico_runtime/runtime.c.obj
 .debug_info    0x00008bf2     0x1068 CMakeFiles/sweep.dir/D_/Pico_Downloads/pico-sdk/src/rp2_common/hardware_clocks/clocks.c.obj
 .debug_info    0x00009c5a      0x49c CMakeFiles/sweep.dir/D_/Pico_Downloads/pico-sdk/src/rp2_common/hardware_watchdog/watchdog.c.obj
 .debug_info    0x0000a0f6      0x214 CMakeFiles/sweep.dir/D_/Pico_Downloads/pico-sdk/src/rp2_common/hardware_xosc/xosc.c.obj
 .debug_info    0x0000a30a      0x3c1 CMakeFiles/sweep.dir/D_/Pico_Downloads/pico-sdk/src/rp2_common/hardware_pll/pll.c.obj
 .debug_info    0x0000a6cb     0x1807 CMakeFiles/sweep.dir/D_/Pico_Downloads/pico-sdk/src/rp2_common/hardware_irq/irq.c.obj
 .debug_info    0x0000bed2       0x26 CMakeFiles/sweep.dir/D_/Pico_Downloads/pico-sdk/src/rp2_common/hardware_irq/irq_handler_chain.S.obj
 .debug_info    0x0000bef8     0x1a32 CMakeFiles/sweep.dir/D_/Pico_Downloads/pico-sdk/src/rp2_common/pico_printf/printf.c.obj
 .debug_info    0x0000d92a       0x22 CMakeFiles/sweep.dir/D_/Pico_Downloads/pico-sdk/src/rp2_common/pico_bit_ops/bit_ops_aeabi.S.obj
 .debug_info    0x0000d94c      0x231 CMakeFiles/sweep.dir/D_/Pico_Downloads/pico-sdk/src/rp2_common/pico_bootrom/bootrom.c.obj
 .debug_info    0x0000db7d       0x22 CMakeFiles/sweep.dir/D_/Pico_Downloads/pico-sdk/src/rp2_common/pico_divider/divider.S.obj
 .debug_info    0x0000db9f       0x22 CMakeFiles/sweep.dir/D_/Pico_Downloads/pico-sdk/src/rp2_common/pico_double/double_aeabi.S.obj
 .debug_info    0x0000dbc1      0x2a0 CMakeFiles/sweep.dir/D_/Pico_Downloads/pico-sdk/src/rp2_common/pico_double/double_init_rom.c.obj
 .debug_info    0x0000de61       0x22 CMakeFiles/sweep.dir/D_/Pico_Downloads/pico-sdk/src/rp2_common/pico_double/double_v1_rom_shim.S.obj
 .debug_info    0x0000de83       0x26 CMakeFiles/sweep.dir/D_/Pico_Downloads/pico-sdk/src/rp2_common/pico_int64_ops/pico_int64_ops_aeabi.S.obj
 .debug_info    0x0000dea9       0x22 CMakeFiles/sweep.dir/D_/Pico_Downloads/pico-sdk/src/rp2_common/pico_float/float_aeabi.S.obj
 .debug_info    0x0000decb      0x2ef CMakeFiles/sweep.dir/D_/Pico_Downloads/pico-sdk/src/rp2_common/pico_float/float_init_rom.c.obj
 .debug_info    0x0000e1ba       0x22 CMakeFiles/sweep.dir/D_/Pico_Downloads/pico-sdk/src/rp2_common/pico_float/float_v1_rom_shim.S.obj
 .debug_info    0x0000e1dc      0x1e7 CMakeFiles/sweep.dir/D_/Pico_Downloads/pico-sdk/src/rp2_common/pico_malloc/pico_malloc.c.obj
 .debug_info    0x0000e3c3       0x22 CMakeFiles/sweep.dir/D_/Pico_Downloads/pico-sdk/src/rp2_common/pico_mem_ops/mem_ops_aeabi.S.obj
 .debug_info    0x0000e3e5       0x22 CMakeFiles/sweep.dir/D_/Pico_Downloads/pico-sdk/src/rp2_common/pico_standard_link/crt0.S.obj
 .debug_info    0x0000e407      0x2f6 CMakeFiles/sweep.dir/D_/Pico_Downloads/pico-sdk/src/rp2_common/pico_standard_link/binary_info.c.obj
 .debug_info    0x0000e6fd     0x1064 CMakeFiles/sweep.dir/D_/Pico_Downloads/pico-sdk/src/rp2_common/pico_stdio/stdio.c.obj
 .debug_info    0x0000f761      0x9c8 ..\servo\libpico_servo.a(servo.c.obj)

.debug_abbrev   0x00000000     0x39e3
 .debug_abbrev  0x00000000       0x9b CMakeFiles/sweep.dir/SweepExample.c.obj
 .debug_abbrev  0x0000009b      0x309 CMakeFiles/sweep.dir/D_/Pico_Downloads/pico-sdk/src/rp2_common/hardware_gpio/gpio.c.obj
 .debug_abbrev  0x000003a4      0x276 CMakeFiles/sweep.dir/D_/Pico_Downloads/pico-sdk/src/rp2_common/hardware_claim/claim.c.obj
 .debug_abbrev  0x0000061a      0x212 CMakeFiles/sweep.dir/D_/Pico_Downloads/pico-sdk/src/rp2_common/hardware_sync/sync.c.obj
 .debug_abbrev  0x0000082c       0xe7 CMakeFiles/sweep.dir/D_/Pico_Downloads/pico-sdk/src/rp2_common/pico_platform/platform.c.obj
 .debug_abbrev  0x00000913      0x54b CMakeFiles/sweep.dir/D_/Pico_Downloads/pico-sdk/src/common/pico_time/time.c.obj
 .debug_abbrev  0x00000e5e      0x34c CMakeFiles/sweep.dir/D_/Pico_Downloads/pico-sdk/src/rp2_common/hardware_timer/timer.c.obj
 .debug_abbrev  0x000011aa      0x133 CMakeFiles/sweep.dir/D_/Pico_Downloads/pico-sdk/src/common/pico_sync/lock_core.c.obj
 .debug_abbrev  0x000012dd      0x32b CMakeFiles/sweep.dir/D_/Pico_Downloads/pico-sdk/src/common/pico_sync/mutex.c.obj
 .debug_abbrev  0x00001608      0x297 CMakeFiles/sweep.dir/D_/Pico_Downloads/pico-sdk/src/common/pico_util/pheap.c.obj
 .debug_abbrev  0x0000189f      0x348 CMakeFiles/sweep.dir/D_/Pico_Downloads/pico-sdk/src/rp2_common/pico_runtime/runtime.c.obj
 .debug_abbrev  0x00001be7      0x386 CMakeFiles/sweep.dir/D_/Pico_Downloads/pico-sdk/src/rp2_common/hardware_clocks/clocks.c.obj
 .debug_abbrev  0x00001f6d      0x1b1 CMakeFiles/sweep.dir/D_/Pico_Downloads/pico-sdk/src/rp2_common/hardware_watchdog/watchdog.c.obj
 .debug_abbrev  0x0000211e      0x12c CMakeFiles/sweep.dir/D_/Pico_Downloads/pico-sdk/src/rp2_common/hardware_xosc/xosc.c.obj
 .debug_abbrev  0x0000224a      0x1bc CMakeFiles/sweep.dir/D_/Pico_Downloads/pico-sdk/src/rp2_common/hardware_pll/pll.c.obj
 .debug_abbrev  0x00002406      0x494 CMakeFiles/sweep.dir/D_/Pico_Downloads/pico-sdk/src/rp2_common/hardware_irq/irq.c.obj
 .debug_abbrev  0x0000289a       0x14 CMakeFiles/sweep.dir/D_/Pico_Downloads/pico-sdk/src/rp2_common/hardware_irq/irq_handler_chain.S.obj
 .debug_abbrev  0x000028ae      0x384 CMakeFiles/sweep.dir/D_/Pico_Downloads/pico-sdk/src/rp2_common/pico_printf/printf.c.obj
 .debug_abbrev  0x00002c32       0x12 CMakeFiles/sweep.dir/D_/Pico_Downloads/pico-sdk/src/rp2_common/pico_bit_ops/bit_ops_aeabi.S.obj
 .debug_abbrev  0x00002c44       0xf8 CMakeFiles/sweep.dir/D_/Pico_Downloads/pico-sdk/src/rp2_common/pico_bootrom/bootrom.c.obj
 .debug_abbrev  0x00002d3c       0x12 CMakeFiles/sweep.dir/D_/Pico_Downloads/pico-sdk/src/rp2_common/pico_divider/divider.S.obj
 .debug_abbrev  0x00002d4e       0x12 CMakeFiles/sweep.dir/D_/Pico_Downloads/pico-sdk/src/rp2_common/pico_double/double_aeabi.S.obj
 .debug_abbrev  0x00002d60      0x162 CMakeFiles/sweep.dir/D_/Pico_Downloads/pico-sdk/src/rp2_common/pico_double/double_init_rom.c.obj
 .debug_abbrev  0x00002ec2       0x12 CMakeFiles/sweep.dir/D_/Pico_Downloads/pico-sdk/src/rp2_common/pico_double/double_v1_rom_shim.S.obj
 .debug_abbrev  0x00002ed4       0x14 CMakeFiles/sweep.dir/D_/Pico_Downloads/pico-sdk/src/rp2_common/pico_int64_ops/pico_int64_ops_aeabi.S.obj
 .debug_abbrev  0x00002ee8       0x12 CMakeFiles/sweep.dir/D_/Pico_Downloads/pico-sdk/src/rp2_common/pico_float/float_aeabi.S.obj
 .debug_abbrev  0x00002efa      0x17a CMakeFiles/sweep.dir/D_/Pico_Downloads/pico-sdk/src/rp2_common/pico_float/float_init_rom.c.obj
 .debug_abbrev  0x00003074       0x12 CMakeFiles/sweep.dir/D_/Pico_Downloads/pico-sdk/src/rp2_common/pico_float/float_v1_rom_shim.S.obj
 .debug_abbrev  0x00003086      0x111 CMakeFiles/sweep.dir/D_/Pico_Downloads/pico-sdk/src/rp2_common/pico_malloc/pico_malloc.c.obj
 .debug_abbrev  0x00003197       0x12 CMakeFiles/sweep.dir/D_/Pico_Downloads/pico-sdk/src/rp2_common/pico_mem_ops/mem_ops_aeabi.S.obj
 .debug_abbrev  0x000031a9       0x12 CMakeFiles/sweep.dir/D_/Pico_Downloads/pico-sdk/src/rp2_common/pico_standard_link/crt0.S.obj
 .debug_abbrev  0x000031bb       0xad CMakeFiles/sweep.dir/D_/Pico_Downloads/pico-sdk/src/rp2_common/pico_standard_link/binary_info.c.obj
 .debug_abbrev  0x00003268      0x4f4 CMakeFiles/sweep.dir/D_/Pico_Downloads/pico-sdk/src/rp2_common/pico_stdio/stdio.c.obj
 .debug_abbrev  0x0000375c      0x287 ..\servo\libpico_servo.a(servo.c.obj)

.debug_aranges  0x00000000      0xc88
 .debug_aranges
                0x00000000       0x20 CMakeFiles/sweep.dir/SweepExample.c.obj
 .debug_aranges
                0x00000020       0xa0 CMakeFiles/sweep.dir/D_/Pico_Downloads/pico-sdk/src/rp2_common/hardware_gpio/gpio.c.obj
 .debug_aranges
                0x000000c0       0x48 CMakeFiles/sweep.dir/D_/Pico_Downloads/pico-sdk/src/rp2_common/hardware_claim/claim.c.obj
 .debug_aranges
                0x00000108       0x50 CMakeFiles/sweep.dir/D_/Pico_Downloads/pico-sdk/src/rp2_common/hardware_sync/sync.c.obj
 .debug_aranges
                0x00000158       0x28 CMakeFiles/sweep.dir/D_/Pico_Downloads/pico-sdk/src/rp2_common/pico_platform/platform.c.obj
 .debug_aranges
                0x00000180       0xc8 CMakeFiles/sweep.dir/D_/Pico_Downloads/pico-sdk/src/common/pico_time/time.c.obj
 .debug_aranges
                0x00000248       0x68 CMakeFiles/sweep.dir/D_/Pico_Downloads/pico-sdk/src/rp2_common/hardware_timer/timer.c.obj
 .debug_aranges
                0x000002b0       0x20 CMakeFiles/sweep.dir/D_/Pico_Downloads/pico-sdk/src/common/pico_sync/lock_core.c.obj
 .debug_aranges
                0x000002d0       0x48 CMakeFiles/sweep.dir/D_/Pico_Downloads/pico-sdk/src/common/pico_sync/mutex.c.obj
 .debug_aranges
                0x00000318       0x70 CMakeFiles/sweep.dir/D_/Pico_Downloads/pico-sdk/src/common/pico_util/pheap.c.obj
 .debug_aranges
                0x00000388       0x60 CMakeFiles/sweep.dir/D_/Pico_Downloads/pico-sdk/src/rp2_common/pico_runtime/runtime.c.obj
 .debug_aranges
                0x000003e8       0x70 CMakeFiles/sweep.dir/D_/Pico_Downloads/pico-sdk/src/rp2_common/hardware_clocks/clocks.c.obj
 .debug_aranges
                0x00000458       0x50 CMakeFiles/sweep.dir/D_/Pico_Downloads/pico-sdk/src/rp2_common/hardware_watchdog/watchdog.c.obj
 .debug_aranges
                0x000004a8       0x30 CMakeFiles/sweep.dir/D_/Pico_Downloads/pico-sdk/src/rp2_common/hardware_xosc/xosc.c.obj
 .debug_aranges
                0x000004d8       0x28 CMakeFiles/sweep.dir/D_/Pico_Downloads/pico-sdk/src/rp2_common/hardware_pll/pll.c.obj
 .debug_aranges
                0x00000500       0x90 CMakeFiles/sweep.dir/D_/Pico_Downloads/pico-sdk/src/rp2_common/hardware_irq/irq.c.obj
 .debug_aranges
                0x00000590       0x20 CMakeFiles/sweep.dir/D_/Pico_Downloads/pico-sdk/src/rp2_common/hardware_irq/irq_handler_chain.S.obj
 .debug_aranges
                0x000005b0       0x90 CMakeFiles/sweep.dir/D_/Pico_Downloads/pico-sdk/src/rp2_common/pico_printf/printf.c.obj
 .debug_aranges
                0x00000640       0x68 CMakeFiles/sweep.dir/D_/Pico_Downloads/pico-sdk/src/rp2_common/pico_bit_ops/bit_ops_aeabi.S.obj
 .debug_aranges
                0x000006a8       0x30 CMakeFiles/sweep.dir/D_/Pico_Downloads/pico-sdk/src/rp2_common/pico_bootrom/bootrom.c.obj
 .debug_aranges
                0x000006d8       0x40 CMakeFiles/sweep.dir/D_/Pico_Downloads/pico-sdk/src/rp2_common/pico_divider/divider.S.obj
 .debug_aranges
                0x00000718      0x140 CMakeFiles/sweep.dir/D_/Pico_Downloads/pico-sdk/src/rp2_common/pico_double/double_aeabi.S.obj
 .debug_aranges
                0x00000858       0x20 CMakeFiles/sweep.dir/D_/Pico_Downloads/pico-sdk/src/rp2_common/pico_double/double_init_rom.c.obj
 .debug_aranges
                0x00000878       0xc8 CMakeFiles/sweep.dir/D_/Pico_Downloads/pico-sdk/src/rp2_common/pico_double/double_v1_rom_shim.S.obj
 .debug_aranges
                0x00000940       0x20 CMakeFiles/sweep.dir/D_/Pico_Downloads/pico-sdk/src/rp2_common/pico_int64_ops/pico_int64_ops_aeabi.S.obj
 .debug_aranges
                0x00000960      0x130 CMakeFiles/sweep.dir/D_/Pico_Downloads/pico-sdk/src/rp2_common/pico_float/float_aeabi.S.obj
 .debug_aranges
                0x00000a90       0x20 CMakeFiles/sweep.dir/D_/Pico_Downloads/pico-sdk/src/rp2_common/pico_float/float_init_rom.c.obj
 .debug_aranges
                0x00000ab0       0x50 CMakeFiles/sweep.dir/D_/Pico_Downloads/pico-sdk/src/rp2_common/pico_float/float_v1_rom_shim.S.obj
 .debug_aranges
                0x00000b00       0x30 CMakeFiles/sweep.dir/D_/Pico_Downloads/pico-sdk/src/rp2_common/pico_malloc/pico_malloc.c.obj
 .debug_aranges
                0x00000b30       0x38 CMakeFiles/sweep.dir/D_/Pico_Downloads/pico-sdk/src/rp2_common/pico_mem_ops/mem_ops_aeabi.S.obj
 .debug_aranges
                0x00000b68       0x28 CMakeFiles/sweep.dir/D_/Pico_Downloads/pico-sdk/src/rp2_common/pico_standard_link/crt0.S.obj
 .debug_aranges
                0x00000b90       0x18 CMakeFiles/sweep.dir/D_/Pico_Downloads/pico-sdk/src/rp2_common/pico_standard_link/binary_info.c.obj
 .debug_aranges
                0x00000ba8       0xb8 CMakeFiles/sweep.dir/D_/Pico_Downloads/pico-sdk/src/rp2_common/pico_stdio/stdio.c.obj
 .debug_aranges
                0x00000c60       0x28 ..\servo\libpico_servo.a(servo.c.obj)

.debug_ranges   0x00000000     0x1f68
 .debug_ranges  0x00000000       0x10 CMakeFiles/sweep.dir/SweepExample.c.obj
 .debug_ranges  0x00000010       0xa8 CMakeFiles/sweep.dir/D_/Pico_Downloads/pico-sdk/src/rp2_common/hardware_gpio/gpio.c.obj
 .debug_ranges  0x000000b8       0xd8 CMakeFiles/sweep.dir/D_/Pico_Downloads/pico-sdk/src/rp2_common/hardware_claim/claim.c.obj
 .debug_ranges  0x00000190       0xb8 CMakeFiles/sweep.dir/D_/Pico_Downloads/pico-sdk/src/rp2_common/hardware_sync/sync.c.obj
 .debug_ranges  0x00000248       0x18 CMakeFiles/sweep.dir/D_/Pico_Downloads/pico-sdk/src/rp2_common/pico_platform/platform.c.obj
 .debug_ranges  0x00000260      0x7e8 CMakeFiles/sweep.dir/D_/Pico_Downloads/pico-sdk/src/common/pico_time/time.c.obj
 .debug_ranges  0x00000a48      0x2f0 CMakeFiles/sweep.dir/D_/Pico_Downloads/pico-sdk/src/rp2_common/hardware_timer/timer.c.obj
 .debug_ranges  0x00000d38       0x10 CMakeFiles/sweep.dir/D_/Pico_Downloads/pico-sdk/src/common/pico_sync/lock_core.c.obj
 .debug_ranges  0x00000d48      0x340 CMakeFiles/sweep.dir/D_/Pico_Downloads/pico-sdk/src/common/pico_sync/mutex.c.obj
 .debug_ranges  0x00001088      0x240 CMakeFiles/sweep.dir/D_/Pico_Downloads/pico-sdk/src/common/pico_util/pheap.c.obj
 .debug_ranges  0x000012c8       0x68 CMakeFiles/sweep.dir/D_/Pico_Downloads/pico-sdk/src/rp2_common/pico_runtime/runtime.c.obj
 .debug_ranges  0x00001330       0x78 CMakeFiles/sweep.dir/D_/Pico_Downloads/pico-sdk/src/rp2_common/hardware_clocks/clocks.c.obj
 .debug_ranges  0x000013a8       0x40 CMakeFiles/sweep.dir/D_/Pico_Downloads/pico-sdk/src/rp2_common/hardware_watchdog/watchdog.c.obj
 .debug_ranges  0x000013e8       0x20 CMakeFiles/sweep.dir/D_/Pico_Downloads/pico-sdk/src/rp2_common/hardware_xosc/xosc.c.obj
 .debug_ranges  0x00001408       0x18 CMakeFiles/sweep.dir/D_/Pico_Downloads/pico-sdk/src/rp2_common/hardware_pll/pll.c.obj
 .debug_ranges  0x00001420      0x3b0 CMakeFiles/sweep.dir/D_/Pico_Downloads/pico-sdk/src/rp2_common/hardware_irq/irq.c.obj
 .debug_ranges  0x000017d0      0x108 CMakeFiles/sweep.dir/D_/Pico_Downloads/pico-sdk/src/rp2_common/pico_printf/printf.c.obj
 .debug_ranges  0x000018d8       0x60 CMakeFiles/sweep.dir/D_/Pico_Downloads/pico-sdk/src/rp2_common/pico_bit_ops/bit_ops_aeabi.S.obj
 .debug_ranges  0x00001938       0x38 CMakeFiles/sweep.dir/D_/Pico_Downloads/pico-sdk/src/rp2_common/pico_bootrom/bootrom.c.obj
 .debug_ranges  0x00001970       0x38 CMakeFiles/sweep.dir/D_/Pico_Downloads/pico-sdk/src/rp2_common/pico_divider/divider.S.obj
 .debug_ranges  0x000019a8      0x138 CMakeFiles/sweep.dir/D_/Pico_Downloads/pico-sdk/src/rp2_common/pico_double/double_aeabi.S.obj
 .debug_ranges  0x00001ae0       0x30 CMakeFiles/sweep.dir/D_/Pico_Downloads/pico-sdk/src/rp2_common/pico_double/double_init_rom.c.obj
 .debug_ranges  0x00001b10       0xc0 CMakeFiles/sweep.dir/D_/Pico_Downloads/pico-sdk/src/rp2_common/pico_double/double_v1_rom_shim.S.obj