Archive member included to satisfy reference by file (symbol)

c:/progra~2/gnuarm~1/102020~1/bin/../lib/gcc/arm-none-eabi/10.2.1/thumb/v6-m/nofp\libgcc.a(_dvmd_tls.o)
                              CMakeFiles/servo.dir/D_/Pico_Downloads/pico-sdk/src/rp2_common/pico_divider/divider.S.obj (__aeabi_idiv0)
c:/progra~2/gnuarm~1/102020~1/bin/../lib/gcc/arm-none-eabi/10.2.1/../../../../arm-none-eabi/lib/thumb/v6-m/nofp\libg.a(lib_a-calloc.o)
                              CMakeFiles/servo.dir/D_/Pico_Downloads/pico-sdk/src/rp2_common/pico_malloc/pico_malloc.c.obj (calloc)
c:/progra~2/gnuarm~1/102020~1/bin/../lib/gcc/arm-none-eabi/10.2.1/../../../../arm-none-eabi/lib/thumb/v6-m/nofp\libg.a(lib_a-callocr.o)
                              c:/progra~2/gnuarm~1/102020~1/bin/../lib/gcc/arm-none-eabi/10.2.1/../../../../arm-none-eabi/lib/thumb/v6-m/nofp\libg.a(lib_a-calloc.o) (_calloc_r)
c:/progra~2/gnuarm~1/102020~1/bin/../lib/gcc/arm-none-eabi/10.2.1/../../../../arm-none-eabi/lib/thumb/v6-m/nofp\libg.a(lib_a-impure.o)
                              c:/progra~2/gnuarm~1/102020~1/bin/../lib/gcc/arm-none-eabi/10.2.1/../../../../arm-none-eabi/lib/thumb/v6-m/nofp\libg.a(lib_a-calloc.o) (_impure_ptr)
c:/progra~2/gnuarm~1/102020~1/bin/../lib/gcc/arm-none-eabi/10.2.1/../../../../arm-none-eabi/lib/thumb/v6-m/nofp\libg.a(lib_a-init.o)
                              c:/progra~2/gnuarm~1/102020~1/bin/../lib/gcc/arm-none-eabi/10.2.1/../../../../arm-none-eabi/lib/thumb/v6-m/nofp/crt0.o (__libc_init_array)
c:/progra~2/gnuarm~1/102020~1/bin/../lib/gcc/arm-none-eabi/10.2.1/../../../../arm-none-eabi/lib/thumb/v6-m/nofp\libg.a(lib_a-malloc.o)
                              CMakeFiles/servo.dir/D_/Pico_Downloads/pico-sdk/src/rp2_common/pico_malloc/pico_malloc.c.obj (malloc)
c:/progra~2/gnuarm~1/102020~1/bin/../lib/gcc/arm-none-eabi/10.2.1/../../../../arm-none-eabi/lib/thumb/v6-m/nofp\libg.a(lib_a-mallocr.o)
                              c:/progra~2/gnuarm~1/102020~1/bin/../lib/gcc/arm-none-eabi/10.2.1/../../../../arm-none-eabi/lib/thumb/v6-m/nofp\libg.a(lib_a-callocr.o) (_malloc_r)
c:/progra~2/gnuarm~1/102020~1/bin/../lib/gcc/arm-none-eabi/10.2.1/../../../../arm-none-eabi/lib/thumb/v6-m/nofp\libg.a(lib_a-mlock.o)
                              c:/progra~2/gnuarm~1/102020~1/bin/../lib/gcc/arm-none-eabi/10.2.1/../../../../arm-none-eabi/lib/thumb/v6-m/nofp\libg.a(lib_a-mallocr.o) (__malloc_lock)
c:/progra~2/gnuarm~1/102020~1/bin/../lib/gcc/arm-none-eabi/10.2.1/../../../../arm-none-eabi/lib/thumb/v6-m/nofp\libg.a(lib_a-sbrkr.o)
                              c:/progra~2/gnuarm~1/102020~1/bin/../lib/gcc/arm-none-eabi/10.2.1/../../../../arm-none-eabi/lib/thumb/v6-m/nofp\libg.a(lib_a-mallocr.o) (_sbrk_r)
c:/progra~2/gnuarm~1/102020~1/bin/../lib/gcc/arm-none-eabi/10.2.1/../../../../arm-none-eabi/lib/thumb/v6-m/nofp\libg.a(lib_a-strlen-stub.o)
                              CMakeFiles/servo.dir/D_/Pico_Downloads/pico-sdk/src/rp2_common/pico_stdio/stdio.c.obj (strlen)
c:/progra~2/gnuarm~1/102020~1/bin/../lib/gcc/arm-none-eabi/10.2.1/../../../../arm-none-eabi/lib/thumb/v6-m/nofp\libg.a(lib_a-freer.o)
                              c:/progra~2/gnuarm~1/102020~1/bin/../lib/gcc/arm-none-eabi/10.2.1/../../../../arm-none-eabi/lib/thumb/v6-m/nofp\libg.a(lib_a-malloc.o) (_free_r)
c:/progra~2/gnuarm~1/102020~1/bin/../lib/gcc/arm-none-eabi/10.2.1/../../../../arm-none-eabi/lib/thumb/v6-m/nofp\libg.a(lib_a-lock.o)
                              c:/progra~2/gnuarm~1/102020~1/bin/../lib/gcc/arm-none-eabi/10.2.1/../../../../arm-none-eabi/lib/thumb/v6-m/nofp\libg.a(lib_a-mlock.o) (__retarget_lock_acquire_recursive)
c:/progra~2/gnuarm~1/102020~1/bin/../lib/gcc/arm-none-eabi/10.2.1/../../../../arm-none-eabi/lib/thumb/v6-m/nofp\libg.a(lib_a-reent.o)
                              c:/progra~2/gnuarm~1/102020~1/bin/../lib/gcc/arm-none-eabi/10.2.1/../../../../arm-none-eabi/lib/thumb/v6-m/nofp\libg.a(lib_a-sbrkr.o) (errno)

Discarded input sections

 .text          0x00000000        0x0 c:/progra~2/gnuarm~1/102020~1/bin/../lib/gcc/arm-none-eabi/10.2.1/thumb/v6-m/nofp/crti.o
 .data          0x00000000        0x0 c:/progra~2/gnuarm~1/102020~1/bin/../lib/gcc/arm-none-eabi/10.2.1/thumb/v6-m/nofp/crti.o
 .bss           0x00000000        0x0 c:/progra~2/gnuarm~1/102020~1/bin/../lib/gcc/arm-none-eabi/10.2.1/thumb/v6-m/nofp/crti.o
 .data          0x00000000        0x4 c:/progra~2/gnuarm~1/102020~1/bin/../lib/gcc/arm-none-eabi/10.2.1/thumb/v6-m/nofp/crtbegin.o
 .rodata        0x00000000       0x24 c:/progra~2/gnuarm~1/102020~1/bin/../lib/gcc/arm-none-eabi/10.2.1/thumb/v6-m/nofp/crtbegin.o
 .fini_array    0x00000000        0x4 c:/progra~2/gnuarm~1/102020~1/bin/../lib/gcc/arm-none-eabi/10.2.1/thumb/v6-m/nofp/crtbegin.o
 .text          0x00000000       0x80 c:/progra~2/gnuarm~1/102020~1/bin/../lib/gcc/arm-none-eabi/10.2.1/../../../../arm-none-eabi/lib/thumb/v6-m/nofp/crt0.o
[...]
Memory Configuration

Name             Origin             Length             Attributes
FLASH            0x10000000         0x00200000         xr
RAM              0x20000000         0x00040000         xrw
SCRATCH_X        0x20040000         0x00001000         xrw
SCRATCH_Y        0x20041000         0x00001000         xrw
*default*        0x00000000         0xffffffff

Linker script and memory map

LOAD c:/progra~2/gnuarm~1/102020~1/bin/../lib/gcc/arm-none-eabi/10.2.1/thumb/v6-m/nofp/crti.o
LOAD c:/progra~2/gnuarm~1/102020~1/bin/../lib/gcc/arm-none-eabi/10.2.1/thumb/v6-m/nofp/crtbegin.o
LOAD c:/progra~2/gnuarm~1/102020~1/bin/../lib/gcc/arm-none-eabi/10.2.1/../../../../arm-none-eabi/lib/thumb/v6-m/nofp/crt0.o

.flash_begin    0x10000000        0x0
                0x10000000                __flash_binary_start = .

.boot2          0x10000000      0x100
                0x10000000                __boot2_start__ = .
 *(.boot2)
 .boot2         0x10000000      0x100 C:\Users\tfkbr\AppData\Local\Temp\ccEJlTYf.o
                0x10000100                __boot2_end__ = .
                0x00000001                ASSERT (((__boot2_end__ - __boot2_start__) == 0x100), ERROR: Pico second stage bootloader must be 256 bytes in size)

.text           0x10000100     0x4898
                0x10000100                __logical_binary_start = .
 *(.vectors)
 .vectors       0x10000100       0xd4 CMakeFiles/servo.dir/D_/Pico_Downloads/pico-sdk/src/rp2_common/pico_standard_link/crt0.S.obj
                0x10000100                __vectors
                0x100001c0                isr_invalid
                0x100001c2                isr_nmi
                0x100001c4                isr_hardfault
                0x100001c6                isr_svcall
                0x100001c8                isr_pendsv
                0x100001ca                isr_systick
                0x100001cc                isr_irq11
                0x100001cc                isr_irq5
                0x100001cc                isr_irq23
                0x100001cc                isr_irq18
                0x100001cc                isr_irq31
                0x100001cc                isr_irq28
                0x100001cc                isr_irq19
                0x100001cc                isr_irq0
                0x100001cc                isr_irq6
                0x100001cc                isr_irq27
                0x100001cc                isr_irq12
                0x100001cc                isr_irq22
                0x100001cc                isr_irq13
                0x100001cc                isr_irq17
                0x100001cc                isr_irq14
                0x100001cc                isr_irq2
                0x100001cc                isr_irq10
                0x100001cc                isr_irq8
                0x100001cc                isr_irq24
                0x100001cc                isr_irq1
                0x100001cc                isr_irq7
                0x100001cc                isr_irq21
                0x100001cc                isr_irq20
                0x100001cc                isr_irq15
                0x100001cc                isr_irq25
                0x100001cc                __unhandled_user_irq
                0x100001cc                isr_irq4
                0x100001cc                isr_irq16
                0x100001cc                isr_irq29
                0x100001cc                isr_irq26
                0x100001cc                isr_irq3
                0x100001cc                isr_irq30
                0x100001cc                isr_irq9
                0x100001d2                unhandled_user_irq_num_in_r0
 *(.binary_info_header)
 .binary_info_header
                0x100001d4       0x14 CMakeFiles/servo.dir/D_/Pico_Downloads/pico-sdk/src/rp2_common/pico_standard_link/crt0.S.obj
                0x100001e8                __binary_info_header_end = .
 *(.reset)
 .reset         0x100001e8       0xa8 CMakeFiles/servo.dir/D_/Pico_Downloads/pico-sdk/src/rp2_common/pico_standard_link/crt0.S.obj
                0x100001e8                _entry_point
                0x10000266                __get_current_exception
 .reset         0x10000290       0x30 CMakeFiles/servo.dir/D_/Pico_Downloads/pico-sdk/src/rp2_common/pico_standard_link/binary_info.c.obj
 *(.init)
 .init          0x100002c0        0x4 c:/progra~2/gnuarm~1/102020~1/bin/../lib/gcc/arm-none-eabi/10.2.1/thumb/v6-m/nofp/crti.o
                0x100002c0                _init
 *(EXCLUDE_FILE(*libm.a: *libc.a:*lib_a-mem*.o *libgcc.a:) .text*)
 .text          0x100002c4       0x48 c:/progra~2/gnuarm~1/102020~1/bin/../lib/gcc/arm-none-eabi/10.2.1/thumb/v6-m/nofp/crtbegin.o
 .text.setMillis
                0x1000030c       0x6c CMakeFiles/servo.dir/servo.c.obj
                0x1000030c                setMillis
 .text.setServo
                0x10000378       0x88 CMakeFiles/servo.dir/servo.c.obj
                0x10000378                setServo
 .text.main     0x10000400       0x34 CMakeFiles/servo.dir/servo.c.obj
                0x10000400                main
 .text.gpio_set_function
                0x10000434       0x30 CMakeFiles/servo.dir/D_/Pico_Downloads/pico-sdk/src/rp2_common/hardware_gpio/gpio.c.obj
                0x10000434                gpio_set_function
 .text.hw_claim_lock
                0x10000464       0x18 CMakeFiles/servo.dir/D_/Pico_Downloads/pico-sdk/src/rp2_common/hardware_claim/claim.c.obj
                0x10000464                hw_claim_lock
 .text.hw_claim_unlock
                0x1000047c       0x14 CMakeFiles/servo.dir/D_/Pico_Downloads/pico-sdk/src/rp2_common/hardware_claim/claim.c.obj
                0x1000047c                hw_claim_unlock
 .text.hw_claim_or_assert
                0x10000490       0x34 CMakeFiles/servo.dir/D_/Pico_Downloads/pico-sdk/src/rp2_common/hardware_claim/claim.c.obj
                0x10000490                hw_claim_or_assert
 .text.spin_locks_reset
                0x100004c4       0x20 CMakeFiles/servo.dir/D_/Pico_Downloads/pico-sdk/src/rp2_common/hardware_sync/sync.c.obj
                0x100004c4                spin_locks_reset
 .text.next_striped_spin_lock_num
                0x100004e4       0x1c CMakeFiles/servo.dir/D_/Pico_Downloads/pico-sdk/src/rp2_common/hardware_sync/sync.c.obj
                0x100004e4                next_striped_spin_lock_num
 .text.running_on_fpga
                0x10000500       0x14 CMakeFiles/servo.dir/D_/Pico_Downloads/pico-sdk/src/rp2_common/pico_platform/platform.c.obj
                0x10000500                running_on_fpga
 .text.sev_callback
                0x10000514        0x8 CMakeFiles/servo.dir/D_/Pico_Downloads/pico-sdk/src/common/pico_time/time.c.obj
 .text.timer_pool_entry_comparator
                0x1000051c       0x7c CMakeFiles/servo.dir/D_/Pico_Downloads/pico-sdk/src/common/pico_time/time.c.obj
                0x1000051c                timer_pool_entry_comparator
 .text.ph_add_child_node
                0x10000598       0xa4 CMakeFiles/servo.dir/D_/Pico_Downloads/pico-sdk/src/common/pico_time/time.c.obj
 .text.ph_merge_nodes
                0x1000063c       0x3e CMakeFiles/servo.dir/D_/Pico_Downloads/pico-sdk/src/common/pico_time/time.c.obj
 *fill*         0x1000067a        0x2 
 .text.add_alarm_under_lock
                0x1000067c      0x178 CMakeFiles/servo.dir/D_/Pico_Downloads/pico-sdk/src/common/pico_time/time.c.obj
 .text.alarm_pool_alarm_callback
                0x100007f4      0x2e4 CMakeFiles/servo.dir/D_/Pico_Downloads/pico-sdk/src/common/pico_time/time.c.obj
 .text.alarm_pool_get_default
                0x10000ad8       0x28 CMakeFiles/servo.dir/D_/Pico_Downloads/pico-sdk/src/common/pico_time/time.c.obj
                0x10000ad8                alarm_pool_get_default
 .text.alarm_pool_create
                0x10000b00       0x6c CMakeFiles/servo.dir/D_/Pico_Downloads/pico-sdk/src/common/pico_time/time.c.obj
                0x10000b00                alarm_pool_create
 .text.alarm_pool_init_default
                0x10000b6c       0x20 CMakeFiles/servo.dir/D_/Pico_Downloads/pico-sdk/src/common/pico_time/time.c.obj
                0x10000b6c                alarm_pool_init_default
 .text.alarm_pool_add_alarm_at
                0x10000b8c      0x128 CMakeFiles/servo.dir/D_/Pico_Downloads/pico-sdk/src/common/pico_time/time.c.obj
                0x10000b8c                alarm_pool_add_alarm_at
 .text.sleep_until
                0x10000cb4       0x94 CMakeFiles/servo.dir/D_/Pico_Downloads/pico-sdk/src/common/pico_time/time.c.obj
                0x10000cb4                sleep_until
 .text.sleep_us
                0x10000d48       0x2c CMakeFiles/servo.dir/D_/Pico_Downloads/pico-sdk/src/common/pico_time/time.c.obj
                0x10000d48                sleep_us
 .text.sleep_ms
                0x10000d74       0x14 CMakeFiles/servo.dir/D_/Pico_Downloads/pico-sdk/src/common/pico_time/time.c.obj
                0x10000d74                sleep_ms
 .text.hardware_alarm_irq_handler
                0x10000d88       0x8c CMakeFiles/servo.dir/D_/Pico_Downloads/pico-sdk/src/rp2_common/hardware_timer/timer.c.obj
 .text.hardware_alarm_claim
                0x10000e14       0x18 CMakeFiles/servo.dir/D_/Pico_Downloads/pico-sdk/src/rp2_common/hardware_timer/timer.c.obj
                0x10000e14                hardware_alarm_claim
 .text.time_us_64
                0x10000e2c       0x18 CMakeFiles/servo.dir/D_/Pico_Downloads/pico-sdk/src/rp2_common/hardware_timer/timer.c.obj
                0x10000e2c                time_us_64
 .text.busy_wait_until
                0x10000e44       0x28 CMakeFiles/servo.dir/D_/Pico_Downloads/pico-sdk/src/rp2_common/hardware_timer/timer.c.obj
                0x10000e44                busy_wait_until
 .text.hardware_alarm_set_callback
                0x10000e6c       0x90 CMakeFiles/servo.dir/D_/Pico_Downloads/pico-sdk/src/rp2_common/hardware_timer/timer.c.obj
                0x10000e6c                hardware_alarm_set_callback
 .text.hardware_alarm_set_target
                0x10000efc       0xd0 CMakeFiles/servo.dir/D_/Pico_Downloads/pico-sdk/src/rp2_common/hardware_timer/timer.c.obj
                0x10000efc                hardware_alarm_set_target
 .text.hardware_alarm_cancel
                0x10000fcc       0x40 CMakeFiles/servo.dir/D_/Pico_Downloads/pico-sdk/src/rp2_common/hardware_timer/timer.c.obj
                0x10000fcc                hardware_alarm_cancel
 .text.lock_init
                0x1000100c       0x30 CMakeFiles/servo.dir/D_/Pico_Downloads/pico-sdk/src/common/pico_sync/lock_core.c.obj
                0x1000100c                lock_init
 .text.mutex_init
                0x1000103c       0x1a CMakeFiles/servo.dir/D_/Pico_Downloads/pico-sdk/src/common/pico_sync/mutex.c.obj
                0x1000103c                mutex_init
 *fill*         0x10001056        0x2 
 .text.ph_add_child_node
                0x10001058       0xa4 CMakeFiles/servo.dir/D_/Pico_Downloads/pico-sdk/src/common/pico_util/pheap.c.obj
 .text.ph_merge_nodes
                0x100010fc       0x3e CMakeFiles/servo.dir/D_/Pico_Downloads/pico-sdk/src/common/pico_util/pheap.c.obj
 *fill*         0x1000113a        0x2 
 .text.ph_clear
                0x1000113c       0x74 CMakeFiles/servo.dir/D_/Pico_Downloads/pico-sdk/src/common/pico_util/pheap.c.obj
                0x1000113c                ph_clear
 .text.ph_create
                0x100011b0       0x2c CMakeFiles/servo.dir/D_/Pico_Downloads/pico-sdk/src/common/pico_util/pheap.c.obj
                0x100011b0                ph_create
 .text.ph_merge_two_pass
                0x100011dc       0xa8 CMakeFiles/servo.dir/D_/Pico_Downloads/pico-sdk/src/common/pico_util/pheap.c.obj
                0x100011dc                ph_merge_two_pass
 .text.ph_remove_any_head
                0x10001284      0x108 CMakeFiles/servo.dir/D_/Pico_Downloads/pico-sdk/src/common/pico_util/pheap.c.obj
 .text.ph_remove_head_reserve
                0x1000138c       0x14 CMakeFiles/servo.dir/D_/Pico_Downloads/pico-sdk/src/common/pico_util/pheap.c.obj
                0x1000138c                ph_remove_head_reserve
 .text.ph_delete
                0x100013a0       0xf8 CMakeFiles/servo.dir/D_/Pico_Downloads/pico-sdk/src/common/pico_util/pheap.c.obj
                0x100013a0                ph_delete
 .text.runtime_init
                0x10001498       0xcc CMakeFiles/servo.dir/D_/Pico_Downloads/pico-sdk/src/rp2_common/pico_runtime/runtime.c.obj
                0x10001498                runtime_init
 .text._exit    0x10001564        0x4 CMakeFiles/servo.dir/D_/Pico_Downloads/pico-sdk/src/rp2_common/pico_runtime/runtime.c.obj
                0x10001564                _exit
 .text._sbrk    0x10001568       0x38 CMakeFiles/servo.dir/D_/Pico_Downloads/pico-sdk/src/rp2_common/pico_runtime/runtime.c.obj
                0x10001568                _sbrk
 .text.exit     0x100015a0        0x6 CMakeFiles/servo.dir/D_/Pico_Downloads/pico-sdk/src/rp2_common/pico_runtime/runtime.c.obj
                0x100015a0                exit
 *fill*         0x100015a6        0x2 
 .text.__assert_func
                0x100015a8       0x3c CMakeFiles/servo.dir/D_/Pico_Downloads/pico-sdk/src/rp2_common/pico_runtime/runtime.c.obj
                0x100015a8                __assert_func
 .text.panic    0x100015e4       0x30 CMakeFiles/servo.dir/D_/Pico_Downloads/pico-sdk/src/rp2_common/pico_runtime/runtime.c.obj
                0x100015e4                panic
 .text.clock_configure
                0x10001614       0xe8 CMakeFiles/servo.dir/D_/Pico_Downloads/pico-sdk/src/rp2_common/hardware_clocks/clocks.c.obj
                0x10001614                clock_configure
 .text.clocks_init
                0x100016fc      0x124 CMakeFiles/servo.dir/D_/Pico_Downloads/pico-sdk/src/rp2_common/hardware_clocks/clocks.c.obj
                0x100016fc                clocks_init
 .text.watchdog_start_tick
                0x10001820       0x10 CMakeFiles/servo.dir/D_/Pico_Downloads/pico-sdk/src/rp2_common/hardware_watchdog/watchdog.c.obj
                0x10001820                watchdog_start_tick
 .text.xosc_init
                0x10001830       0x28 CMakeFiles/servo.dir/D_/Pico_Downloads/pico-sdk/src/rp2_common/hardware_xosc/xosc.c.obj
                0x10001830                xosc_init
 .text.pll_init
                0x10001858       0xd4 CMakeFiles/servo.dir/D_/Pico_Downloads/pico-sdk/src/rp2_common/hardware_pll/pll.c.obj
                0x10001858                pll_init
 .text.set_raw_irq_handler_and_unlock
                0x1000192c       0x28 CMakeFiles/servo.dir/D_/Pico_Downloads/pico-sdk/src/rp2_common/hardware_irq/irq.c.obj
 .text.make_branch
                0x10001954       0x34 CMakeFiles/servo.dir/D_/Pico_Downloads/pico-sdk/src/rp2_common/hardware_irq/irq.c.obj
 .text.insert_branch_and_link
                0x10001988       0x40 CMakeFiles/servo.dir/D_/Pico_Downloads/pico-sdk/src/rp2_common/hardware_irq/irq.c.obj
 .text.irq_is_enabled
                0x100019c8       0x18 CMakeFiles/servo.dir/D_/Pico_Downloads/pico-sdk/src/rp2_common/hardware_irq/irq.c.obj
                0x100019c8                irq_is_enabled
 .text.irq_set_mask_enabled
                0x100019e0       0x20 CMakeFiles/servo.dir/D_/Pico_Downloads/pico-sdk/src/rp2_common/hardware_irq/irq.c.obj
                0x100019e0                irq_set_mask_enabled
 .text.irq_set_enabled
                0x10001a00        0xe CMakeFiles/servo.dir/D_/Pico_Downloads/pico-sdk/src/rp2_common/hardware_irq/irq.c.obj
                0x10001a00                irq_set_enabled
 *fill*         0x10001a0e        0x2 
 .text.irq_get_vtable_handler
                0x10001a10       0x10 CMakeFiles/servo.dir/D_/Pico_Downloads/pico-sdk/src/rp2_common/hardware_irq/irq.c.obj
                0x10001a10                irq_get_vtable_handler
 .text.irq_set_exclusive_handler
                0x10001a20       0x54 CMakeFiles/servo.dir/D_/Pico_Downloads/pico-sdk/src/rp2_common/hardware_irq/irq.c.obj
                0x10001a20                irq_set_exclusive_handler
 .text.irq_remove_handler
                0x10001a74      0x1b4 CMakeFiles/servo.dir/D_/Pico_Downloads/pico-sdk/src/rp2_common/hardware_irq/irq.c.obj
                0x10001a74                irq_remove_handler
 .text.irq_set_priority
                0x10001c28       0x28 CMakeFiles/servo.dir/D_/Pico_Downloads/pico-sdk/src/rp2_common/hardware_irq/irq.c.obj
                0x10001c28                irq_set_priority
 .text.irq_add_tail_to_free_list
                0x10001c50       0xf8 CMakeFiles/servo.dir/D_/Pico_Downloads/pico-sdk/src/rp2_common/hardware_irq/irq.c.obj
                0x10001c50                irq_add_tail_to_free_list
 .text.irq_init_priorities
                0x10001d48       0x16 CMakeFiles/servo.dir/D_/Pico_Downloads/pico-sdk/src/rp2_common/hardware_irq/irq.c.obj
                0x10001d48                irq_init_priorities
 .text._out_null
                0x10001d5e        0x2 CMakeFiles/servo.dir/D_/Pico_Downloads/pico-sdk/src/rp2_common/pico_printf/printf.c.obj
 .text._out_fct
                0x10001d60        0xe CMakeFiles/servo.dir/D_/Pico_Downloads/pico-sdk/src/rp2_common/pico_printf/printf.c.obj
 .text._atoi    0x10001d6e       0x24 CMakeFiles/servo.dir/D_/Pico_Downloads/pico-sdk/src/rp2_common/pico_printf/printf.c.obj
 .text._out_rev
                0x10001d92       0xae CMakeFiles/servo.dir/D_/Pico_Downloads/pico-sdk/src/rp2_common/pico_printf/printf.c.obj
 .text._ntoa_format
                0x10001e40      0x112 CMakeFiles/servo.dir/D_/Pico_Downloads/pico-sdk/src/rp2_common/pico_printf/printf.c.obj
 .text._ntoa_long
                0x10001f52       0xbc CMakeFiles/servo.dir/D_/Pico_Downloads/pico-sdk/src/rp2_common/pico_printf/printf.c.obj
 .text._ntoa_long_long
                0x1000200e       0xe2 CMakeFiles/servo.dir/D_/Pico_Downloads/pico-sdk/src/rp2_common/pico_printf/printf.c.obj
 .text._etoa    0x100020f0      0x404 CMakeFiles/servo.dir/D_/Pico_Downloads/pico-sdk/src/rp2_common/pico_printf/printf.c.obj
 .text._ftoa    0x100024f4      0x354 CMakeFiles/servo.dir/D_/Pico_Downloads/pico-sdk/src/rp2_common/pico_printf/printf.c.obj
 .text._vsnprintf
                0x10002848      0x624 CMakeFiles/servo.dir/D_/Pico_Downloads/pico-sdk/src/rp2_common/pico_printf/printf.c.obj
 .text.vfctprintf
                0x10002e6c       0x20 CMakeFiles/servo.dir/D_/Pico_Downloads/pico-sdk/src/rp2_common/pico_printf/printf.c.obj
                0x10002e6c                vfctprintf
 .text          0x10002e8c       0x10 CMakeFiles/servo.dir/D_/Pico_Downloads/pico-sdk/src/rp2_common/pico_bit_ops/bit_ops_aeabi.S.obj
 .text.rom_func_lookup
                0x10002e9c       0x10 CMakeFiles/servo.dir/D_/Pico_Downloads/pico-sdk/src/rp2_common/pico_bootrom/bootrom.c.obj
                0x10002e9c                rom_func_lookup
 .text.rom_data_lookup
                0x10002eac       0x10 CMakeFiles/servo.dir/D_/Pico_Downloads/pico-sdk/src/rp2_common/pico_bootrom/bootrom.c.obj
                0x10002eac                rom_data_lookup
 .text.rom_funcs_lookup
                0x10002ebc       0x36 CMakeFiles/servo.dir/D_/Pico_Downloads/pico-sdk/src/rp2_common/pico_bootrom/bootrom.c.obj
                0x10002ebc                rom_funcs_lookup
 *fill*         0x10002ef2        0x2 
 .text.__wrap___aeabi_idiv
                0x10002ef4       0x58 CMakeFiles/servo.dir/D_/Pico_Downloads/pico-sdk/src/rp2_common/pico_divider/divider.S.obj
                0x10002ef4                __wrap___aeabi_idivmod
                0x10002ef4                divmod_s32s32
                0x10002ef4                div_s32s32
                0x10002ef4                __wrap___aeabi_idiv
                0x10002efc                divmod_s32s32_unsafe
                0x10002f28                divmod_s32s32_savestate
 .text.__wrap___aeabi_uidiv
                0x10002f4c       0x54 CMakeFiles/servo.dir/D_/Pico_Downloads/pico-sdk/src/rp2_common/pico_divider/divider.S.obj
                0x10002f4c                __wrap___aeabi_uidiv
                0x10002f4c                __wrap___aeabi_uidivmod
                0x10002f4c                div_u32u32
                0x10002f4c                divmod_u32u32
                0x10002f54                divmod_u32u32_unsafe
                0x10002f7c                divmod_u32u32_savestate
 .text.__wrap___aeabi_ldiv
                0x10002fa0      0x430 CMakeFiles/servo.dir/D_/Pico_Downloads/pico-sdk/src/rp2_common/pico_divider/divider.S.obj
                0x10002fa0                div_s64s64
                0x10002fa0                divmod_s64s64
                0x10002fa0                __wrap___aeabi_ldivmod
                0x10002fd8                divmod_u64u64
                0x10002fd8                div_u64u64
                0x10002fd8                __wrap___aeabi_uldivmod
                0x10002fe8                divmod_u64u64_savestate
                0x10003010                divmod_s64s64_unsafe
                0x10003098                divmod_u64u64_unsafe
 .text.__wrap___aeabi_darithmetic
                0x100033d0       0x54 CMakeFiles/servo.dir/D_/Pico_Downloads/pico-sdk/src/rp2_common/pico_double/double_aeabi.S.obj
                0x100033d0                __wrap___aeabi_drsub
                0x100033d6                __wrap___aeabi_dsub
                0x100033e8                __wrap___aeabi_dadd
                0x100033fa                __wrap___aeabi_ddiv
                0x1000340c                __wrap___aeabi_dmul
 .text.__wrap___aeabi_cdcmple
                0x10003424       0x6c CMakeFiles/servo.dir/D_/Pico_Downloads/pico-sdk/src/rp2_common/pico_double/double_aeabi.S.obj
                0x10003424                __wrap___aeabi_cdrcmple
                0x10003434                __wrap___aeabi_cdcmpeq
                0x10003434                __wrap___aeabi_cdcmple
 .text.__wrap___aeabi_dcmplt
                0x10003490        0xc CMakeFiles/servo.dir/D_/Pico_Downloads/pico-sdk/src/rp2_common/pico_double/double_aeabi.S.obj
                0x10003490                __wrap___aeabi_dcmplt
 .text.__wrap___aeabi_dcmple
                0x1000349c       0x10 CMakeFiles/servo.dir/D_/Pico_Downloads/pico-sdk/src/rp2_common/pico_double/double_aeabi.S.obj
                0x1000349c                __wrap___aeabi_dcmple
 .text.__wrap___aeabi_dcmpge
                0x100034ac       0x10 CMakeFiles/servo.dir/D_/Pico_Downloads/pico-sdk/src/rp2_common/pico_double/double_aeabi.S.obj
                0x100034ac                __wrap___aeabi_dcmpge
 .text.__wrap___aeabi_dcmpgt
                0x100034bc        0xa CMakeFiles/servo.dir/D_/Pico_Downloads/pico-sdk/src/rp2_common/pico_double/double_aeabi.S.obj
                0x100034bc                __wrap___aeabi_dcmpgt
 .text.__wrap___aeabi_dcmpun
                0x100034c6       0x1c CMakeFiles/servo.dir/D_/Pico_Downloads/pico-sdk/src/rp2_common/pico_double/double_aeabi.S.obj
                0x100034c6                __wrap___aeabi_dcmpun
 *fill*         0x100034e2        0x2 
 .text.__wrap___aeabi_i2d
                0x100034e4       0x38 CMakeFiles/servo.dir/D_/Pico_Downloads/pico-sdk/src/rp2_common/pico_double/double_aeabi.S.obj
                0x100034e4                __wrap___aeabi_ui2d
                0x100034ec                __wrap___aeabi_i2d
 .text.__wrap___aeabi_d2iz
                0x1000351c       0x48 CMakeFiles/servo.dir/D_/Pico_Downloads/pico-sdk/src/rp2_common/pico_double/double_aeabi.S.obj
                0x1000351c                double2int_z
                0x1000351c                __wrap___aeabi_d2iz
 .text.__wrap___aeabi_d2uiz
                0x10003564       0x18 CMakeFiles/servo.dir/D_/Pico_Downloads/pico-sdk/src/rp2_common/pico_double/double_aeabi.S.obj
                0x10003564                __wrap___aeabi_d2uiz
                0x10003564                double2uint
 .text.__aeabi_double_init
                0x1000357c       0xb8 CMakeFiles/servo.dir/D_/Pico_Downloads/pico-sdk/src/rp2_common/pico_double/double_init_rom.c.obj
                0x1000357c                __aeabi_double_init
 .text.double_table_shim_on_use_helper
                0x10003634       0x34 CMakeFiles/servo.dir/D_/Pico_Downloads/pico-sdk/src/rp2_common/pico_double/double_v1_rom_shim.S.obj
                0x10003634                double_table_shim_on_use_helper
 .text.__wrap___aeabi_dsub
                0x10003668       0x10 CMakeFiles/servo.dir/D_/Pico_Downloads/pico-sdk/src/rp2_common/pico_double/double_v1_rom_shim.S.obj
                0x10003668                drsub_shim
                0x1000366e                dsub_shim
 .text.dadd_shim
                0x10003678      0x15c CMakeFiles/servo.dir/D_/Pico_Downloads/pico-sdk/src/rp2_common/pico_double/double_v1_rom_shim.S.obj
                0x10003678                dadd_shim
 .text.dmul_shim
                0x100037d4      0x15c CMakeFiles/servo.dir/D_/Pico_Downloads/pico-sdk/src/rp2_common/pico_double/double_v1_rom_shim.S.obj
                0x100037d4                dmul_shim
 .text.ddiv_shim
                0x10003930      0x1b0 CMakeFiles/servo.dir/D_/Pico_Downloads/pico-sdk/src/rp2_common/pico_double/double_v1_rom_shim.S.obj
                0x10003930                ddiv_shim
 .text.dcordic_rot_step
                0x10003ae0       0x7c CMakeFiles/servo.dir/D_/Pico_Downloads/pico-sdk/src/rp2_common/pico_double/double_v1_rom_shim.S.obj
                0x10003ae0                dcordic_rot_step
 .text.double2uint_shim
                0x10003b5c        0xe CMakeFiles/servo.dir/D_/Pico_Downloads/pico-sdk/src/rp2_common/pico_double/double_v1_rom_shim.S.obj
                0x10003b5c                double2uint_shim
                0x10003b5e                double2ufix_shim
 *fill*         0x10003b6a        0x2 
 .text.double2uint64_shim
                0x10003b6c       0x6c CMakeFiles/servo.dir/D_/Pico_Downloads/pico-sdk/src/rp2_common/pico_double/double_v1_rom_shim.S.obj
                0x10003b6c                double2uint64_shim
                0x10003b6e                double2ufix64_shim
                0x10003b88                d2fix_a
 .text.dunpacks
                0x10003bd8       0x3c CMakeFiles/servo.dir/D_/Pico_Downloads/pico-sdk/src/rp2_common/pico_double/double_v1_rom_shim.S.obj
                0x10003bd8                dunpacks
 .text.__aeabi_lmul
                0x10003c14       0x32 CMakeFiles/servo.dir/D_/Pico_Downloads/pico-sdk/src/rp2_common/pico_int64_ops/pico_int64_ops_aeabi.S.obj
                0x10003c14                __wrap___aeabi_lmul
 *fill*         0x10003c46        0x2 
 .text.__wrap___aeabi_farithmetic
                0x10003c48       0x34 CMakeFiles/servo.dir/D_/Pico_Downloads/pico-sdk/src/rp2_common/pico_float/float_aeabi.S.obj
                0x10003c48                __wrap___aeabi_frsub
                0x10003c4e                __wrap___aeabi_fsub
                0x10003c58                __wrap___aeabi_fadd
                0x10003c62                __wrap___aeabi_fdiv
                0x10003c6c                __wrap___aeabi_fmul
 .text.__wrap___aeabi_f2uiz
                0x10003c7c       0x10 CMakeFiles/servo.dir/D_/Pico_Downloads/pico-sdk/src/rp2_common/pico_float/float_aeabi.S.obj
                0x10003c7c                __wrap___aeabi_f2uiz
 .text.__aeabi_float_init
                0x10003c8c       0xfc CMakeFiles/servo.dir/D_/Pico_Downloads/pico-sdk/src/rp2_common/pico_float/float_init_rom.c.obj
                0x10003c8c                __aeabi_float_init
 .text.float_table_shim_on_use_helper
                0x10003d88       0x34 CMakeFiles/servo.dir/D_/Pico_Downloads/pico-sdk/src/rp2_common/pico_float/float_v1_rom_shim.S.obj
                0x10003d88                float_table_shim_on_use_helper
 .text.__wrap_malloc
                0x10003dbc        0x8 CMakeFiles/servo.dir/D_/Pico_Downloads/pico-sdk/src/rp2_common/pico_malloc/pico_malloc.c.obj
                0x10003dbc                __wrap_malloc
 .text.__wrap_calloc
                0x10003dc4        0x8 CMakeFiles/servo.dir/D_/Pico_Downloads/pico-sdk/src/rp2_common/pico_malloc/pico_malloc.c.obj
                0x10003dc4                __wrap_calloc
 .text          0x10003dcc       0x10 CMakeFiles/servo.dir/D_/Pico_Downloads/pico-sdk/src/rp2_common/pico_mem_ops/mem_ops_aeabi.S.obj
                0x10003dcc                __aeabi_mem_init
 .text.memset   0x10003ddc        0xc CMakeFiles/servo.dir/D_/Pico_Downloads/pico-sdk/src/rp2_common/pico_mem_ops/mem_ops_aeabi.S.obj
                0x10003ddc                __wrap_memset
 .text.memcpy   0x10003de8        0xc CMakeFiles/servo.dir/D_/Pico_Downloads/pico-sdk/src/rp2_common/pico_mem_ops/mem_ops_aeabi.S.obj
                0x10003de8                __wrap_memcpy
                0x10003de8                __wrap___aeabi_memcpy
 .text.stdio_out_chars_crlf
                0x10003df4       0x80 CMakeFiles/servo.dir/D_/Pico_Downloads/pico-sdk/src/rp2_common/pico_stdio/stdio.c.obj
 .text.stdio_stack_buffer_flush
                0x10003e74       0x44 CMakeFiles/servo.dir/D_/Pico_Downloads/pico-sdk/src/rp2_common/pico_stdio/stdio.c.obj
 .text.stdio_buffered_printer
                0x10003eb8       0x20 CMakeFiles/servo.dir/D_/Pico_Downloads/pico-sdk/src/rp2_common/pico_stdio/stdio.c.obj
 .text.stdout_serialize_begin
                0x10003ed8       0x2c CMakeFiles/servo.dir/D_/Pico_Downloads/pico-sdk/src/rp2_common/pico_stdio/stdio.c.obj
                0x10003ed8                stdout_serialize_begin
 .text.stdout_serialize_end
                0x10003f04       0x10 CMakeFiles/servo.dir/D_/Pico_Downloads/pico-sdk/src/rp2_common/pico_stdio/stdio.c.obj
                0x10003f04                stdout_serialize_end
 .text.stdio_put_string
                0x10003f14       0x84 CMakeFiles/servo.dir/D_/Pico_Downloads/pico-sdk/src/rp2_common/pico_stdio/stdio.c.obj
 .text.stdio_flush
                0x10003f98       0x20 CMakeFiles/servo.dir/D_/Pico_Downloads/pico-sdk/src/rp2_common/pico_stdio/stdio.c.obj
                0x10003f98                stdio_flush
 .text.__wrap_puts
                0x10003fb8       0x1c CMakeFiles/servo.dir/D_/Pico_Downloads/pico-sdk/src/rp2_common/pico_stdio/stdio.c.obj
                0x10003fb8                __wrap_puts
 .text.__wrap_vprintf
                0x10003fd4       0x44 CMakeFiles/servo.dir/D_/Pico_Downloads/pico-sdk/src/rp2_common/pico_stdio/stdio.c.obj
                0x10003fd4                __wrap_vprintf
 .text.__wrap_printf
                0x10004018       0x18 CMakeFiles/servo.dir/D_/Pico_Downloads/pico-sdk/src/rp2_common/pico_stdio/stdio.c.obj
                0x10004018                __wrap_printf
 .text.calloc   0x10004030       0x18 c:/progra~2/gnuarm~1/102020~1/bin/../lib/gcc/arm-none-eabi/10.2.1/../../../../arm-none-eabi/lib/thumb/v6-m/nofp\libg.a(lib_a-calloc.o)
                0x10004030                calloc
 .text._calloc_r
                0x10004048       0x5c c:/progra~2/gnuarm~1/102020~1/bin/../lib/gcc/arm-none-eabi/10.2.1/../../../../arm-none-eabi/lib/thumb/v6-m/nofp\libg.a(lib_a-callocr.o)
                0x10004048                _calloc_r
 .text.malloc   0x100040a4       0x14 c:/progra~2/gnuarm~1/102020~1/bin/../lib/gcc/arm-none-eabi/10.2.1/../../../../arm-none-eabi/lib/thumb/v6-m/nofp\libg.a(lib_a-malloc.o)
                0x100040a4                malloc
 .text._malloc_r
                0x100040b8      0x580 c:/progra~2/gnuarm~1/102020~1/bin/../lib/gcc/arm-none-eabi/10.2.1/../../../../arm-none-eabi/lib/thumb/v6-m/nofp\libg.a(lib_a-mallocr.o)
                0x100040b8                _malloc_r
 .text.__malloc_lock
                0x10004638       0x10 c:/progra~2/gnuarm~1/102020~1/bin/../lib/gcc/arm-none-eabi/10.2.1/../../../../arm-none-eabi/lib/thumb/v6-m/nofp\libg.a(lib_a-mlock.o)
                0x10004638                __malloc_lock
 .text.__malloc_unlock
                0x10004648       0x10 c:/progra~2/gnuarm~1/102020~1/bin/../lib/gcc/arm-none-eabi/10.2.1/../../../../arm-none-eabi/lib/thumb/v6-m/nofp\libg.a(lib_a-mlock.o)
                0x10004648                __malloc_unlock
 .text._sbrk_r  0x10004658       0x24 c:/progra~2/gnuarm~1/102020~1/bin/../lib/gcc/arm-none-eabi/10.2.1/../../../../arm-none-eabi/lib/thumb/v6-m/nofp\libg.a(lib_a-sbrkr.o)
                0x10004658                _sbrk_r
 .text.strlen   0x1000467c       0x5c c:/progra~2/gnuarm~1/102020~1/bin/../lib/gcc/arm-none-eabi/10.2.1/../../../../arm-none-eabi/lib/thumb/v6-m/nofp\libg.a(lib_a-strlen-stub.o)
                0x1000467c                strlen
 .text._malloc_trim_r
                0x100046d8       0x9c c:/progra~2/gnuarm~1/102020~1/bin/../lib/gcc/arm-none-eabi/10.2.1/../../../../arm-none-eabi/lib/thumb/v6-m/nofp\libg.a(lib_a-freer.o)
                0x100046d8                _malloc_trim_r
 .text._free_r  0x10004774      0x1c4 c:/progra~2/gnuarm~1/102020~1/bin/../lib/gcc/arm-none-eabi/10.2.1/../../../../arm-none-eabi/lib/thumb/v6-m/nofp\libg.a(lib_a-freer.o)
                0x10004774                _free_r
 .text.__retarget_lock_acquire_recursive
                0x10004938        0x4 c:/progra~2/gnuarm~1/102020~1/bin/../lib/gcc/arm-none-eabi/10.2.1/../../../../arm-none-eabi/lib/thumb/v6-m/nofp\libg.a(lib_a-lock.o)
                0x10004938                __retarget_lock_acquire_recursive
 .text.__retarget_lock_release_recursive
                0x1000493c        0x4 c:/progra~2/gnuarm~1/102020~1/bin/../lib/gcc/arm-none-eabi/10.2.1/../../../../arm-none-eabi/lib/thumb/v6-m/nofp\libg.a(lib_a-lock.o)
                0x1000493c                __retarget_lock_release_recursive
 *(.fini)
 .fini          0x10004940        0x4 c:/progra~2/gnuarm~1/102020~1/bin/../lib/gcc/arm-none-eabi/10.2.1/thumb/v6-m/nofp/crti.o
                0x10004940                _fini
 *fill*         0x10004944        0x4 
 .fini.__stub   0x10004948       0x50 linker stubs
 *crtbegin.o(.ctors)
 *crtbegin?.o(.ctors)
 *(EXCLUDE_FILE(*crtend.o *crtend?.o) .ctors)
 *(SORT_BY_NAME(.ctors.*))
 *(.ctors)
 *crtbegin.o(.dtors)
 *crtbegin?.o(.dtors)
 *(EXCLUDE_FILE(*crtend.o *crtend?.o) .dtors)
 *(SORT_BY_NAME(.dtors.*))
 *(.dtors)
 *(.eh_frame*)
 .eh_frame      0x10004998        0x0 c:/progra~2/gnuarm~1/102020~1/bin/../lib/gcc/arm-none-eabi/10.2.1/thumb/v6-m/nofp/crtbegin.o
                0x10004998                . = ALIGN (0x4)

.glue_7         0x10004998        0x0
 .glue_7        0x10004998        0x0 linker stubs

.glue_7t        0x10004998        0x0
 .glue_7t       0x10004998        0x0 linker stubs

.vfp11_veneer   0x10004998        0x0
 .vfp11_veneer  0x10004998        0x0 linker stubs

.v4_bx          0x10004998        0x0
 .v4_bx         0x10004998        0x0 linker stubs

.iplt           0x10004998        0x0
 .iplt          0x10004998        0x0 c:/progra~2/gnuarm~1/102020~1/bin/../lib/gcc/arm-none-eabi/10.2.1/thumb/v6-m/nofp/crtbegin.o

.rodata         0x10004998      0xd04
 *(EXCLUDE_FILE(*libm.a: *libc.a:*lib_a-mem*.o *libgcc.a:) .rodata*)
 .rodata.alarm_pool_dump_key.str1.4
                0x10004998       0x6b CMakeFiles/servo.dir/D_/Pico_Downloads/pico-sdk/src/common/pico_time/time.c.obj
 *fill*         0x10004a03        0x1 
 .rodata.ph_add_child_node.str1.4
                0x10004a04       0x8e CMakeFiles/servo.dir/D_/Pico_Downloads/pico-sdk/src/common/pico_time/time.c.obj
 *fill*         0x10004a92        0x2 
 .rodata.add_alarm_under_lock.str1.4
                0x10004a94       0x27 CMakeFiles/servo.dir/D_/Pico_Downloads/pico-sdk/src/common/pico_time/time.c.obj
 *fill*         0x10004abb        0x1 
 .rodata.alarm_pool_alarm_callback.str1.4
                0x10004abc       0x7d CMakeFiles/servo.dir/D_/Pico_Downloads/pico-sdk/src/common/pico_time/time.c.obj
 *fill*         0x10004b39        0x3 
 .rodata.alarm_pool_get_default.str1.4
                0x10004b3c       0x13 CMakeFiles/servo.dir/D_/Pico_Downloads/pico-sdk/src/common/pico_time/time.c.obj
 *fill*         0x10004b4f        0x1 
 .rodata.__func__.10
                0x10004b50       0x17 CMakeFiles/servo.dir/D_/Pico_Downloads/pico-sdk/src/common/pico_time/time.c.obj
 *fill*         0x10004b67        0x1 
 .rodata.__func__.2
                0x10004b68       0x12 CMakeFiles/servo.dir/D_/Pico_Downloads/pico-sdk/src/common/pico_time/time.c.obj
 *fill*         0x10004b7a        0x2 
 .rodata.__func__.3
                0x10004b7c       0x14 CMakeFiles/servo.dir/D_/Pico_Downloads/pico-sdk/src/common/pico_time/time.c.obj
 .rodata.__func__.4
                0x10004b90       0x12 CMakeFiles/servo.dir/D_/Pico_Downloads/pico-sdk/src/common/pico_time/time.c.obj
 *fill*         0x10004ba2        0x2 
 .rodata.__func__.5
                0x10004ba4        0xa CMakeFiles/servo.dir/D_/Pico_Downloads/pico-sdk/src/common/pico_time/time.c.obj
 *fill*         0x10004bae        0x2 
 .rodata.__func__.6
                0x10004bb0        0xc CMakeFiles/servo.dir/D_/Pico_Downloads/pico-sdk/src/common/pico_time/time.c.obj
 .rodata.__func__.7
                0x10004bbc       0x15 CMakeFiles/servo.dir/D_/Pico_Downloads/pico-sdk/src/common/pico_time/time.c.obj
 *fill*         0x10004bd1        0x3 
 .rodata.__func__.8
                0x10004bd4       0x1a CMakeFiles/servo.dir/D_/Pico_Downloads/pico-sdk/src/common/pico_time/time.c.obj
 *fill*         0x10004bee        0x2 
 .rodata.__func__.9
                0x10004bf0        0xa CMakeFiles/servo.dir/D_/Pico_Downloads/pico-sdk/src/common/pico_time/time.c.obj
 *fill*         0x10004bfa        0x2 
 .rodata.hardware_alarm_claim.str1.4
                0x10004bfc       0x22 CMakeFiles/servo.dir/D_/Pico_Downloads/pico-sdk/src/rp2_common/hardware_timer/timer.c.obj
 *fill*         0x10004c1e        0x2 
 .rodata.hardware_alarm_set_target.str1.4
                0x10004c20       0x65 CMakeFiles/servo.dir/D_/Pico_Downloads/pico-sdk/src/rp2_common/hardware_timer/timer.c.obj
 *fill*         0x10004c85        0x3 
 .rodata.__func__.0
                0x10004c88       0x1a CMakeFiles/servo.dir/D_/Pico_Downloads/pico-sdk/src/rp2_common/hardware_timer/timer.c.obj
 *fill*         0x10004ca2        0x2 
 .rodata.lock_init.str1.4
                0x10004ca4       0x68 CMakeFiles/servo.dir/D_/Pico_Downloads/pico-sdk/src/common/pico_sync/lock_core.c.obj
 .rodata.__func__.0
                0x10004d0c        0xa CMakeFiles/servo.dir/D_/Pico_Downloads/pico-sdk/src/common/pico_sync/lock_core.c.obj
 *fill*         0x10004d16        0x2 
 .rodata.str1.4
                0x10004d18       0x5c CMakeFiles/servo.dir/D_/Pico_Downloads/pico-sdk/src/common/pico_sync/mutex.c.obj
 .rodata.__func__.0
                0x10004d74        0xb CMakeFiles/servo.dir/D_/Pico_Downloads/pico-sdk/src/common/pico_sync/mutex.c.obj
 *fill*         0x10004d7f        0x1 
 .rodata.__func__.2
                0x10004d80       0x15 CMakeFiles/servo.dir/D_/Pico_Downloads/pico-sdk/src/common/pico_sync/mutex.c.obj
 .rodata.ph_add_child_node.str1.4
                0x10004d95       0x8e CMakeFiles/servo.dir/D_/Pico_Downloads/pico-sdk/src/common/pico_util/pheap.c.obj
 *fill*         0x10004d95        0x3 
 .rodata.ph_remove_any_head.str1.4
                0x10004d98       0x8c CMakeFiles/servo.dir/D_/Pico_Downloads/pico-sdk/src/common/pico_util/pheap.c.obj
 .rodata.ph_delete.str1.4
                0x10004e24       0x26 CMakeFiles/servo.dir/D_/Pico_Downloads/pico-sdk/src/common/pico_util/pheap.c.obj
 *fill*         0x10004e4a        0x2 
 .rodata.__func__.0
                0x10004e4c        0xa CMakeFiles/servo.dir/D_/Pico_Downloads/pico-sdk/src/common/pico_util/pheap.c.obj
 *fill*         0x10004e56        0x2 
 .rodata.__func__.1
                0x10004e58       0x13 CMakeFiles/servo.dir/D_/Pico_Downloads/pico-sdk/src/common/pico_util/pheap.c.obj
 *fill*         0x10004e6b        0x1 
 .rodata.__func__.2
                0x10004e6c       0x12 CMakeFiles/servo.dir/D_/Pico_Downloads/pico-sdk/src/common/pico_util/pheap.c.obj
 *fill*         0x10004e7e        0x2 
 .rodata.__func__.3
                0x10004e80        0xc CMakeFiles/servo.dir/D_/Pico_Downloads/pico-sdk/src/common/pico_util/pheap.c.obj
 .rodata.__assert_func.str1.4
                0x10004e8c       0x3f CMakeFiles/servo.dir/D_/Pico_Downloads/pico-sdk/src/rp2_common/pico_runtime/runtime.c.obj
                                 0x43 (size before relaxing)
 *fill*         0x10004ecb        0x1 
 .rodata.panic.str1.4
                0x10004ecc       0x12 CMakeFiles/servo.dir/D_/Pico_Downloads/pico-sdk/src/rp2_common/pico_runtime/runtime.c.obj
 *fill*         0x10004ede        0x2 
 .rodata.clock_configure.str1.4
                0x10004ee0       0x57 CMakeFiles/servo.dir/D_/Pico_Downloads/pico-sdk/src/rp2_common/hardware_clocks/clocks.c.obj
 *fill*         0x10004f37        0x1 
 .rodata.__func__.1
                0x10004f38       0x10 CMakeFiles/servo.dir/D_/Pico_Downloads/pico-sdk/src/rp2_common/hardware_clocks/clocks.c.obj
 .rodata.pll_init.str1.4
                0x10004f48       0xdb CMakeFiles/servo.dir/D_/Pico_Downloads/pico-sdk/src/rp2_common/hardware_pll/pll.c.obj
 *fill*         0x10005023        0x1 
 .rodata.__func__.0
                0x10005024        0x9 CMakeFiles/servo.dir/D_/Pico_Downloads/pico-sdk/src/rp2_common/hardware_pll/pll.c.obj
 *fill*         0x1000502d        0x3 
 .rodata.make_branch.str1.4
                0x10005030       0x4d CMakeFiles/servo.dir/D_/Pico_Downloads/pico-sdk/src/rp2_common/hardware_irq/irq.c.obj
 *fill*         0x1000507d        0x3 
 .rodata.irq_set_exclusive_handler.str1.4
                0x10005080       0x36 CMakeFiles/servo.dir/D_/Pico_Downloads/pico-sdk/src/rp2_common/hardware_irq/irq.c.obj
 *fill*         0x100050b6        0x2 
 .rodata.irq_add_shared_handler.str1.4
                0x100050b8       0xd9 CMakeFiles/servo.dir/D_/Pico_Downloads/pico-sdk/src/rp2_common/hardware_irq/irq.c.obj
 *fill*         0x10005191        0x3 
 .rodata.irq_remove_handler.str1.4
                0x10005194       0x2a CMakeFiles/servo.dir/D_/Pico_Downloads/pico-sdk/src/rp2_common/hardware_irq/irq.c.obj
 *fill*         0x100051be        0x2 
 .rodata.irq_add_tail_to_free_list.str1.4
                0x100051c0       0x32 CMakeFiles/servo.dir/D_/Pico_Downloads/pico-sdk/src/rp2_common/hardware_irq/irq.c.obj
                                 0x3a (size before relaxing)
 *fill*         0x100051f2        0x2 
 .rodata.__func__.0
                0x100051f4       0x1a CMakeFiles/servo.dir/D_/Pico_Downloads/pico-sdk/src/rp2_common/hardware_irq/irq.c.obj
 *fill*         0x1000520e        0x2 
 .rodata.__func__.1
                0x10005210       0x17 CMakeFiles/servo.dir/D_/Pico_Downloads/pico-sdk/src/rp2_common/hardware_irq/irq.c.obj
 *fill*         0x10005227        0x1 
 .rodata.__func__.2
                0x10005228       0x13 CMakeFiles/servo.dir/D_/Pico_Downloads/pico-sdk/src/rp2_common/hardware_irq/irq.c.obj
 *fill*         0x1000523b        0x1 
 .rodata.__func__.3
                0x1000523c        0xc CMakeFiles/servo.dir/D_/Pico_Downloads/pico-sdk/src/rp2_common/hardware_irq/irq.c.obj
 .rodata.__func__.4
                0x10005248        0xf CMakeFiles/servo.dir/D_/Pico_Downloads/pico-sdk/src/rp2_common/hardware_irq/irq.c.obj
 *fill*         0x10005257        0x1 
 .rodata.__func__.6
                0x10005258       0x1a CMakeFiles/servo.dir/D_/Pico_Downloads/pico-sdk/src/rp2_common/hardware_irq/irq.c.obj
 *fill*         0x10005272        0x2 
 .rodata._ftoa.str1.4
                0x10005274       0x15 CMakeFiles/servo.dir/D_/Pico_Downloads/pico-sdk/src/rp2_common/pico_printf/printf.c.obj
 *fill*         0x10005289        0x3 
 .rodata._vsnprintf
                0x1000528c      0x1e0 CMakeFiles/servo.dir/D_/Pico_Downloads/pico-sdk/src/rp2_common/pico_printf/printf.c.obj
 *fill*         0x1000546c        0x4 
 .rodata.pow10.0
                0x10005470       0x50 CMakeFiles/servo.dir/D_/Pico_Downloads/pico-sdk/src/rp2_common/pico_printf/printf.c.obj
 .rodata.__aeabi_double_init.str1.4
                0x100054c0       0xa8 CMakeFiles/servo.dir/D_/Pico_Downloads/pico-sdk/src/rp2_common/pico_double/double_init_rom.c.obj
 .rodata.__func__.0
                0x10005568       0x14 CMakeFiles/servo.dir/D_/Pico_Downloads/pico-sdk/src/rp2_common/pico_double/double_init_rom.c.obj
 .rodata.__aeabi_float_init.str1.4
                0x1000557c       0x7a CMakeFiles/servo.dir/D_/Pico_Downloads/pico-sdk/src/rp2_common/pico_float/float_init_rom.c.obj
                                 0x7e (size before relaxing)
 *fill*         0x100055f6        0x2 
 .rodata.__func__.0
                0x100055f8       0x13 CMakeFiles/servo.dir/D_/Pico_Downloads/pico-sdk/src/rp2_common/pico_float/float_init_rom.c.obj
 *fill*         0x1000560b        0x1 
 .rodata.str1.4
                0x1000560c       0x68 CMakeFiles/servo.dir/D_/Pico_Downloads/pico-sdk/src/rp2_common/pico_standard_link/binary_info.c.obj
 .rodata.__bi_40
                0x10005674        0xc CMakeFiles/servo.dir/D_/Pico_Downloads/pico-sdk/src/rp2_common/pico_standard_link/binary_info.c.obj
 .rodata.__bi_65
                0x10005680        0xc CMakeFiles/servo.dir/D_/Pico_Downloads/pico-sdk/src/rp2_common/pico_standard_link/binary_info.c.obj
 .rodata.__bi_71
                0x1000568c        0xc CMakeFiles/servo.dir/D_/Pico_Downloads/pico-sdk/src/rp2_common/pico_standard_link/binary_info.c.obj
 .rodata.crlf_str.1
                0x10005698        0x2 CMakeFiles/servo.dir/D_/Pico_Downloads/pico-sdk/src/rp2_common/pico_stdio/stdio.c.obj
                0x1000569c                . = ALIGN (0x4)
 *fill*         0x1000569a        0x2 
 *(SORT_BY_ALIGNMENT(SORT_BY_NAME(.flashdata*)))
                0x1000569c                . = ALIGN (0x4)

.rel.dyn        0x1000569c        0x0
 .rel.iplt      0x1000569c        0x0 c:/progra~2/gnuarm~1/102020~1/bin/../lib/gcc/arm-none-eabi/10.2.1/thumb/v6-m/nofp/crtbegin.o

.ARM.extab
 *(.ARM.extab* .gnu.linkonce.armextab.*)
                0x1000569c                __exidx_start = .

.ARM.exidx
 *(.ARM.exidx* .gnu.linkonce.armexidx.*)
                0x1000569c                __exidx_end = .
                0x1000569c                . = ALIGN (0x4)
                0x1000569c                __binary_info_start = .

.binary_info    0x1000569c       0x1c
 *(.binary_info.keep.*)
 .binary_info.keep.__bi_ptr18
                0x1000569c        0x4 CMakeFiles/servo.dir/D_/Pico_Downloads/pico-sdk/src/rp2_common/pico_standard_link/binary_info.c.obj
 .binary_info.keep.__bi_ptr26
                0x100056a0        0x4 CMakeFiles/servo.dir/D_/Pico_Downloads/pico-sdk/src/rp2_common/pico_standard_link/binary_info.c.obj
 .binary_info.keep.__bi_ptr34
                0x100056a4        0x4 CMakeFiles/servo.dir/D_/Pico_Downloads/pico-sdk/src/rp2_common/pico_standard_link/binary_info.c.obj
 .binary_info.keep.__bi_ptr40
                0x100056a8        0x4 CMakeFiles/servo.dir/D_/Pico_Downloads/pico-sdk/src/rp2_common/pico_standard_link/binary_info.c.obj
 .binary_info.keep.__bi_ptr46
                0x100056ac        0x4 CMakeFiles/servo.dir/D_/Pico_Downloads/pico-sdk/src/rp2_common/pico_standard_link/binary_info.c.obj
 .binary_info.keep.__bi_ptr65
                0x100056b0        0x4 CMakeFiles/servo.dir/D_/Pico_Downloads/pico-sdk/src/rp2_common/pico_standard_link/binary_info.c.obj
 .binary_info.keep.__bi_ptr71
                0x100056b4        0x4 CMakeFiles/servo.dir/D_/Pico_Downloads/pico-sdk/src/rp2_common/pico_standard_link/binary_info.c.obj
 *(.binary_info.*)
                0x100056b8                __binary_info_end = .
                0x100056b8                . = ALIGN (0x4)
                0x100056b8                __etext = .

.ram_vector_table
                0x20000000       0xc0
 *(.ram_vector_table)
 .ram_vector_table
                0x20000000       0xc0 CMakeFiles/servo.dir/D_/Pico_Downloads/pico-sdk/src/rp2_common/pico_runtime/runtime.c.obj
                0x20000000                ram_vector_table

.data           0x200000c0      0x9dc load address 0x100056b8
                0x200000c0                __data_start__ = .
 *(vtable)
 *(.time_critical*)
 .time_critical.mutex_enter_blocking
                0x200000c0       0x64 CMakeFiles/servo.dir/D_/Pico_Downloads/pico-sdk/src/common/pico_sync/mutex.c.obj
                0x200000c0                mutex_enter_blocking
 .time_critical.mutex_try_enter
                0x20000124       0x44 CMakeFiles/servo.dir/D_/Pico_Downloads/pico-sdk/src/common/pico_sync/mutex.c.obj
                0x20000124                mutex_try_enter
 .time_critical.mutex_exit
                0x20000168       0x4c CMakeFiles/servo.dir/D_/Pico_Downloads/pico-sdk/src/common/pico_sync/mutex.c.obj
                0x20000168                mutex_exit
 *(.text*)
 .text          0x200001b4        0x4 c:/progra~2/gnuarm~1/102020~1/bin/../lib/gcc/arm-none-eabi/10.2.1/thumb/v6-m/nofp\libgcc.a(_dvmd_tls.o)
                0x200001b4                __aeabi_idiv0
                0x200001b4                __aeabi_ldiv0
 .text.__stub   0x200001b8       0x10 linker stubs
                0x200001c8                . = ALIGN (0x4)
 *(.rodata*)
                0x200001c8                . = ALIGN (0x4)
 *(.data*)
 .data.striped_spin_lock_num
                0x200001c8        0x1 CMakeFiles/servo.dir/D_/Pico_Downloads/pico-sdk/src/rp2_common/hardware_sync/sync.c.obj
 *fill*         0x200001c9        0x3 
 .data          0x200001cc       0x48 CMakeFiles/servo.dir/D_/Pico_Downloads/pico-sdk/src/rp2_common/hardware_irq/irq_handler_chain.S.obj
                0x200001cc                irq_handler_chain_slots
                0x200001fc                irq_handler_chain_first_slot
                0x20000206                irq_handler_chain_remove_tail
 *fill*         0x20000214        0xc 
 .data.aeabi_bits_funcs
                0x20000220       0x10 CMakeFiles/servo.dir/D_/Pico_Downloads/pico-sdk/src/rp2_common/pico_bit_ops/bit_ops_aeabi.S.obj
                0x20000220                aeabi_bits_funcs
                0x20000230                aeabi_bits_funcs_end
 .data.aeabi_mem_funcs
                0x20000230       0x10 CMakeFiles/servo.dir/D_/Pico_Downloads/pico-sdk/src/rp2_common/pico_mem_ops/mem_ops_aeabi.S.obj
                0x20000230                aeabi_mem_funcs
                0x20000240                aeabi_mem_funcs_end
 .data._impure_ptr
                0x20000240        0x4 c:/progra~2/gnuarm~1/102020~1/bin/../lib/gcc/arm-none-eabi/10.2.1/../../../../arm-none-eabi/lib/thumb/v6-m/nofp\libg.a(lib_a-impure.o)
                0x20000240                _impure_ptr
 *fill*         0x20000244        0x4 
 .data.impure_data
                0x20000248      0x428 c:/progra~2/gnuarm~1/102020~1/bin/../lib/gcc/arm-none-eabi/10.2.1/../../../../arm-none-eabi/lib/thumb/v6-m/nofp\libg.a(lib_a-impure.o)
 .data.__malloc_av_
                0x20000670      0x408 c:/progra~2/gnuarm~1/102020~1/bin/../lib/gcc/arm-none-eabi/10.2.1/../../../../arm-none-eabi/lib/thumb/v6-m/nofp\libg.a(lib_a-mallocr.o)
                0x20000670                __malloc_av_
 .data.__malloc_sbrk_base
                0x20000a78        0x4 c:/progra~2/gnuarm~1/102020~1/bin/../lib/gcc/arm-none-eabi/10.2.1/../../../../arm-none-eabi/lib/thumb/v6-m/nofp\libg.a(lib_a-mallocr.o)
                0x20000a78                __malloc_sbrk_base
 .data.__malloc_trim_threshold
                0x20000a7c        0x4 c:/progra~2/gnuarm~1/102020~1/bin/../lib/gcc/arm-none-eabi/10.2.1/../../../../arm-none-eabi/lib/thumb/v6-m/nofp\libg.a(lib_a-mallocr.o)
                0x20000a7c                __malloc_trim_threshold
                0x20000a80                . = ALIGN (0x4)
 *(.after_data.*)
                0x20000a80                . = ALIGN (0x4)
                0x20000a80                PROVIDE (__mutex_array_start = .)
 *(SORT_BY_NAME(.mutex_array.*))
 *(.mutex_array)
 .mutex_array   0x20000a80        0x8 CMakeFiles/servo.dir/D_/Pico_Downloads/pico-sdk/src/rp2_common/pico_stdio/stdio.c.obj
                0x20000a88                PROVIDE (__mutex_array_end = .)
                0x20000a88                . = ALIGN (0x4)
                0x20000a88                PROVIDE (__preinit_array_start = .)
 *(SORT_BY_NAME(.preinit_array.*))
 .preinit_array.00001
                0x20000a88        0x4 CMakeFiles/servo.dir/D_/Pico_Downloads/pico-sdk/src/rp2_common/pico_mem_ops/mem_ops_aeabi.S.obj
 .preinit_array.00010
                0x20000a8c        0x4 CMakeFiles/servo.dir/D_/Pico_Downloads/pico-sdk/src/rp2_common/pico_bit_ops/bit_ops_aeabi.S.obj
 .preinit_array.00020
                0x20000a90        0x4 CMakeFiles/servo.dir/D_/Pico_Downloads/pico-sdk/src/rp2_common/pico_double/double_aeabi.S.obj
 .preinit_array.00020
                0x20000a94        0x4 CMakeFiles/servo.dir/D_/Pico_Downloads/pico-sdk/src/rp2_common/pico_float/float_aeabi.S.obj
 *(.preinit_array)
                0x20000a98                PROVIDE (__preinit_array_end = .)
                0x20000a98                . = ALIGN (0x4)
                0x20000a98                PROVIDE (__init_array_start = .)
 *(SORT_BY_NAME(.init_array.*))
 *(.init_array)
 .init_array    0x20000a98        0x4 c:/progra~2/gnuarm~1/102020~1/bin/../lib/gcc/arm-none-eabi/10.2.1/thumb/v6-m/nofp/crtbegin.o
                0x20000a9c                PROVIDE (__init_array_end = .)
                0x20000a9c                . = ALIGN (0x4)
                [!provide]                PROVIDE (__fini_array_start = .)
 *(SORT_BY_NAME(.fini_array.*))
 *(.fini_array)
                [!provide]                PROVIDE (__fini_array_end = .)
 *(.jcr)
                0x20000a9c                . = ALIGN (0x4)
                0x20000a9c                __data_end__ = .

.igot.plt       0x20000a9c        0x0 load address 0x10006094
 .igot.plt      0x20000a9c        0x0 c:/progra~2/gnuarm~1/102020~1/bin/../lib/gcc/arm-none-eabi/10.2.1/thumb/v6-m/nofp/crtbegin.o

.uninitialized_data
                0x20000a9c        0x0 load address 0x10006094
                0x20000a9c                . = ALIGN (0x4)
 *(.uninitialized_data*)

.scratch_x      0x20040000        0x0 load address 0x10006094
                0x20040000                __scratch_x_start__ = .
 *(.scratch_x.*)
                0x20040000                . = ALIGN (0x4)
                0x20040000                __scratch_x_end__ = .
                0x10006094                __scratch_x_source__ = LOADADDR (.scratch_x)

.scratch_y      0x20041000        0x0 load address 0x10006094
                0x20041000                __scratch_y_start__ = .
 *(.scratch_y.*)
                0x20041000                . = ALIGN (0x4)
                0x20041000                __scratch_y_end__ = .
                0x10006094                __scratch_y_source__ = LOADADDR (.scratch_y)

.bss            0x20000a9c      0x2c8
                0x20000a9c                . = ALIGN (0x4)
                0x20000a9c                __bss_start__ = .
 *(SORT_BY_ALIGNMENT(SORT_BY_NAME(.bss*)))
 .bss           0x20000a9c       0x1c c:/progra~2/gnuarm~1/102020~1/bin/../lib/gcc/arm-none-eabi/10.2.1/thumb/v6-m/nofp/crtbegin.o
 .bss.__lock___malloc_recursive_mutex
                0x20000ab8        0x1 c:/progra~2/gnuarm~1/102020~1/bin/../lib/gcc/arm-none-eabi/10.2.1/../../../../arm-none-eabi/lib/thumb/v6-m/nofp\libg.a(lib_a-lock.o)
                0x20000ab8                __lock___malloc_recursive_mutex
 *fill*         0x20000ab9        0x3 
 .bss.__malloc_current_mallinfo
                0x20000abc       0x28 c:/progra~2/gnuarm~1/102020~1/bin/../lib/gcc/arm-none-eabi/10.2.1/../../../../arm-none-eabi/lib/thumb/v6-m/nofp\libg.a(lib_a-mallocr.o)
                0x20000abc                __malloc_current_mallinfo
 .bss.__malloc_max_sbrked_mem
                0x20000ae4        0x4 c:/progra~2/gnuarm~1/102020~1/bin/../lib/gcc/arm-none-eabi/10.2.1/../../../../arm-none-eabi/lib/thumb/v6-m/nofp\libg.a(lib_a-mallocr.o)
                0x20000ae4                __malloc_max_sbrked_mem
 .bss.__malloc_max_total_mem
                0x20000ae8        0x4 c:/progra~2/gnuarm~1/102020~1/bin/../lib/gcc/arm-none-eabi/10.2.1/../../../../arm-none-eabi/lib/thumb/v6-m/nofp\libg.a(lib_a-mallocr.o)
                0x20000ae8                __malloc_max_total_mem
 .bss.__malloc_top_pad
                0x20000aec        0x4 c:/progra~2/gnuarm~1/102020~1/bin/../lib/gcc/arm-none-eabi/10.2.1/../../../../arm-none-eabi/lib/thumb/v6-m/nofp\libg.a(lib_a-mallocr.o)
                0x20000aec                __malloc_top_pad
 .bss.alarm_callbacks
                0x20000af0       0x10 CMakeFiles/servo.dir/D_/Pico_Downloads/pico-sdk/src/rp2_common/hardware_timer/timer.c.obj
 .bss.configured_freq
                0x20000b00       0x28 CMakeFiles/servo.dir/D_/Pico_Downloads/pico-sdk/src/rp2_common/hardware_clocks/clocks.c.obj
 .bss.default_alarm_pool
                0x20000b28        0x4 CMakeFiles/servo.dir/D_/Pico_Downloads/pico-sdk/src/common/pico_time/time.c.obj
 .bss.drivers   0x20000b2c        0x4 CMakeFiles/servo.dir/D_/Pico_Downloads/pico-sdk/src/rp2_common/pico_stdio/stdio.c.obj
 .bss.errno     0x20000b30        0x4 c:/progra~2/gnuarm~1/102020~1/bin/../lib/gcc/arm-none-eabi/10.2.1/../../../../arm-none-eabi/lib/thumb/v6-m/nofp\libg.a(lib_a-reent.o)
                0x20000b30                errno
 .bss.filter    0x20000b34        0x4 CMakeFiles/servo.dir/D_/Pico_Downloads/pico-sdk/src/rp2_common/pico_stdio/stdio.c.obj
 .bss.heap_end.0
                0x20000b38        0x4 CMakeFiles/servo.dir/D_/Pico_Downloads/pico-sdk/src/rp2_common/pico_runtime/runtime.c.obj
 .bss.pools     0x20000b3c       0x10 CMakeFiles/servo.dir/D_/Pico_Downloads/pico-sdk/src/common/pico_time/time.c.obj
 .bss.sd_table  0x20000b4c      0x100 CMakeFiles/servo.dir/D_/Pico_Downloads/pico-sdk/src/rp2_common/pico_double/double_init_rom.c.obj
                0x20000b4c                sd_table
 .bss.sf_clz_func
                0x20000c4c        0x4 CMakeFiles/servo.dir/D_/Pico_Downloads/pico-sdk/src/rp2_common/pico_float/float_init_rom.c.obj
                0x20000c4c                sf_clz_func
 .bss.sf_table  0x20000c50      0x100 CMakeFiles/servo.dir/D_/Pico_Downloads/pico-sdk/src/rp2_common/pico_float/float_init_rom.c.obj
                0x20000c50                sf_table
 .bss.target_hi
                0x20000d50       0x10 CMakeFiles/servo.dir/D_/Pico_Downloads/pico-sdk/src/rp2_common/hardware_timer/timer.c.obj
 .bss.claimed   0x20000d60        0x1 CMakeFiles/servo.dir/D_/Pico_Downloads/pico-sdk/src/rp2_common/hardware_timer/timer.c.obj
 .bss.irq_hander_chain_free_slot_head
                0x20000d61        0x1 CMakeFiles/servo.dir/D_/Pico_Downloads/pico-sdk/src/rp2_common/hardware_irq/irq.c.obj
 .bss.timer_callbacks_pending
                0x20000d62        0x1 CMakeFiles/servo.dir/D_/Pico_Downloads/pico-sdk/src/rp2_common/hardware_timer/timer.c.obj
 *(COMMON)
                0x20000d64                . = ALIGN (0x4)
 *fill*         0x20000d63        0x1 
                0x20000d64                __bss_end__ = .

.heap           0x20000d64      0x800
                0x20000d64                __end__ = .
                0x20000d64                end = __end__
 *(.heap*)
 .heap          0x20000d64      0x800 CMakeFiles/servo.dir/D_/Pico_Downloads/pico-sdk/src/rp2_common/pico_standard_link/crt0.S.obj
                0x20001564                __HeapLimit = .

.stack1_dummy   0x20040000        0x0
 *(.stack1*)

.stack_dummy    0x20041000      0x800
 *(.stack*)
 .stack         0x20041000      0x800 CMakeFiles/servo.dir/D_/Pico_Downloads/pico-sdk/src/rp2_common/pico_standard_link/crt0.S.obj

.flash_end      0x10006094        0x0
                0x10006094                __flash_binary_end = .
                0x20040000                __StackLimit = (ORIGIN (RAM) + LENGTH (RAM))
                0x20041000                __StackOneTop = (ORIGIN (SCRATCH_X) + LENGTH (SCRATCH_X))
                0x20042000                __StackTop = (ORIGIN (SCRATCH_Y) + LENGTH (SCRATCH_Y))
                0x20041000                __StackOneBottom = (__StackOneTop - SIZEOF (.stack1_dummy))
                0x20041800                __StackBottom = (__StackTop - SIZEOF (.stack_dummy))
                0x20042000                PROVIDE (__stack = __StackTop)
                0x00000001                ASSERT ((__StackLimit >= __HeapLimit), region RAM overflowed)
                0x00000001                ASSERT (((__binary_info_header_end - __logical_binary_start) <= 0x100), Binary info must be in first 256 bytes of the binary)
LOAD CMakeFiles/servo.dir/servo.c.obj
LOAD CMakeFiles/servo.dir/D_/Pico_Downloads/pico-sdk/src/rp2_common/pico_stdlib/stdlib.c.obj
LOAD CMakeFiles/servo.dir/D_/Pico_Downloads/pico-sdk/src/rp2_common/hardware_gpio/gpio.c.obj
LOAD CMakeFiles/servo.dir/D_/Pico_Downloads/pico-sdk/src/rp2_common/hardware_claim/claim.c.obj
LOAD CMakeFiles/servo.dir/D_/Pico_Downloads/pico-sdk/src/rp2_common/hardware_sync/sync.c.obj
LOAD CMakeFiles/servo.dir/D_/Pico_Downloads/pico-sdk/src/rp2_common/pico_platform/platform.c.obj
LOAD CMakeFiles/servo.dir/D_/Pico_Downloads/pico-sdk/src/rp2_common/hardware_uart/uart.c.obj
LOAD CMakeFiles/servo.dir/D_/Pico_Downloads/pico-sdk/src/rp2_common/hardware_divider/divider.S.obj
LOAD CMakeFiles/servo.dir/D_/Pico_Downloads/pico-sdk/src/common/pico_time/time.c.obj
LOAD CMakeFiles/servo.dir/D_/Pico_Downloads/pico-sdk/src/common/pico_time/timeout_helper.c.obj
LOAD CMakeFiles/servo.dir/D_/Pico_Downloads/pico-sdk/src/rp2_common/hardware_timer/timer.c.obj
LOAD CMakeFiles/servo.dir/D_/Pico_Downloads/pico-sdk/src/common/pico_sync/sem.c.obj
LOAD CMakeFiles/servo.dir/D_/Pico_Downloads/pico-sdk/src/common/pico_sync/lock_core.c.obj
LOAD CMakeFiles/servo.dir/D_/Pico_Downloads/pico-sdk/src/common/pico_sync/mutex.c.obj
LOAD CMakeFiles/servo.dir/D_/Pico_Downloads/pico-sdk/src/common/pico_sync/critical_section.c.obj
LOAD CMakeFiles/servo.dir/D_/Pico_Downloads/pico-sdk/src/common/pico_util/datetime.c.obj
LOAD CMakeFiles/servo.dir/D_/Pico_Downloads/pico-sdk/src/common/pico_util/pheap.c.obj
LOAD CMakeFiles/servo.dir/D_/Pico_Downloads/pico-sdk/src/common/pico_util/queue.c.obj
LOAD CMakeFiles/servo.dir/D_/Pico_Downloads/pico-sdk/src/rp2_common/pico_runtime/runtime.c.obj
LOAD CMakeFiles/servo.dir/D_/Pico_Downloads/pico-sdk/src/rp2_common/hardware_clocks/clocks.c.obj
LOAD CMakeFiles/servo.dir/D_/Pico_Downloads/pico-sdk/src/rp2_common/hardware_watchdog/watchdog.c.obj
LOAD CMakeFiles/servo.dir/D_/Pico_Downloads/pico-sdk/src/rp2_common/hardware_xosc/xosc.c.obj
LOAD CMakeFiles/servo.dir/D_/Pico_Downloads/pico-sdk/src/rp2_common/hardware_pll/pll.c.obj
LOAD CMakeFiles/servo.dir/D_/Pico_Downloads/pico-sdk/src/rp2_common/hardware_vreg/vreg.c.obj
LOAD CMakeFiles/servo.dir/D_/Pico_Downloads/pico-sdk/src/rp2_common/hardware_irq/irq.c.obj
LOAD CMakeFiles/servo.dir/D_/Pico_Downloads/pico-sdk/src/rp2_common/hardware_irq/irq_handler_chain.S.obj
LOAD CMakeFiles/servo.dir/D_/Pico_Downloads/pico-sdk/src/rp2_common/pico_printf/printf.c.obj
LOAD CMakeFiles/servo.dir/D_/Pico_Downloads/pico-sdk/src/rp2_common/pico_bit_ops/bit_ops_aeabi.S.obj
LOAD CMakeFiles/servo.dir/D_/Pico_Downloads/pico-sdk/src/rp2_common/pico_bootrom/bootrom.c.obj
LOAD CMakeFiles/servo.dir/D_/Pico_Downloads/pico-sdk/src/rp2_common/pico_divider/divider.S.obj
LOAD CMakeFiles/servo.dir/D_/Pico_Downloads/pico-sdk/src/rp2_common/pico_double/double_aeabi.S.obj
LOAD CMakeFiles/servo.dir/D_/Pico_Downloads/pico-sdk/src/rp2_common/pico_double/double_init_rom.c.obj
LOAD CMakeFiles/servo.dir/D_/Pico_Downloads/pico-sdk/src/rp2_common/pico_double/double_math.c.obj
LOAD CMakeFiles/servo.dir/D_/Pico_Downloads/pico-sdk/src/rp2_common/pico_double/double_v1_rom_shim.S.obj
LOAD CMakeFiles/servo.dir/D_/Pico_Downloads/pico-sdk/src/rp2_common/pico_int64_ops/pico_int64_ops_aeabi.S.obj
LOAD CMakeFiles/servo.dir/D_/Pico_Downloads/pico-sdk/src/rp2_common/pico_float/float_aeabi.S.obj
LOAD CMakeFiles/servo.dir/D_/Pico_Downloads/pico-sdk/src/rp2_common/pico_float/float_init_rom.c.obj
LOAD CMakeFiles/servo.dir/D_/Pico_Downloads/pico-sdk/src/rp2_common/pico_float/float_math.c.obj
LOAD CMakeFiles/servo.dir/D_/Pico_Downloads/pico-sdk/src/rp2_common/pico_float/float_v1_rom_shim.S.obj
LOAD CMakeFiles/servo.dir/D_/Pico_Downloads/pico-sdk/src/rp2_common/pico_malloc/pico_malloc.c.obj
LOAD CMakeFiles/servo.dir/D_/Pico_Downloads/pico-sdk/src/rp2_common/pico_mem_ops/mem_ops_aeabi.S.obj
LOAD CMakeFiles/servo.dir/D_/Pico_Downloads/pico-sdk/src/rp2_common/pico_standard_link/crt0.S.obj
LOAD CMakeFiles/servo.dir/D_/Pico_Downloads/pico-sdk/src/rp2_common/pico_standard_link/new_delete.cpp.obj
LOAD CMakeFiles/servo.dir/D_/Pico_Downloads/pico-sdk/src/rp2_common/pico_standard_link/binary_info.c.obj
LOAD CMakeFiles/servo.dir/D_/Pico_Downloads/pico-sdk/src/rp2_common/pico_stdio/stdio.c.obj
LOAD CMakeFiles/servo.dir/D_/Pico_Downloads/pico-sdk/src/rp2_common/pico_stdio_uart/stdio_uart.c.obj
LOAD C:\Users\tfkbr\AppData\Local\Temp\ccEJlTYf.o
LOAD c:/progra~2/gnuarm~1/102020~1/bin/../lib/gcc/arm-none-eabi/10.2.1/../../../../arm-none-eabi/lib/thumb/v6-m/nofp\libstdc++.a
LOAD c:/progra~2/gnuarm~1/102020~1/bin/../lib/gcc/arm-none-eabi/10.2.1/../../../../arm-none-eabi/lib/thumb/v6-m/nofp\libm.a
START GROUP
LOAD c:/progra~2/gnuarm~1/102020~1/bin/../lib/gcc/arm-none-eabi/10.2.1/thumb/v6-m/nofp\libgcc.a
LOAD c:/progra~2/gnuarm~1/102020~1/bin/../lib/gcc/arm-none-eabi/10.2.1/../../../../arm-none-eabi/lib/thumb/v6-m/nofp\libg.a
LOAD c:/progra~2/gnuarm~1/102020~1/bin/../lib/gcc/arm-none-eabi/10.2.1/../../../../arm-none-eabi/lib/thumb/v6-m/nofp\libc.a
END GROUP
START GROUP
LOAD c:/progra~2/gnuarm~1/102020~1/bin/../lib/gcc/arm-none-eabi/10.2.1/thumb/v6-m/nofp\libgcc.a
LOAD c:/progra~2/gnuarm~1/102020~1/bin/../lib/gcc/arm-none-eabi/10.2.1/../../../../arm-none-eabi/lib/thumb/v6-m/nofp\libc.a
LOAD c:/progra~2/gnuarm~1/102020~1/bin/../lib/gcc/arm-none-eabi/10.2.1/../../../../arm-none-eabi/lib/thumb/v6-m/nofp\libnosys.a
END GROUP
LOAD c:/progra~2/gnuarm~1/102020~1/bin/../lib/gcc/arm-none-eabi/10.2.1/thumb/v6-m/nofp/crtend.o
LOAD c:/progra~2/gnuarm~1/102020~1/bin/../lib/gcc/arm-none-eabi/10.2.1/thumb/v6-m/nofp/crtn.o
OUTPUT(servo.elf elf32-littlearm)
LOAD linker stubs

.ARM.attributes
                0x00000000       0x28
 .ARM.attributes
                0x00000000       0x1e c:/progra~2/gnuarm~1/102020~1/bin/../lib/gcc/arm-none-eabi/10.2.1/thumb/v6-m/nofp/crti.o
 .ARM.attributes
                0x0000001e       0x2c c:/progra~2/gnuarm~1/102020~1/bin/../lib/gcc/arm-none-eabi/10.2.1/thumb/v6-m/nofp/crtbegin.o
 .ARM.attributes
                0x0000004a       0x2b CMakeFiles/servo.dir/servo.c.obj
 .ARM.attributes
                0x00000075       0x2b CMakeFiles/servo.dir/D_/Pico_Downloads/pico-sdk/src/rp2_common/hardware_gpio/gpio.c.obj
 .ARM.attributes
                0x000000a0       0x2b CMakeFiles/servo.dir/D_/Pico_Downloads/pico-sdk/src/rp2_common/hardware_claim/claim.c.obj
 .ARM.attributes
                0x000000cb       0x2b CMakeFiles/servo.dir/D_/Pico_Downloads/pico-sdk/src/rp2_common/hardware_sync/sync.c.obj
 .ARM.attributes
                0x000000f6       0x2b CMakeFiles/servo.dir/D_/Pico_Downloads/pico-sdk/src/rp2_common/pico_platform/platform.c.obj
 .ARM.attributes
                0x00000121       0x2b CMakeFiles/servo.dir/D_/Pico_Downloads/pico-sdk/src/common/pico_time/time.c.obj
 .ARM.attributes
                0x0000014c       0x2b CMakeFiles/servo.dir/D_/Pico_Downloads/pico-sdk/src/rp2_common/hardware_timer/timer.c.obj
 .ARM.attributes
                0x00000177       0x2b CMakeFiles/servo.dir/D_/Pico_Downloads/pico-sdk/src/common/pico_sync/lock_core.c.obj
 .ARM.attributes
                0x000001a2       0x2b CMakeFiles/servo.dir/D_/Pico_Downloads/pico-sdk/src/common/pico_sync/mutex.c.obj
 .ARM.attributes
                0x000001cd       0x2b CMakeFiles/servo.dir/D_/Pico_Downloads/pico-sdk/src/common/pico_util/pheap.c.obj
 .ARM.attributes
                0x000001f8       0x2b CMakeFiles/servo.dir/D_/Pico_Downloads/pico-sdk/src/rp2_common/pico_runtime/runtime.c.obj
 .ARM.attributes
                0x00000223       0x2b CMakeFiles/servo.dir/D_/Pico_Downloads/pico-sdk/src/rp2_common/hardware_clocks/clocks.c.obj
 .ARM.attributes
                0x0000024e       0x2b CMakeFiles/servo.dir/D_/Pico_Downloads/pico-sdk/src/rp2_common/hardware_watchdog/watchdog.c.obj
 .ARM.attributes
                0x00000279       0x2b CMakeFiles/servo.dir/D_/Pico_Downloads/pico-sdk/src/rp2_common/hardware_xosc/xosc.c.obj
 .ARM.attributes
                0x000002a4       0x2b CMakeFiles/servo.dir/D_/Pico_Downloads/pico-sdk/src/rp2_common/hardware_pll/pll.c.obj
 .ARM.attributes
                0x000002cf       0x2b CMakeFiles/servo.dir/D_/Pico_Downloads/pico-sdk/src/rp2_common/hardware_irq/irq.c.obj
 .ARM.attributes
                0x000002fa       0x22 CMakeFiles/servo.dir/D_/Pico_Downloads/pico-sdk/src/rp2_common/hardware_irq/irq_handler_chain.S.obj
 .ARM.attributes
                0x0000031c       0x2b CMakeFiles/servo.dir/D_/Pico_Downloads/pico-sdk/src/rp2_common/pico_printf/printf.c.obj
 .ARM.attributes
                0x00000347       0x22 CMakeFiles/servo.dir/D_/Pico_Downloads/pico-sdk/src/rp2_common/pico_bit_ops/bit_ops_aeabi.S.obj
 .ARM.attributes
                0x00000369       0x2b CMakeFiles/servo.dir/D_/Pico_Downloads/pico-sdk/src/rp2_common/pico_bootrom/bootrom.c.obj
 .ARM.attributes
                0x00000394       0x22 CMakeFiles/servo.dir/D_/Pico_Downloads/pico-sdk/src/rp2_common/pico_divider/divider.S.obj
 .ARM.attributes
                0x000003b6       0x22 CMakeFiles/servo.dir/D_/Pico_Downloads/pico-sdk/src/rp2_common/pico_double/double_aeabi.S.obj
 .ARM.attributes
                0x000003d8       0x2b CMakeFiles/servo.dir/D_/Pico_Downloads/pico-sdk/src/rp2_common/pico_double/double_init_rom.c.obj
 .ARM.attributes
                0x00000403       0x22 CMakeFiles/servo.dir/D_/Pico_Downloads/pico-sdk/src/rp2_common/pico_double/double_v1_rom_shim.S.obj
 .ARM.attributes
                0x00000425       0x22 CMakeFiles/servo.dir/D_/Pico_Downloads/pico-sdk/src/rp2_common/pico_int64_ops/pico_int64_ops_aeabi.S.obj
 .ARM.attributes
                0x00000447       0x22 CMakeFiles/servo.dir/D_/Pico_Downloads/pico-sdk/src/rp2_common/pico_float/float_aeabi.S.obj
 .ARM.attributes
                0x00000469       0x2b CMakeFiles/servo.dir/D_/Pico_Downloads/pico-sdk/src/rp2_common/pico_float/float_init_rom.c.obj
 .ARM.attributes
                0x00000494       0x22 CMakeFiles/servo.dir/D_/Pico_Downloads/pico-sdk/src/rp2_common/pico_float/float_v1_rom_shim.S.obj
 .ARM.attributes
                0x000004b6       0x2b CMakeFiles/servo.dir/D_/Pico_Downloads/pico-sdk/src/rp2_common/pico_malloc/pico_malloc.c.obj
 .ARM.attributes
                0x000004e1       0x22 CMakeFiles/servo.dir/D_/Pico_Downloads/pico-sdk/src/rp2_common/pico_mem_ops/mem_ops_aeabi.S.obj
 .ARM.attributes
                0x00000503       0x22 CMakeFiles/servo.dir/D_/Pico_Downloads/pico-sdk/src/rp2_common/pico_standard_link/crt0.S.obj
 .ARM.attributes
                0x00000525       0x32 CMakeFiles/servo.dir/D_/Pico_Downloads/pico-sdk/src/rp2_common/pico_standard_link/binary_info.c.obj
 .ARM.attributes
                0x00000557       0x2b CMakeFiles/servo.dir/D_/Pico_Downloads/pico-sdk/src/rp2_common/pico_stdio/stdio.c.obj
 .ARM.attributes
                0x00000582       0x22 C:\Users\tfkbr\AppData\Local\Temp\ccEJlTYf.o
 .ARM.attributes
                0x000005a4       0x1e c:/progra~2/gnuarm~1/102020~1/bin/../lib/gcc/arm-none-eabi/10.2.1/thumb/v6-m/nofp\libgcc.a(_dvmd_tls.o)
 .ARM.attributes
                0x000005c2       0x2c c:/progra~2/gnuarm~1/102020~1/bin/../lib/gcc/arm-none-eabi/10.2.1/../../../../arm-none-eabi/lib/thumb/v6-m/nofp\libg.a(lib_a-calloc.o)
 .ARM.attributes
                0x000005ee       0x2c c:/progra~2/gnuarm~1/102020~1/bin/../lib/gcc/arm-none-eabi/10.2.1/../../../../arm-none-eabi/lib/thumb/v6-m/nofp\libg.a(lib_a-callocr.o)
 .ARM.attributes
                0x0000061a       0x2c c:/progra~2/gnuarm~1/102020~1/bin/../lib/gcc/arm-none-eabi/10.2.1/../../../../arm-none-eabi/lib/thumb/v6-m/nofp\libg.a(lib_a-impure.o)
 .ARM.attributes
                0x00000646       0x2c c:/progra~2/gnuarm~1/102020~1/bin/../lib/gcc/arm-none-eabi/10.2.1/../../../../arm-none-eabi/lib/thumb/v6-m/nofp\libg.a(lib_a-malloc.o)
 .ARM.attributes
                0x00000672       0x2c c:/progra~2/gnuarm~1/102020~1/bin/../lib/gcc/arm-none-eabi/10.2.1/../../../../arm-none-eabi/lib/thumb/v6-m/nofp\libg.a(lib_a-mallocr.o)
 .ARM.attributes
                0x0000069e       0x2c c:/progra~2/gnuarm~1/102020~1/bin/../lib/gcc/arm-none-eabi/10.2.1/../../../../arm-none-eabi/lib/thumb/v6-m/nofp\libg.a(lib_a-mlock.o)
 .ARM.attributes
                0x000006ca       0x2c c:/progra~2/gnuarm~1/102020~1/bin/../lib/gcc/arm-none-eabi/10.2.1/../../../../arm-none-eabi/lib/thumb/v6-m/nofp\libg.a(lib_a-sbrkr.o)
 .ARM.attributes
                0x000006f6       0x2c c:/progra~2/gnuarm~1/102020~1/bin/../lib/gcc/arm-none-eabi/10.2.1/../../../../arm-none-eabi/lib/thumb/v6-m/nofp\libg.a(lib_a-strlen-stub.o)
 .ARM.attributes
                0x00000722       0x2c c:/progra~2/gnuarm~1/102020~1/bin/../lib/gcc/arm-none-eabi/10.2.1/../../../../arm-none-eabi/lib/thumb/v6-m/nofp\libg.a(lib_a-freer.o)
 .ARM.attributes
                0x0000074e       0x2c c:/progra~2/gnuarm~1/102020~1/bin/../lib/gcc/arm-none-eabi/10.2.1/../../../../arm-none-eabi/lib/thumb/v6-m/nofp\libg.a(lib_a-lock.o)
 .ARM.attributes
                0x0000077a       0x2c c:/progra~2/gnuarm~1/102020~1/bin/../lib/gcc/arm-none-eabi/10.2.1/../../../../arm-none-eabi/lib/thumb/v6-m/nofp\libg.a(lib_a-reent.o)

.comment        0x00000000       0x4d
 .comment       0x00000000       0x4d CMakeFiles/servo.dir/servo.c.obj
                                 0x4e (size before relaxing)
 .comment       0x0000004d       0x4e CMakeFiles/servo.dir/D_/Pico_Downloads/pico-sdk/src/rp2_common/hardware_gpio/gpio.c.obj
 .comment       0x0000004d       0x4e CMakeFiles/servo.dir/D_/Pico_Downloads/pico-sdk/src/rp2_common/hardware_claim/claim.c.obj
 .comment       0x0000004d       0x4e CMakeFiles/servo.dir/D_/Pico_Downloads/pico-sdk/src/rp2_common/hardware_sync/sync.c.obj
 .comment       0x0000004d       0x4e CMakeFiles/servo.dir/D_/Pico_Downloads/pico-sdk/src/rp2_common/pico_platform/platform.c.obj
 .comment       0x0000004d       0x4e CMakeFiles/servo.dir/D_/Pico_Downloads/pico-sdk/src/common/pico_time/time.c.obj
 .comment       0x0000004d       0x4e CMakeFiles/servo.dir/D_/Pico_Downloads/pico-sdk/src/rp2_common/hardware_timer/timer.c.obj
 .comment       0x0000004d       0x4e CMakeFiles/servo.dir/D_/Pico_Downloads/pico-sdk/src/common/pico_sync/lock_core.c.obj
 .comment       0x0000004d       0x4e CMakeFiles/servo.dir/D_/Pico_Downloads/pico-sdk/src/common/pico_sync/mutex.c.obj
 .comment       0x0000004d       0x4e CMakeFiles/servo.dir/D_/Pico_Downloads/pico-sdk/src/common/pico_util/pheap.c.obj
 .comment       0x0000004d       0x4e CMakeFiles/servo.dir/D_/Pico_Downloads/pico-sdk/src/rp2_common/pico_runtime/runtime.c.obj
 .comment       0x0000004d       0x4e CMakeFiles/servo.dir/D_/Pico_Downloads/pico-sdk/src/rp2_common/hardware_clocks/clocks.c.obj
 .comment       0x0000004d       0x4e CMakeFiles/servo.dir/D_/Pico_Downloads/pico-sdk/src/rp2_common/hardware_watchdog/watchdog.c.obj
 .comment       0x0000004d       0x4e CMakeFiles/servo.dir/D_/Pico_Downloads/pico-sdk/src/rp2_common/hardware_xosc/xosc.c.obj
 .comment       0x0000004d       0x4e CMakeFiles/servo.dir/D_/Pico_Downloads/pico-sdk/src/rp2_common/hardware_pll/pll.c.obj
 .comment       0x0000004d       0x4e CMakeFiles/servo.dir/D_/Pico_Downloads/pico-sdk/src/rp2_common/hardware_irq/irq.c.obj
 .comment       0x0000004d       0x4e CMakeFiles/servo.dir/D_/Pico_Downloads/pico-sdk/src/rp2_common/pico_printf/printf.c.obj
 .comment       0x0000004d       0x4e CMakeFiles/servo.dir/D_/Pico_Downloads/pico-sdk/src/rp2_common/pico_bootrom/bootrom.c.obj
 .comment       0x0000004d       0x4e CMakeFiles/servo.dir/D_/Pico_Downloads/pico-sdk/src/rp2_common/pico_double/double_init_rom.c.obj
 .comment       0x0000004d       0x4e CMakeFiles/servo.dir/D_/Pico_Downloads/pico-sdk/src/rp2_common/pico_float/float_init_rom.c.obj
 .comment       0x0000004d       0x4e CMakeFiles/servo.dir/D_/Pico_Downloads/pico-sdk/src/rp2_common/pico_malloc/pico_malloc.c.obj
 .comment       0x0000004d       0x4e CMakeFiles/servo.dir/D_/Pico_Downloads/pico-sdk/src/rp2_common/pico_standard_link/binary_info.c.obj
 .comment       0x0000004d       0x4e CMakeFiles/servo.dir/D_/Pico_Downloads/pico-sdk/src/rp2_common/pico_stdio/stdio.c.obj

.debug_info     0x00000000     0xff93
 .debug_info    0x00000000      0x964 CMakeFiles/servo.dir/servo.c.obj
 .debug_info    0x00000964     0x1141 CMakeFiles/servo.dir/D_/Pico_Downloads/pico-sdk/src/rp2_common/hardware_gpio/gpio.c.obj
 .debug_info    0x00001aa5      0x620 CMakeFiles/servo.dir/D_/Pico_Downloads/pico-sdk/src/rp2_common/hardware_claim/claim.c.obj
 .debug_info    0x000020c5      0x4a5 CMakeFiles/servo.dir/D_/Pico_Downloads/pico-sdk/src/rp2_common/hardware_sync/sync.c.obj
 .debug_info    0x0000256a      0x1d5 CMakeFiles/servo.dir/D_/Pico_Downloads/pico-sdk/src/rp2_common/pico_platform/platform.c.obj
 .debug_info    0x0000273f     0x3349 CMakeFiles/servo.dir/D_/Pico_Downloads/pico-sdk/src/common/pico_time/time.c.obj
 .debug_info    0x00005a88      0xf9d CMakeFiles/servo.dir/D_/Pico_Downloads/pico-sdk/src/rp2_common/hardware_timer/timer.c.obj
 .debug_info    0x00006a25      0x1c5 CMakeFiles/servo.dir/D_/Pico_Downloads/pico-sdk/src/common/pico_sync/lock_core.c.obj
 .debug_info    0x00006bea      0xd50 CMakeFiles/servo.dir/D_/Pico_Downloads/pico-sdk/src/common/pico_sync/mutex.c.obj
 .debug_info    0x0000793a     0x1164 CMakeFiles/servo.dir/D_/Pico_Downloads/pico-sdk/src/common/pico_util/pheap.c.obj
 .debug_info    0x00008a9e      0x986 CMakeFiles/servo.dir/D_/Pico_Downloads/pico-sdk/src/rp2_common/pico_runtime/runtime.c.obj
 .debug_info    0x00009424     0x1068 CMakeFiles/servo.dir/D_/Pico_Downloads/pico-sdk/src/rp2_common/hardware_clocks/clocks.c.obj
 .debug_info    0x0000a48c      0x49c CMakeFiles/servo.dir/D_/Pico_Downloads/pico-sdk/src/rp2_common/hardware_watchdog/watchdog.c.obj
 .debug_info    0x0000a928      0x214 CMakeFiles/servo.dir/D_/Pico_Downloads/pico-sdk/src/rp2_common/hardware_xosc/xosc.c.obj
 .debug_info    0x0000ab3c      0x3c1 CMakeFiles/servo.dir/D_/Pico_Downloads/pico-sdk/src/rp2_common/hardware_pll/pll.c.obj
 .debug_info    0x0000aefd     0x1807 CMakeFiles/servo.dir/D_/Pico_Downloads/pico-sdk/src/rp2_common/hardware_irq/irq.c.obj
 .debug_info    0x0000c704       0x26 CMakeFiles/servo.dir/D_/Pico_Downloads/pico-sdk/src/rp2_common/hardware_irq/irq_handler_chain.S.obj
 .debug_info    0x0000c72a     0x1a32 CMakeFiles/servo.dir/D_/Pico_Downloads/pico-sdk/src/rp2_common/pico_printf/printf.c.obj
 .debug_info    0x0000e15c       0x22 CMakeFiles/servo.dir/D_/Pico_Downloads/pico-sdk/src/rp2_common/pico_bit_ops/bit_ops_aeabi.S.obj
 .debug_info    0x0000e17e      0x231 CMakeFiles/servo.dir/D_/Pico_Downloads/pico-sdk/src/rp2_common/pico_bootrom/bootrom.c.obj
 .debug_info    0x0000e3af       0x22 CMakeFiles/servo.dir/D_/Pico_Downloads/pico-sdk/src/rp2_common/pico_divider/divider.S.obj
 .debug_info    0x0000e3d1       0x22 CMakeFiles/servo.dir/D_/Pico_Downloads/pico-sdk/src/rp2_common/pico_double/double_aeabi.S.obj
 .debug_info    0x0000e3f3      0x2a0 CMakeFiles/servo.dir/D_/Pico_Downloads/pico-sdk/src/rp2_common/pico_double/double_init_rom.c.obj
 .debug_info    0x0000e693       0x22 CMakeFiles/servo.dir/D_/Pico_Downloads/pico-sdk/src/rp2_common/pico_double/double_v1_rom_shim.S.obj
 .debug_info    0x0000e6b5       0x26 CMakeFiles/servo.dir/D_/Pico_Downloads/pico-sdk/src/rp2_common/pico_int64_ops/pico_int64_ops_aeabi.S.obj
 .debug_info    0x0000e6db       0x22 CMakeFiles/servo.dir/D_/Pico_Downloads/pico-sdk/src/rp2_common/pico_float/float_aeabi.S.obj
 .debug_info    0x0000e6fd      0x2ef CMakeFiles/servo.dir/D_/Pico_Downloads/pico-sdk/src/rp2_common/pico_float/float_init_rom.c.obj
 .debug_info    0x0000e9ec       0x22 CMakeFiles/servo.dir/D_/Pico_Downloads/pico-sdk/src/rp2_common/pico_float/float_v1_rom_shim.S.obj
 .debug_info    0x0000ea0e      0x1e7 CMakeFiles/servo.dir/D_/Pico_Downloads/pico-sdk/src/rp2_common/pico_malloc/pico_malloc.c.obj
 .debug_info    0x0000ebf5       0x22 CMakeFiles/servo.dir/D_/Pico_Downloads/pico-sdk/src/rp2_common/pico_mem_ops/mem_ops_aeabi.S.obj
 .debug_info    0x0000ec17       0x22 CMakeFiles/servo.dir/D_/Pico_Downloads/pico-sdk/src/rp2_common/pico_standard_link/crt0.S.obj
 .debug_info    0x0000ec39      0x2f6 CMakeFiles/servo.dir/D_/Pico_Downloads/pico-sdk/src/rp2_common/pico_standard_link/binary_info.c.obj
 .debug_info    0x0000ef2f     0x1064 CMakeFiles/servo.dir/D_/Pico_Downloads/pico-sdk/src/rp2_common/pico_stdio/stdio.c.obj

.debug_abbrev   0x00000000     0x3964
 .debug_abbrev  0x00000000      0x2a3 CMakeFiles/servo.dir/servo.c.obj
 .debug_abbrev  0x000002a3      0x309 CMakeFiles/servo.dir/D_/Pico_Downloads/pico-sdk/src/rp2_common/hardware_gpio/gpio.c.obj
 .debug_abbrev  0x000005ac      0x276 CMakeFiles/servo.dir/D_/Pico_Downloads/pico-sdk/src/rp2_common/hardware_claim/claim.c.obj
 .debug_abbrev  0x00000822      0x212 CMakeFiles/servo.dir/D_/Pico_Downloads/pico-sdk/src/rp2_common/hardware_sync/sync.c.obj
 .debug_abbrev  0x00000a34       0xe7 CMakeFiles/servo.dir/D_/Pico_Downloads/pico-sdk/src/rp2_common/pico_platform/platform.c.obj
 .debug_abbrev  0x00000b1b      0x54b CMakeFiles/servo.dir/D_/Pico_Downloads/pico-sdk/src/common/pico_time/time.c.obj
 .debug_abbrev  0x00001066      0x34c CMakeFiles/servo.dir/D_/Pico_Downloads/pico-sdk/src/rp2_common/hardware_timer/timer.c.obj
 .debug_abbrev  0x000013b2      0x133 CMakeFiles/servo.dir/D_/Pico_Downloads/pico-sdk/src/common/pico_sync/lock_core.c.obj
 .debug_abbrev  0x000014e5      0x32b CMakeFiles/servo.dir/D_/Pico_Downloads/pico-sdk/src/common/pico_sync/mutex.c.obj
 .debug_abbrev  0x00001810      0x297 CMakeFiles/servo.dir/D_/Pico_Downloads/pico-sdk/src/common/pico_util/pheap.c.obj
 .debug_abbrev  0x00001aa7      0x348 CMakeFiles/servo.dir/D_/Pico_Downloads/pico-sdk/src/rp2_common/pico_runtime/runtime.c.obj
 .debug_abbrev  0x00001def      0x386 CMakeFiles/servo.dir/D_/Pico_Downloads/pico-sdk/src/rp2_common/hardware_clocks/clocks.c.obj
 .debug_abbrev  0x00002175      0x1b1 CMakeFiles/servo.dir/D_/Pico_Downloads/pico-sdk/src/rp2_common/hardware_watchdog/watchdog.c.obj
 .debug_abbrev  0x00002326      0x12c CMakeFiles/servo.dir/D_/Pico_Downloads/pico-sdk/src/rp2_common/hardware_xosc/xosc.c.obj
 .debug_abbrev  0x00002452      0x1bc CMakeFiles/servo.dir/D_/Pico_Downloads/pico-sdk/src/rp2_common/hardware_pll/pll.c.obj
 .debug_abbrev  0x0000260e      0x494 CMakeFiles/servo.dir/D_/Pico_Downloads/pico-sdk/src/rp2_common/hardware_irq/irq.c.obj
 .debug_abbrev  0x00002aa2       0x14 CMakeFiles/servo.dir/D_/Pico_Downloads/pico-sdk/src/rp2_common/hardware_irq/irq_handler_chain.S.obj
 .debug_abbrev  0x00002ab6      0x384 CMakeFiles/servo.dir/D_/Pico_Downloads/pico-sdk/src/rp2_common/pico_printf/printf.c.obj
 .debug_abbrev  0x00002e3a       0x12 CMakeFiles/servo.dir/D_/Pico_Downloads/pico-sdk/src/rp2_common/pico_bit_ops/bit_ops_aeabi.S.obj
 .debug_abbrev  0x00002e4c       0xf8 CMakeFiles/servo.dir/D_/Pico_Downloads/pico-sdk/src/rp2_common/pico_bootrom/bootrom.c.obj
 .debug_abbrev  0x00002f44       0x12 CMakeFiles/servo.dir/D_/Pico_Downloads/pico-sdk/src/rp2_common/pico_divider/divider.S.obj
 .debug_abbrev  0x00002f56       0x12 CMakeFiles/servo.dir/D_/Pico_Downloads/pico-sdk/src/rp2_common/pico_double/double_aeabi.S.obj
 .debug_abbrev  0x00002f68      0x162 CMakeFiles/servo.dir/D_/Pico_Downloads/pico-sdk/src/rp2_common/pico_double/double_init_rom.c.obj
 .debug_abbrev  0x000030ca       0x12 CMakeFiles/servo.dir/D_/Pico_Downloads/pico-sdk/src/rp2_common/pico_double/double_v1_rom_shim.S.obj
 .debug_abbrev  0x000030dc       0x14 CMakeFiles/servo.dir/D_/Pico_Downloads/pico-sdk/src/rp2_common/pico_int64_ops/pico_int64_ops_aeabi.S.obj
 .debug_abbrev  0x000030f0       0x12 CMakeFiles/servo.dir/D_/Pico_Downloads/pico-sdk/src/rp2_common/pico_float/float_aeabi.S.obj
 .debug_abbrev  0x00003102      0x17a CMakeFiles/servo.dir/D_/Pico_Downloads/pico-sdk/src/rp2_common/pico_float/float_init_rom.c.obj
 .debug_abbrev  0x0000327c       0x12 CMakeFiles/servo.dir/D_/Pico_Downloads/pico-sdk/src/rp2_common/pico_float/float_v1_rom_shim.S.obj
 .debug_abbrev  0x0000328e      0x111 CMakeFiles/servo.dir/D_/Pico_Downloads/pico-sdk/src/rp2_common/pico_malloc/pico_malloc.c.obj
 .debug_abbrev  0x0000339f       0x12 CMakeFiles/servo.dir/D_/Pico_Downloads/pico-sdk/src/rp2_common/pico_mem_ops/mem_ops_aeabi.S.obj
 .debug_abbrev  0x000033b1       0x12 CMakeFiles/servo.dir/D_/Pico_Downloads/pico-sdk/src/rp2_common/pico_standard_link/crt0.S.obj
 .debug_abbrev  0x000033c3       0xad CMakeFiles/servo.dir/D_/Pico_Downloads/pico-sdk/src/rp2_common/pico_standard_link/binary_info.c.obj
 .debug_abbrev  0x00003470      0x4f4 CMakeFiles/servo.dir/D_/Pico_Downloads/pico-sdk/src/rp2_common/pico_stdio/stdio.c.obj

.debug_loc      0x00000000     0xb24b
 .debug_loc     0x00000000      0x3c4 CMakeFiles/servo.dir/servo.c.obj
 .debug_loc     0x000003c4      0xafe CMakeFiles/servo.dir/D_/Pico_Downloads/pico-sdk/src/rp2_common/hardware_gpio/gpio.c.obj
 .debug_loc     0x00000ec2      0x457 CMakeFiles/servo.dir/D_/Pico_Downloads/pico-sdk/src/rp2_common/hardware_claim/claim.c.obj
 .debug_loc     0x00001319      0x1d7 CMakeFiles/servo.dir/D_/Pico_Downloads/pico-sdk/src/rp2_common/hardware_sync/sync.c.obj
 .debug_loc     0x000014f0       0xe9 CMakeFiles/servo.dir/D_/Pico_Downloads/pico-sdk/src/rp2_common/pico_platform/platform.c.obj
 .debug_loc     0x000015d9     0x28f8 CMakeFiles/servo.dir/D_/Pico_Downloads/pico-sdk/src/common/pico_time/time.c.obj
 .debug_loc     0x00003ed1      0x831 CMakeFiles/servo.dir/D_/Pico_Downloads/pico-sdk/src/rp2_common/hardware_timer/timer.c.obj
 .debug_loc     0x00004702       0xa2 CMakeFiles/servo.dir/D_/Pico_Downloads/pico-sdk/src/common/pico_sync/lock_core.c.obj
 .debug_loc     0x000047a4      0x641 CMakeFiles/servo.dir/D_/Pico_Downloads/pico-sdk/src/common/pico_sync/mutex.c.obj
 .debug_loc     0x00004de5     0x13a5 CMakeFiles/servo.dir/D_/Pico_Downloads/pico-sdk/src/common/pico_util/pheap.c.obj
 .debug_loc     0x0000618a      0x3d7 CMakeFiles/servo.dir/D_/Pico_Downloads/pico-sdk/src/rp2_common/pico_runtime/runtime.c.obj
 .debug_loc     0x00006561      0x890 CMakeFiles/servo.dir/D_/Pico_Downloads/pico-sdk/src/rp2_common/hardware_clocks/clocks.c.obj
 .debug_loc     0x00006df1      0x267 CMakeFiles/servo.dir/D_/Pico_Downloads/pico-sdk/src/rp2_common/hardware_watchdog/watchdog.c.obj
 .debug_loc     0x00007058       0x71 CMakeFiles/servo.dir/D_/Pico_Downloads/pico-sdk/src/rp2_common/hardware_xosc/xosc.c.obj
 .debug_loc     0x000070c9      0x278 CMakeFiles/servo.dir/D_/Pico_Downloads/pico-sdk/src/rp2_common/hardware_pll/pll.c.obj
 .debug_loc     0x00007341     0x1240 CMakeFiles/servo.dir/D_/Pico_Downloads/pico-sdk/src/rp2_common/hardware_irq/irq.c.obj
 .debug_loc     0x00008581     0x203e CMakeFiles/servo.dir/D_/Pico_Downloads/pico-sdk/src/rp2_common/pico_printf/printf.c.obj
 .debug_loc     0x0000a5bf      0x16f CMakeFiles/servo.dir/D_/Pico_Downloads/pico-sdk/src/rp2_common/pico_bootrom/bootrom.c.obj
 .debug_loc     0x0000a72e       0x59 CMakeFiles/servo.dir/D_/Pico_Downloads/pico-sdk/src/rp2_common/pico_double/double_init_rom.c.obj
 .debug_loc     0x0000a787       0x73 CMakeFiles/servo.dir/D_/Pico_Downloads/pico-sdk/src/rp2_common/pico_float/float_init_rom.c.obj
 .debug_loc     0x0000a7fa       0xbe CMakeFiles/servo.dir/D_/Pico_Downloads/pico-sdk/src/rp2_common/pico_malloc/pico_malloc.c.obj
 .debug_loc     0x0000a8b8      0x993 CMakeFiles/servo.dir/D_/Pico_Downloads/pico-sdk/src/rp2_common/pico_stdio/stdio.c.obj

.debug_aranges  0x00000000      0xc70
 .debug_aranges
                0x00000000       0x30 CMakeFiles/servo.dir/servo.c.obj
 .debug_aranges
                0x00000030       0xa0 CMakeFiles/servo.dir/D_/Pico_Downloads/pico-sdk/src/rp2_common/hardware_gpio/gpio.c.obj
 .debug_aranges
                0x000000d0       0x48 CMakeFiles/servo.dir/D_/Pico_Downloads/pico-sdk/src/rp2_common/hardware_claim/claim.c.obj
 .debug_aranges
                0x00000118       0x50 CMakeFiles/servo.dir/D_/Pico_Downloads/pico-sdk/src/rp2_common/hardware_sync/sync.c.obj
 .debug_aranges
                0x00000168       0x28 CMakeFiles/servo.dir/D_/Pico_Downloads/pico-sdk/src/rp2_common/pico_platform/platform.c.obj
 .debug_aranges
                0x00000190       0xc8 CMakeFiles/servo.dir/D_/Pico_Downloads/pico-sdk/src/common/pico_time/time.c.obj
 .debug_aranges
                0x00000258       0x68 CMakeFiles/servo.dir/D_/Pico_Downloads/pico-sdk/src/rp2_common/hardware_timer/timer.c.obj
 .debug_aranges
                0x000002c0       0x20 CMakeFiles/servo.dir/D_/Pico_Downloads/pico-sdk/src/common/pico_sync/lock_core.c.obj
 .debug_aranges
                0x000002e0       0x48 CMakeFiles/servo.dir/D_/Pico_Downloads/pico-sdk/src/common/pico_sync/mutex.c.obj
 .debug_aranges
                0x00000328       0x70 CMakeFiles/servo.dir/D_/Pico_Downloads/pico-sdk/src/common/pico_util/pheap.c.obj
 .debug_aranges
                0x00000398       0x60 CMakeFiles/servo.dir/D_/Pico_Downloads/pico-sdk/src/rp2_common/pico_runtime/runtime.c.obj
 .debug_aranges
                0x000003f8       0x70 CMakeFiles/servo.dir/D_/Pico_Downloads/pico-sdk/src/rp2_common/hardware_clocks/clocks.c.obj
 .debug_aranges
                0x00000468       0x50 CMakeFiles/servo.dir/D_/Pico_Downloads/pico-sdk/src/rp2_common/hardware_watchdog/watchdog.c.obj
 .debug_aranges
                0x000004b8       0x30 CMakeFiles/servo.dir/D_/Pico_Downloads/pico-sdk/src/rp2_common/hardware_xosc/xosc.c.obj
 .debug_aranges
                0x000004e8       0x28 CMakeFiles/servo.dir/D_/Pico_Downloads/pico-sdk/src/rp2_common/hardware_pll/pll.c.obj
 .debug_aranges
                0x00000510       0x90 CMakeFiles/servo.dir/D_/Pico_Downloads/pico-sdk/src/rp2_common/hardware_irq/irq.c.obj
 .debug_aranges
                0x000005a0       0x20 CMakeFiles/servo.dir/D_/Pico_Downloads/pico-sdk/src/rp2_common/hardware_irq/irq_handler_chain.S.obj
 .debug_aranges
                0x000005c0       0x90 CMakeFiles/servo.dir/D_/Pico_Downloads/pico-sdk/src/rp2_common/pico_printf/printf.c.obj
 .debug_aranges
                0x00000650       0x68 CMakeFiles/servo.dir/D_/Pico_Downloads/pico-sdk/src/rp2_common/pico_bit_ops/bit_ops_aeabi.S.obj
 .debug_aranges
                0x000006b8       0x30 CMakeFiles/servo.dir/D_/Pico_Downloads/pico-sdk/src/rp2_common/pico_bootrom/bootrom.c.obj
 .debug_aranges
                0x000006e8       0x40 CMakeFiles/servo.dir/D_/Pico_Downloads/pico-sdk/src/rp2_common/pico_divider/divider.S.obj
 .debug_aranges
                0x00000728      0x140 CMakeFiles/servo.dir/D_/Pico_Downloads/pico-sdk/src/rp2_common/pico_double/double_aeabi.S.obj
 .debug_aranges
                0x00000868       0x20 CMakeFiles/servo.dir/D_/Pico_Downloads/pico-sdk/src/rp2_common/pico_double/double_init_rom.c.obj
 .debug_aranges
                0x00000888       0xc8 CMakeFiles/servo.dir/D_/Pico_Downloads/pico-sdk/src/rp2_common/pico_double/double_v1_rom_shim.S.obj
 .debug_aranges
                0x00000950       0x20 CMakeFiles/servo.dir/D_/Pico_Downloads/pico-sdk/src/rp2_common/pico_int64_ops/pico_int64_ops_aeabi.S.obj
 .debug_aranges
                0x00000970      0x130 CMakeFiles/servo.dir/D_/Pico_Downloads/pico-sdk/src/rp2_common/pico_float/float_aeabi.S.obj
 .debug_aranges
                0x00000aa0       0x20 CMakeFiles/servo.dir/D_/Pico_Downloads/pico-sdk/src/rp2_common/pico_float/float_init_rom.c.obj
 .debug_aranges
                0x00000ac0       0x50 CMakeFiles/servo.dir/D_/Pico_Downloads/pico-sdk/src/rp2_common/pico_float/float_v1_rom_shim.S.obj
 .debug_aranges
                0x00000b10       0x30 CMakeFiles/servo.dir/D_/Pico_Downloads/pico-sdk/src/rp2_common/pico_malloc/pico_malloc.c.obj
 .debug_aranges
                0x00000b40       0x38 CMakeFiles/servo.dir/D_/Pico_Downloads/pico-sdk/src/rp2_common/pico_mem_ops/mem_ops_aeabi.S.obj
 .debug_aranges
                0x00000b78       0x28 CMakeFiles/servo.dir/D_/Pico_Downloads/pico-sdk/src/rp2_common/pico_standard_link/crt0.S.obj
 .debug_aranges
                0x00000ba0       0x18 CMakeFiles/servo.dir/D_/Pico_Downloads/pico-sdk/src/rp2_common/pico_standard_link/binary_info.c.obj
 .debug_aranges
                0x00000bb8       0xb8 CMakeFiles/servo.dir/D_/Pico_Downloads/pico-sdk/src/rp2_common/pico_stdio/stdio.c.obj

.debug_ranges   0x00000000     0x1f60
 .debug_ranges  0x00000000       0x78 CMakeFiles/servo.dir/servo.c.obj
 .debug_ranges  0x00000078       0xa8 CMakeFiles/servo.dir/D_/Pico_Downloads/pico-sdk/src/rp2_common/hardware_gpio/gpio.c.obj
 .debug_ranges  0x00000120       0xd8 CMakeFiles/servo.dir/D_/Pico_Downloads/pico-sdk/src/rp2_common/hardware_claim/claim.c.obj
 .debug_ranges  0x000001f8       0xb8 CMakeFiles/servo.dir/D_/Pico_Downloads/pico-sdk/src/rp2_common/hardware_sync/sync.c.obj
 .debug_ranges  0x000002b0       0x18 CMakeFiles/servo.dir/D_/Pico_Downloads/pico-sdk/src/rp2_common/pico_platform/platform.c.obj
 .debug_ranges  0x000002c8      0x7e8 CMakeFiles/servo.dir/D_/Pico_Downloads/pico-sdk/src/common/pico_time/time.c.obj
 .debug_ranges  0x00000ab0      0x2f0 CMakeFiles/servo.dir/D_/Pico_Downloads/pico-sdk/src/rp2_common/hardware_timer/timer.c.obj
 .debug_ranges  0x00000da0       0x10 CMakeFiles/servo.dir/D_/Pico_Downloads/pico-sdk/src/common/pico_sync/lock_core.c.obj
 .debug_ranges  0x00000db0      0x340 CMakeFiles/servo.dir/D_/Pico_Downloads/pico-sdk/src/common/pico_sync/mutex.c.obj
 .debug_ranges  0x000010f0      0x240 CMakeFiles/servo.dir/D_/Pico_Downloads/pico-sdk/src/common/pico_util/pheap.c.obj
 .debug_ranges  0x00001330       0x68 CMakeFiles/servo.dir/D_/Pico_Downloads/pico-sdk/src/rp2_common/pico_runtime/runtime.c.obj
 .debug_ranges  0x00001398       0x78 CMakeFiles/servo.dir/D_/Pico_Downloads/pico-sdk/src/rp2_common/hardware_clocks/clocks.c.obj
 .debug_ranges  0x00001410       0x40 CMakeFiles/servo.dir/D_/Pico_Downloads/pico-sdk/src/rp2_common/hardware_watchdog/watchdog.c.obj
 .debug_ranges  0x00001450       0x20 CMakeFiles/servo.dir/D_/Pico_Downloads/pico-sdk/src/rp2_common/hardware_xosc/xosc.c.obj
 .debug_ranges  0x00001470       0x18 CMakeFiles/servo.dir/D_/Pico_Downloads/pico-sdk/src/rp2_common/hardware_pll/pll.c.obj
 .debug_ranges  0x00001488      0x3b0 CMakeFiles/servo.dir/D_/Pico_Downloads/pico-sdk/src/rp2_common/hardware_irq/irq.c.obj
 .debug_ranges  0x00001838      0x108 CMakeFiles/servo.dir/D_/Pico_Downloads/pico-sdk/src/rp2_common/pico_printf/printf.c.obj
 .debug_ranges  0x00001940       0x60 CMakeFiles/servo.dir/D_/Pico_Downloads/pico-sdk/src/rp2_common/pico_bit_ops/bit_ops_aeabi.S.obj
 .debug_ranges  0x000019a0       0x38 CMakeFiles/servo.dir/D_/Pico_Downloads/pico-sdk/src/rp2_common/pico_bootrom/bootrom.c.obj
 .debug_ranges  0x000019d8       0x38 CMakeFiles/servo.dir/D_/Pico_Downloads/pico-sdk/src/rp2_common/pico_divider/divider.S.obj