Archive member included to satisfy reference by file (symbol)

c:/progra~2/gnuarm~1/102020~1/bin/../lib/gcc/arm-none-eabi/10.2.1/thumb/v6-m/nofp\libgcc.a(_dvmd_tls.o)
                              CMakeFiles/TwoServoSweep.dir/D_/Pico_Downloads/pico-sdk/src/rp2_common/pico_divider/divider.S.obj (__aeabi_idiv0)
c:/progra~2/gnuarm~1/102020~1/bin/../lib/gcc/arm-none-eabi/10.2.1/../../../../arm-none-eabi/lib/thumb/v6-m/nofp\libg.a(lib_a-calloc.o)
                              CMakeFiles/TwoServoSweep.dir/D_/Pico_Downloads/pico-sdk/src/rp2_common/pico_malloc/pico_malloc.c.obj (calloc)
c:/progra~2/gnuarm~1/102020~1/bin/../lib/gcc/arm-none-eabi/10.2.1/../../../../arm-none-eabi/lib/thumb/v6-m/nofp\libg.a(lib_a-callocr.o)
                              c:/progra~2/gnuarm~1/102020~1/bin/../lib/gcc/arm-none-eabi/10.2.1/../../../../arm-none-eabi/lib/thumb/v6-m/nofp\libg.a(lib_a-calloc.o) (_calloc_r)
c:/progra~2/gnuarm~1/102020~1/bin/../lib/gcc/arm-none-eabi/10.2.1/../../../../arm-none-eabi/lib/thumb/v6-m/nofp\libg.a(lib_a-impure.o)
                              c:/progra~2/gnuarm~1/102020~1/bin/../lib/gcc/arm-none-eabi/10.2.1/../../../../arm-none-eabi/lib/thumb/v6-m/nofp\libg.a(lib_a-calloc.o) (_impure_ptr)
c:/progra~2/gnuarm~1/102020~1/bin/../lib/gcc/arm-none-eabi/10.2.1/../../../../arm-none-eabi/lib/thumb/v6-m/nofp\libg.a(lib_a-init.o)
                              c:/progra~2/gnuarm~1/102020~1/bin/../lib/gcc/arm-none-eabi/10.2.1/../../../../arm-none-eabi/lib/thumb/v6-m/nofp/crt0.o (__libc_init_array)
c:/progra~2/gnuarm~1/102020~1/bin/../lib/gcc/arm-none-eabi/10.2.1/../../../../arm-none-eabi/lib/thumb/v6-m/nofp\libg.a(lib_a-malloc.o)
                              CMakeFiles/TwoServoSweep.dir/D_/Pico_Downloads/pico-sdk/src/rp2_common/pico_malloc/pico_malloc.c.obj (malloc)
c:/progra~2/gnuarm~1/102020~1/bin/../lib/gcc/arm-none-eabi/10.2.1/../../../../arm-none-eabi/lib/thumb/v6-m/nofp\libg.a(lib_a-mallocr.o)
                              c:/progra~2/gnuarm~1/102020~1/bin/../lib/gcc/arm-none-eabi/10.2.1/../../../../arm-none-eabi/lib/thumb/v6-m/nofp\libg.a(lib_a-callocr.o) (_malloc_r)
c:/progra~2/gnuarm~1/102020~1/bin/../lib/gcc/arm-none-eabi/10.2.1/../../../../arm-none-eabi/lib/thumb/v6-m/nofp\libg.a(lib_a-mlock.o)
                              c:/progra~2/gnuarm~1/102020~1/bin/../lib/gcc/arm-none-eabi/10.2.1/../../../../arm-none-eabi/lib/thumb/v6-m/nofp\libg.a(lib_a-mallocr.o) (__malloc_lock)
c:/progra~2/gnuarm~1/102020~1/bin/../lib/gcc/arm-none-eabi/10.2.1/../../../../arm-none-eabi/lib/thumb/v6-m/nofp\libg.a(lib_a-sbrkr.o)
                              c:/progra~2/gnuarm~1/102020~1/bin/../lib/gcc/arm-none-eabi/10.2.1/../../../../arm-none-eabi/lib/thumb/v6-m/nofp\libg.a(lib_a-mallocr.o) (_sbrk_r)
c:/progra~2/gnuarm~1/102020~1/bin/../lib/gcc/arm-none-eabi/10.2.1/../../../../arm-none-eabi/lib/thumb/v6-m/nofp\libg.a(lib_a-strlen-stub.o)
                              CMakeFiles/TwoServoSweep.dir/D_/Pico_Downloads/pico-sdk/src/rp2_common/pico_stdio/stdio.c.obj (strlen)
c:/progra~2/gnuarm~1/102020~1/bin/../lib/gcc/arm-none-eabi/10.2.1/../../../../arm-none-eabi/lib/thumb/v6-m/nofp\libg.a(lib_a-freer.o)
                              c:/progra~2/gnuarm~1/102020~1/bin/../lib/gcc/arm-none-eabi/10.2.1/../../../../arm-none-eabi/lib/thumb/v6-m/nofp\libg.a(lib_a-malloc.o) (_free_r)
c:/progra~2/gnuarm~1/102020~1/bin/../lib/gcc/arm-none-eabi/10.2.1/../../../../arm-none-eabi/lib/thumb/v6-m/nofp\libg.a(lib_a-lock.o)
                              c:/progra~2/gnuarm~1/102020~1/bin/../lib/gcc/arm-none-eabi/10.2.1/../../../../arm-none-eabi/lib/thumb/v6-m/nofp\libg.a(lib_a-mlock.o) (__retarget_lock_acquire_recursive)
c:/progra~2/gnuarm~1/102020~1/bin/../lib/gcc/arm-none-eabi/10.2.1/../../../../arm-none-eabi/lib/thumb/v6-m/nofp\libg.a(lib_a-reent.o)
                              c:/progra~2/gnuarm~1/102020~1/bin/../lib/gcc/arm-none-eabi/10.2.1/../../../../arm-none-eabi/lib/thumb/v6-m/nofp\libg.a(lib_a-sbrkr.o) (errno)

Discarded input sections

 .text          0x00000000        0x0 c:/progra~2/gnuarm~1/102020~1/bin/../lib/gcc/arm-none-eabi/10.2.1/thumb/v6-m/nofp/crti.o
 .data          0x00000000        0x0 c:/progra~2/gnuarm~1/102020~1/bin/../lib/gcc/arm-none-eabi/10.2.1/thumb/v6-m/nofp/crti.o
 .bss           0x00000000        0x0 c:/progra~2/gnuarm~1/102020~1/bin/../lib/gcc/arm-none-eabi/10.2.1/thumb/v6-m/nofp/crti.o
 .data          0x00000000        0x4 c:/progra~2/gnuarm~1/102020~1/bin/../lib/gcc/arm-none-eabi/10.2.1/thumb/v6-m/nofp/crtbegin.o
 .rodata        0x00000000       0x24 c:/progra~2/gnuarm~1/102020~1/bin/../lib/gcc/arm-none-eabi/10.2.1/thumb/v6-m/nofp/crtbegin.o
 .fini_array    0x00000000        0x4 c:/progra~2/gnuarm~1/102020~1/bin/../lib/gcc/arm-none-eabi/10.2.1/thumb/v6-m/nofp/crtbegin.o
 .text          0x00000000       0x80 c:/progra~2/gnuarm~1/102020~1/bin/../lib/gcc/arm-none-eabi/10.2.1/../../../../arm-none-eabi/lib/thumb/v6-m/nofp/crt0.o
[...]
Memory Configuration

Name             Origin             Length             Attributes
FLASH            0x10000000         0x00200000         xr
RAM              0x20000000         0x00040000         xrw
SCRATCH_X        0x20040000         0x00001000         xrw
SCRATCH_Y        0x20041000         0x00001000         xrw
*default*        0x00000000         0xffffffff

Linker script and memory map

LOAD c:/progra~2/gnuarm~1/102020~1/bin/../lib/gcc/arm-none-eabi/10.2.1/thumb/v6-m/nofp/crti.o
LOAD c:/progra~2/gnuarm~1/102020~1/bin/../lib/gcc/arm-none-eabi/10.2.1/thumb/v6-m/nofp/crtbegin.o
LOAD c:/progra~2/gnuarm~1/102020~1/bin/../lib/gcc/arm-none-eabi/10.2.1/../../../../arm-none-eabi/lib/thumb/v6-m/nofp/crt0.o

.flash_begin    0x10000000        0x0
                0x10000000                __flash_binary_start = .

.boot2          0x10000000      0x100
                0x10000000                __boot2_start__ = .
 *(.boot2)
 .boot2         0x10000000      0x100 C:\Users\tfkbr\AppData\Local\Temp\ccCRb74k.o
                0x10000100                __boot2_end__ = .
                0x00000001                ASSERT (((__boot2_end__ - __boot2_start__) == 0x100), ERROR: Pico second stage bootloader must be 256 bytes in size)

.text           0x10000100     0x4978
                0x10000100                __logical_binary_start = .
 *(.vectors)
 .vectors       0x10000100       0xd4 CMakeFiles/TwoServoSweep.dir/D_/Pico_Downloads/pico-sdk/src/rp2_common/pico_standard_link/crt0.S.obj
                0x10000100                __vectors
                0x100001c0                isr_invalid
                0x100001c2                isr_nmi
                0x100001c4                isr_hardfault
                0x100001c6                isr_svcall
                0x100001c8                isr_pendsv
                0x100001ca                isr_systick
                0x100001cc                isr_irq11
                0x100001cc                isr_irq5
                0x100001cc                isr_irq23
                0x100001cc                isr_irq18
                0x100001cc                isr_irq31
                0x100001cc                isr_irq28
                0x100001cc                isr_irq19
                0x100001cc                isr_irq0
                0x100001cc                isr_irq6
                0x100001cc                isr_irq27
                0x100001cc                isr_irq12
                0x100001cc                isr_irq22
                0x100001cc                isr_irq13
                0x100001cc                isr_irq17
                0x100001cc                isr_irq14
                0x100001cc                isr_irq2
                0x100001cc                isr_irq10
                0x100001cc                isr_irq8
                0x100001cc                isr_irq24
                0x100001cc                isr_irq1
                0x100001cc                isr_irq7
                0x100001cc                isr_irq21
                0x100001cc                isr_irq20
                0x100001cc                isr_irq15
                0x100001cc                isr_irq25
                0x100001cc                __unhandled_user_irq
                0x100001cc                isr_irq4
                0x100001cc                isr_irq16
                0x100001cc                isr_irq29
                0x100001cc                isr_irq26
                0x100001cc                isr_irq3
                0x100001cc                isr_irq30
                0x100001cc                isr_irq9
                0x100001d2                unhandled_user_irq_num_in_r0
 *(.binary_info_header)
 .binary_info_header
                0x100001d4       0x14 CMakeFiles/TwoServoSweep.dir/D_/Pico_Downloads/pico-sdk/src/rp2_common/pico_standard_link/crt0.S.obj
                0x100001e8                __binary_info_header_end = .
 *(.reset)
 .reset         0x100001e8       0xa8 CMakeFiles/TwoServoSweep.dir/D_/Pico_Downloads/pico-sdk/src/rp2_common/pico_standard_link/crt0.S.obj
                0x100001e8                _entry_point
                0x10000266                __get_current_exception
 .reset         0x10000290       0x30 CMakeFiles/TwoServoSweep.dir/D_/Pico_Downloads/pico-sdk/src/rp2_common/pico_standard_link/binary_info.c.obj
 *(.init)
 .init          0x100002c0        0x4 c:/progra~2/gnuarm~1/102020~1/bin/../lib/gcc/arm-none-eabi/10.2.1/thumb/v6-m/nofp/crti.o
                0x100002c0                _init
 *(EXCLUDE_FILE(*libm.a: *libc.a:*lib_a-mem*.o *libgcc.a:) .text*)
 .text          0x100002c4       0x48 c:/progra~2/gnuarm~1/102020~1/bin/../lib/gcc/arm-none-eabi/10.2.1/thumb/v6-m/nofp/crtbegin.o
 .text.main     0x1000030c       0xd0 CMakeFiles/TwoServoSweep.dir/TwoServoSweepExample.c.obj
                0x1000030c                main
 .text.setMillis
                0x100003dc       0x6c CMakeFiles/TwoServoSweep.dir/servo/servo.c.obj
                0x100003dc                setMillis
 .text.setServo
                0x10000448       0x88 CMakeFiles/TwoServoSweep.dir/servo/servo.c.obj
                0x10000448                setServo
 .text.gpio_set_function
                0x100004d0       0x30 CMakeFiles/TwoServoSweep.dir/D_/Pico_Downloads/pico-sdk/src/rp2_common/hardware_gpio/gpio.c.obj
                0x100004d0                gpio_set_function
 .text.hw_claim_lock
                0x10000500       0x18 CMakeFiles/TwoServoSweep.dir/D_/Pico_Downloads/pico-sdk/src/rp2_common/hardware_claim/claim.c.obj
                0x10000500                hw_claim_lock
 .text.hw_claim_unlock
                0x10000518       0x14 CMakeFiles/TwoServoSweep.dir/D_/Pico_Downloads/pico-sdk/src/rp2_common/hardware_claim/claim.c.obj
                0x10000518                hw_claim_unlock
 .text.hw_claim_or_assert
                0x1000052c       0x34 CMakeFiles/TwoServoSweep.dir/D_/Pico_Downloads/pico-sdk/src/rp2_common/hardware_claim/claim.c.obj
                0x1000052c                hw_claim_or_assert
 .text.spin_locks_reset
                0x10000560       0x20 CMakeFiles/TwoServoSweep.dir/D_/Pico_Downloads/pico-sdk/src/rp2_common/hardware_sync/sync.c.obj
                0x10000560                spin_locks_reset
 .text.next_striped_spin_lock_num
                0x10000580       0x1c CMakeFiles/TwoServoSweep.dir/D_/Pico_Downloads/pico-sdk/src/rp2_common/hardware_sync/sync.c.obj
                0x10000580                next_striped_spin_lock_num
 .text.running_on_fpga
                0x1000059c       0x14 CMakeFiles/TwoServoSweep.dir/D_/Pico_Downloads/pico-sdk/src/rp2_common/pico_platform/platform.c.obj
                0x1000059c                running_on_fpga
 .text.sev_callback
                0x100005b0        0x8 CMakeFiles/TwoServoSweep.dir/D_/Pico_Downloads/pico-sdk/src/common/pico_time/time.c.obj
 .text.timer_pool_entry_comparator
                0x100005b8       0x7c CMakeFiles/TwoServoSweep.dir/D_/Pico_Downloads/pico-sdk/src/common/pico_time/time.c.obj
                0x100005b8                timer_pool_entry_comparator
 .text.ph_add_child_node
                0x10000634       0xa4 CMakeFiles/TwoServoSweep.dir/D_/Pico_Downloads/pico-sdk/src/common/pico_time/time.c.obj
 .text.ph_merge_nodes
                0x100006d8       0x3e CMakeFiles/TwoServoSweep.dir/D_/Pico_Downloads/pico-sdk/src/common/pico_time/time.c.obj
 *fill*         0x10000716        0x2 
 .text.add_alarm_under_lock
                0x10000718      0x178 CMakeFiles/TwoServoSweep.dir/D_/Pico_Downloads/pico-sdk/src/common/pico_time/time.c.obj
 .text.alarm_pool_alarm_callback
                0x10000890      0x2e4 CMakeFiles/TwoServoSweep.dir/D_/Pico_Downloads/pico-sdk/src/common/pico_time/time.c.obj
 .text.alarm_pool_get_default
                0x10000b74       0x28 CMakeFiles/TwoServoSweep.dir/D_/Pico_Downloads/pico-sdk/src/common/pico_time/time.c.obj
                0x10000b74                alarm_pool_get_default
 .text.alarm_pool_create
                0x10000b9c       0x6c CMakeFiles/TwoServoSweep.dir/D_/Pico_Downloads/pico-sdk/src/common/pico_time/time.c.obj
                0x10000b9c                alarm_pool_create
 .text.alarm_pool_init_default
                0x10000c08       0x20 CMakeFiles/TwoServoSweep.dir/D_/Pico_Downloads/pico-sdk/src/common/pico_time/time.c.obj
                0x10000c08                alarm_pool_init_default
 .text.alarm_pool_add_alarm_at
                0x10000c28      0x128 CMakeFiles/TwoServoSweep.dir/D_/Pico_Downloads/pico-sdk/src/common/pico_time/time.c.obj
                0x10000c28                alarm_pool_add_alarm_at
 .text.sleep_until
                0x10000d50       0x94 CMakeFiles/TwoServoSweep.dir/D_/Pico_Downloads/pico-sdk/src/common/pico_time/time.c.obj
                0x10000d50                sleep_until
 .text.sleep_us
                0x10000de4       0x2c CMakeFiles/TwoServoSweep.dir/D_/Pico_Downloads/pico-sdk/src/common/pico_time/time.c.obj
                0x10000de4                sleep_us
 .text.sleep_ms
                0x10000e10       0x14 CMakeFiles/TwoServoSweep.dir/D_/Pico_Downloads/pico-sdk/src/common/pico_time/time.c.obj
                0x10000e10                sleep_ms
 .text.hardware_alarm_irq_handler
                0x10000e24       0x8c CMakeFiles/TwoServoSweep.dir/D_/Pico_Downloads/pico-sdk/src/rp2_common/hardware_timer/timer.c.obj
 .text.hardware_alarm_claim
                0x10000eb0       0x18 CMakeFiles/TwoServoSweep.dir/D_/Pico_Downloads/pico-sdk/src/rp2_common/hardware_timer/timer.c.obj
                0x10000eb0                hardware_alarm_claim
 .text.time_us_64
                0x10000ec8       0x18 CMakeFiles/TwoServoSweep.dir/D_/Pico_Downloads/pico-sdk/src/rp2_common/hardware_timer/timer.c.obj
                0x10000ec8                time_us_64
 .text.busy_wait_until
                0x10000ee0       0x28 CMakeFiles/TwoServoSweep.dir/D_/Pico_Downloads/pico-sdk/src/rp2_common/hardware_timer/timer.c.obj
                0x10000ee0                busy_wait_until
 .text.hardware_alarm_set_callback
                0x10000f08       0x90 CMakeFiles/TwoServoSweep.dir/D_/Pico_Downloads/pico-sdk/src/rp2_common/hardware_timer/timer.c.obj
                0x10000f08                hardware_alarm_set_callback
 .text.hardware_alarm_set_target
                0x10000f98       0xd0 CMakeFiles/TwoServoSweep.dir/D_/Pico_Downloads/pico-sdk/src/rp2_common/hardware_timer/timer.c.obj
                0x10000f98                hardware_alarm_set_target
 .text.hardware_alarm_cancel
                0x10001068       0x40 CMakeFiles/TwoServoSweep.dir/D_/Pico_Downloads/pico-sdk/src/rp2_common/hardware_timer/timer.c.obj
                0x10001068                hardware_alarm_cancel
 .text.lock_init
                0x100010a8       0x30 CMakeFiles/TwoServoSweep.dir/D_/Pico_Downloads/pico-sdk/src/common/pico_sync/lock_core.c.obj
                0x100010a8                lock_init
 .text.mutex_init
                0x100010d8       0x1a CMakeFiles/TwoServoSweep.dir/D_/Pico_Downloads/pico-sdk/src/common/pico_sync/mutex.c.obj
                0x100010d8                mutex_init
 *fill*         0x100010f2        0x2 
 .text.ph_add_child_node
                0x100010f4       0xa4 CMakeFiles/TwoServoSweep.dir/D_/Pico_Downloads/pico-sdk/src/common/pico_util/pheap.c.obj
 .text.ph_merge_nodes
                0x10001198       0x3e CMakeFiles/TwoServoSweep.dir/D_/Pico_Downloads/pico-sdk/src/common/pico_util/pheap.c.obj
 *fill*         0x100011d6        0x2 
 .text.ph_clear
                0x100011d8       0x74 CMakeFiles/TwoServoSweep.dir/D_/Pico_Downloads/pico-sdk/src/common/pico_util/pheap.c.obj
                0x100011d8                ph_clear
 .text.ph_create
                0x1000124c       0x2c CMakeFiles/TwoServoSweep.dir/D_/Pico_Downloads/pico-sdk/src/common/pico_util/pheap.c.obj
                0x1000124c                ph_create
 .text.ph_merge_two_pass
                0x10001278       0xa8 CMakeFiles/TwoServoSweep.dir/D_/Pico_Downloads/pico-sdk/src/common/pico_util/pheap.c.obj
                0x10001278                ph_merge_two_pass
 .text.ph_remove_any_head
                0x10001320      0x108 CMakeFiles/TwoServoSweep.dir/D_/Pico_Downloads/pico-sdk/src/common/pico_util/pheap.c.obj
 .text.ph_remove_head_reserve
                0x10001428       0x14 CMakeFiles/TwoServoSweep.dir/D_/Pico_Downloads/pico-sdk/src/common/pico_util/pheap.c.obj
                0x10001428                ph_remove_head_reserve
 .text.ph_delete
                0x1000143c       0xf8 CMakeFiles/TwoServoSweep.dir/D_/Pico_Downloads/pico-sdk/src/common/pico_util/pheap.c.obj
                0x1000143c                ph_delete
 .text.runtime_init
                0x10001534       0xcc CMakeFiles/TwoServoSweep.dir/D_/Pico_Downloads/pico-sdk/src/rp2_common/pico_runtime/runtime.c.obj
                0x10001534                runtime_init
 .text._exit    0x10001600        0x4 CMakeFiles/TwoServoSweep.dir/D_/Pico_Downloads/pico-sdk/src/rp2_common/pico_runtime/runtime.c.obj
                0x10001600                _exit
 .text._sbrk    0x10001604       0x38 CMakeFiles/TwoServoSweep.dir/D_/Pico_Downloads/pico-sdk/src/rp2_common/pico_runtime/runtime.c.obj
                0x10001604                _sbrk
 .text.exit     0x1000163c        0x6 CMakeFiles/TwoServoSweep.dir/D_/Pico_Downloads/pico-sdk/src/rp2_common/pico_runtime/runtime.c.obj
                0x1000163c                exit
 *fill*         0x10001642        0x2 
 .text.__assert_func
                0x10001644       0x3c CMakeFiles/TwoServoSweep.dir/D_/Pico_Downloads/pico-sdk/src/rp2_common/pico_runtime/runtime.c.obj
                0x10001644                __assert_func
 .text.panic    0x10001680       0x30 CMakeFiles/TwoServoSweep.dir/D_/Pico_Downloads/pico-sdk/src/rp2_common/pico_runtime/runtime.c.obj
                0x10001680                panic
 .text.clock_configure
                0x100016b0       0xe8 CMakeFiles/TwoServoSweep.dir/D_/Pico_Downloads/pico-sdk/src/rp2_common/hardware_clocks/clocks.c.obj
                0x100016b0                clock_configure
 .text.clocks_init
                0x10001798      0x124 CMakeFiles/TwoServoSweep.dir/D_/Pico_Downloads/pico-sdk/src/rp2_common/hardware_clocks/clocks.c.obj
                0x10001798                clocks_init
 .text.watchdog_start_tick
                0x100018bc       0x10 CMakeFiles/TwoServoSweep.dir/D_/Pico_Downloads/pico-sdk/src/rp2_common/hardware_watchdog/watchdog.c.obj
                0x100018bc                watchdog_start_tick
 .text.xosc_init
                0x100018cc       0x28 CMakeFiles/TwoServoSweep.dir/D_/Pico_Downloads/pico-sdk/src/rp2_common/hardware_xosc/xosc.c.obj
                0x100018cc                xosc_init
 .text.pll_init
                0x100018f4       0xd4 CMakeFiles/TwoServoSweep.dir/D_/Pico_Downloads/pico-sdk/src/rp2_common/hardware_pll/pll.c.obj
                0x100018f4                pll_init
 .text.set_raw_irq_handler_and_unlock
                0x100019c8       0x28 CMakeFiles/TwoServoSweep.dir/D_/Pico_Downloads/pico-sdk/src/rp2_common/hardware_irq/irq.c.obj
 .text.make_branch
                0x100019f0       0x34 CMakeFiles/TwoServoSweep.dir/D_/Pico_Downloads/pico-sdk/src/rp2_common/hardware_irq/irq.c.obj
 .text.insert_branch_and_link
                0x10001a24       0x40 CMakeFiles/TwoServoSweep.dir/D_/Pico_Downloads/pico-sdk/src/rp2_common/hardware_irq/irq.c.obj
 .text.irq_is_enabled
                0x10001a64       0x18 CMakeFiles/TwoServoSweep.dir/D_/Pico_Downloads/pico-sdk/src/rp2_common/hardware_irq/irq.c.obj
                0x10001a64                irq_is_enabled
 .text.irq_set_mask_enabled
                0x10001a7c       0x20 CMakeFiles/TwoServoSweep.dir/D_/Pico_Downloads/pico-sdk/src/rp2_common/hardware_irq/irq.c.obj
                0x10001a7c                irq_set_mask_enabled
 .text.irq_set_enabled
                0x10001a9c        0xe CMakeFiles/TwoServoSweep.dir/D_/Pico_Downloads/pico-sdk/src/rp2_common/hardware_irq/irq.c.obj
                0x10001a9c                irq_set_enabled
 *fill*         0x10001aaa        0x2 
 .text.irq_get_vtable_handler
                0x10001aac       0x10 CMakeFiles/TwoServoSweep.dir/D_/Pico_Downloads/pico-sdk/src/rp2_common/hardware_irq/irq.c.obj
                0x10001aac                irq_get_vtable_handler
 .text.irq_set_exclusive_handler
                0x10001abc       0x54 CMakeFiles/TwoServoSweep.dir/D_/Pico_Downloads/pico-sdk/src/rp2_common/hardware_irq/irq.c.obj
                0x10001abc                irq_set_exclusive_handler
 .text.irq_remove_handler
                0x10001b10      0x1b4 CMakeFiles/TwoServoSweep.dir/D_/Pico_Downloads/pico-sdk/src/rp2_common/hardware_irq/irq.c.obj
                0x10001b10                irq_remove_handler
 .text.irq_set_priority
                0x10001cc4       0x28 CMakeFiles/TwoServoSweep.dir/D_/Pico_Downloads/pico-sdk/src/rp2_common/hardware_irq/irq.c.obj
                0x10001cc4                irq_set_priority
 .text.irq_add_tail_to_free_list
                0x10001cec       0xf8 CMakeFiles/TwoServoSweep.dir/D_/Pico_Downloads/pico-sdk/src/rp2_common/hardware_irq/irq.c.obj
                0x10001cec                irq_add_tail_to_free_list
 .text.irq_init_priorities
                0x10001de4       0x16 CMakeFiles/TwoServoSweep.dir/D_/Pico_Downloads/pico-sdk/src/rp2_common/hardware_irq/irq.c.obj
                0x10001de4                irq_init_priorities
 .text._out_null
                0x10001dfa        0x2 CMakeFiles/TwoServoSweep.dir/D_/Pico_Downloads/pico-sdk/src/rp2_common/pico_printf/printf.c.obj
 .text._out_fct
                0x10001dfc        0xe CMakeFiles/TwoServoSweep.dir/D_/Pico_Downloads/pico-sdk/src/rp2_common/pico_printf/printf.c.obj
 .text._atoi    0x10001e0a       0x24 CMakeFiles/TwoServoSweep.dir/D_/Pico_Downloads/pico-sdk/src/rp2_common/pico_printf/printf.c.obj
 .text._out_rev
                0x10001e2e       0xae CMakeFiles/TwoServoSweep.dir/D_/Pico_Downloads/pico-sdk/src/rp2_common/pico_printf/printf.c.obj
 .text._ntoa_format
                0x10001edc      0x112 CMakeFiles/TwoServoSweep.dir/D_/Pico_Downloads/pico-sdk/src/rp2_common/pico_printf/printf.c.obj
 .text._ntoa_long
                0x10001fee       0xbc CMakeFiles/TwoServoSweep.dir/D_/Pico_Downloads/pico-sdk/src/rp2_common/pico_printf/printf.c.obj
 .text._ntoa_long_long
                0x100020aa       0xe2 CMakeFiles/TwoServoSweep.dir/D_/Pico_Downloads/pico-sdk/src/rp2_common/pico_printf/printf.c.obj
 .text._etoa    0x1000218c      0x404 CMakeFiles/TwoServoSweep.dir/D_/Pico_Downloads/pico-sdk/src/rp2_common/pico_printf/printf.c.obj
 .text._ftoa    0x10002590      0x354 CMakeFiles/TwoServoSweep.dir/D_/Pico_Downloads/pico-sdk/src/rp2_common/pico_printf/printf.c.obj
 .text._vsnprintf
                0x100028e4      0x624 CMakeFiles/TwoServoSweep.dir/D_/Pico_Downloads/pico-sdk/src/rp2_common/pico_printf/printf.c.obj
 .text.vfctprintf
                0x10002f08       0x20 CMakeFiles/TwoServoSweep.dir/D_/Pico_Downloads/pico-sdk/src/rp2_common/pico_printf/printf.c.obj
                0x10002f08                vfctprintf
 .text          0x10002f28       0x10 CMakeFiles/TwoServoSweep.dir/D_/Pico_Downloads/pico-sdk/src/rp2_common/pico_bit_ops/bit_ops_aeabi.S.obj
 .text.rom_func_lookup
                0x10002f38       0x10 CMakeFiles/TwoServoSweep.dir/D_/Pico_Downloads/pico-sdk/src/rp2_common/pico_bootrom/bootrom.c.obj
                0x10002f38                rom_func_lookup
 .text.rom_data_lookup
                0x10002f48       0x10 CMakeFiles/TwoServoSweep.dir/D_/Pico_Downloads/pico-sdk/src/rp2_common/pico_bootrom/bootrom.c.obj
                0x10002f48                rom_data_lookup
 .text.rom_funcs_lookup
                0x10002f58       0x36 CMakeFiles/TwoServoSweep.dir/D_/Pico_Downloads/pico-sdk/src/rp2_common/pico_bootrom/bootrom.c.obj
                0x10002f58                rom_funcs_lookup
 *fill*         0x10002f8e        0x2 
 .text.__wrap___aeabi_idiv
                0x10002f90       0x58 CMakeFiles/TwoServoSweep.dir/D_/Pico_Downloads/pico-sdk/src/rp2_common/pico_divider/divider.S.obj
                0x10002f90                __wrap___aeabi_idivmod
                0x10002f90                divmod_s32s32
                0x10002f90                div_s32s32
                0x10002f90                __wrap___aeabi_idiv
                0x10002f98                divmod_s32s32_unsafe
                0x10002fc4                divmod_s32s32_savestate
 .text.__wrap___aeabi_uidiv
                0x10002fe8       0x54 CMakeFiles/TwoServoSweep.dir/D_/Pico_Downloads/pico-sdk/src/rp2_common/pico_divider/divider.S.obj
                0x10002fe8                __wrap___aeabi_uidiv
                0x10002fe8                __wrap___aeabi_uidivmod
                0x10002fe8                div_u32u32
                0x10002fe8                divmod_u32u32
                0x10002ff0                divmod_u32u32_unsafe
                0x10003018                divmod_u32u32_savestate
 .text.__wrap___aeabi_ldiv
                0x1000303c      0x430 CMakeFiles/TwoServoSweep.dir/D_/Pico_Downloads/pico-sdk/src/rp2_common/pico_divider/divider.S.obj
                0x1000303c                div_s64s64
                0x1000303c                divmod_s64s64
                0x1000303c                __wrap___aeabi_ldivmod
                0x10003074                divmod_u64u64
                0x10003074                div_u64u64
                0x10003074                __wrap___aeabi_uldivmod
                0x10003084                divmod_u64u64_savestate
                0x100030ac                divmod_s64s64_unsafe
                0x10003134                divmod_u64u64_unsafe
 .text.__wrap___aeabi_darithmetic
                0x1000346c       0x54 CMakeFiles/TwoServoSweep.dir/D_/Pico_Downloads/pico-sdk/src/rp2_common/pico_double/double_aeabi.S.obj
                0x1000346c                __wrap___aeabi_drsub
                0x10003472                __wrap___aeabi_dsub
                0x10003484                __wrap___aeabi_dadd
                0x10003496                __wrap___aeabi_ddiv
                0x100034a8                __wrap___aeabi_dmul
 .text.__wrap___aeabi_cdcmple
                0x100034c0       0x6c CMakeFiles/TwoServoSweep.dir/D_/Pico_Downloads/pico-sdk/src/rp2_common/pico_double/double_aeabi.S.obj
                0x100034c0                __wrap___aeabi_cdrcmple
                0x100034d0                __wrap___aeabi_cdcmpeq
                0x100034d0                __wrap___aeabi_cdcmple
 .text.__wrap___aeabi_dcmplt
                0x1000352c        0xc CMakeFiles/TwoServoSweep.dir/D_/Pico_Downloads/pico-sdk/src/rp2_common/pico_double/double_aeabi.S.obj
                0x1000352c                __wrap___aeabi_dcmplt
 .text.__wrap___aeabi_dcmple
                0x10003538       0x10 CMakeFiles/TwoServoSweep.dir/D_/Pico_Downloads/pico-sdk/src/rp2_common/pico_double/double_aeabi.S.obj
                0x10003538                __wrap___aeabi_dcmple
 .text.__wrap___aeabi_dcmpge
                0x10003548       0x10 CMakeFiles/TwoServoSweep.dir/D_/Pico_Downloads/pico-sdk/src/rp2_common/pico_double/double_aeabi.S.obj
                0x10003548                __wrap___aeabi_dcmpge
 .text.__wrap___aeabi_dcmpgt
                0x10003558        0xa CMakeFiles/TwoServoSweep.dir/D_/Pico_Downloads/pico-sdk/src/rp2_common/pico_double/double_aeabi.S.obj
                0x10003558                __wrap___aeabi_dcmpgt
 .text.__wrap___aeabi_dcmpun
                0x10003562       0x1c CMakeFiles/TwoServoSweep.dir/D_/Pico_Downloads/pico-sdk/src/rp2_common/pico_double/double_aeabi.S.obj
                0x10003562                __wrap___aeabi_dcmpun
 *fill*         0x1000357e        0x2 
 .text.__wrap___aeabi_i2d
                0x10003580       0x38 CMakeFiles/TwoServoSweep.dir/D_/Pico_Downloads/pico-sdk/src/rp2_common/pico_double/double_aeabi.S.obj
                0x10003580                __wrap___aeabi_ui2d
                0x10003588                __wrap___aeabi_i2d
 .text.__wrap___aeabi_d2iz
                0x100035b8       0x48 CMakeFiles/TwoServoSweep.dir/D_/Pico_Downloads/pico-sdk/src/rp2_common/pico_double/double_aeabi.S.obj
                0x100035b8                double2int_z
                0x100035b8                __wrap___aeabi_d2iz
 .text.__wrap___aeabi_d2uiz
                0x10003600       0x18 CMakeFiles/TwoServoSweep.dir/D_/Pico_Downloads/pico-sdk/src/rp2_common/pico_double/double_aeabi.S.obj
                0x10003600                __wrap___aeabi_d2uiz
                0x10003600                double2uint
 .text.__aeabi_double_init
                0x10003618       0xb8 CMakeFiles/TwoServoSweep.dir/D_/Pico_Downloads/pico-sdk/src/rp2_common/pico_double/double_init_rom.c.obj
                0x10003618                __aeabi_double_init
 .text.double_table_shim_on_use_helper
                0x100036d0       0x34 CMakeFiles/TwoServoSweep.dir/D_/Pico_Downloads/pico-sdk/src/rp2_common/pico_double/double_v1_rom_shim.S.obj
                0x100036d0                double_table_shim_on_use_helper
 .text.__wrap___aeabi_dsub
                0x10003704       0x10 CMakeFiles/TwoServoSweep.dir/D_/Pico_Downloads/pico-sdk/src/rp2_common/pico_double/double_v1_rom_shim.S.obj
                0x10003704                drsub_shim
                0x1000370a                dsub_shim
 .text.dadd_shim
                0x10003714      0x15c CMakeFiles/TwoServoSweep.dir/D_/Pico_Downloads/pico-sdk/src/rp2_common/pico_double/double_v1_rom_shim.S.obj
                0x10003714                dadd_shim
 .text.dmul_shim
                0x10003870      0x15c CMakeFiles/TwoServoSweep.dir/D_/Pico_Downloads/pico-sdk/src/rp2_common/pico_double/double_v1_rom_shim.S.obj
                0x10003870                dmul_shim
 .text.ddiv_shim
                0x100039cc      0x1b0 CMakeFiles/TwoServoSweep.dir/D_/Pico_Downloads/pico-sdk/src/rp2_common/pico_double/double_v1_rom_shim.S.obj
                0x100039cc                ddiv_shim
 .text.dcordic_rot_step
                0x10003b7c       0x7c CMakeFiles/TwoServoSweep.dir/D_/Pico_Downloads/pico-sdk/src/rp2_common/pico_double/double_v1_rom_shim.S.obj
                0x10003b7c                dcordic_rot_step
 .text.double2uint_shim
                0x10003bf8        0xe CMakeFiles/TwoServoSweep.dir/D_/Pico_Downloads/pico-sdk/src/rp2_common/pico_double/double_v1_rom_shim.S.obj
                0x10003bf8                double2uint_shim
                0x10003bfa                double2ufix_shim
 *fill*         0x10003c06        0x2 
 .text.double2uint64_shim
                0x10003c08       0x6c CMakeFiles/TwoServoSweep.dir/D_/Pico_Downloads/pico-sdk/src/rp2_common/pico_double/double_v1_rom_shim.S.obj
                0x10003c08                double2uint64_shim
                0x10003c0a                double2ufix64_shim
                0x10003c24                d2fix_a
 .text.dunpacks
                0x10003c74       0x3c CMakeFiles/TwoServoSweep.dir/D_/Pico_Downloads/pico-sdk/src/rp2_common/pico_double/double_v1_rom_shim.S.obj
                0x10003c74                dunpacks
 .text.__aeabi_lmul
                0x10003cb0       0x32 CMakeFiles/TwoServoSweep.dir/D_/Pico_Downloads/pico-sdk/src/rp2_common/pico_int64_ops/pico_int64_ops_aeabi.S.obj
                0x10003cb0                __wrap___aeabi_lmul
 *fill*         0x10003ce2        0x2 
 .text.__wrap___aeabi_farithmetic
                0x10003ce4       0x34 CMakeFiles/TwoServoSweep.dir/D_/Pico_Downloads/pico-sdk/src/rp2_common/pico_float/float_aeabi.S.obj
                0x10003ce4                __wrap___aeabi_frsub
                0x10003cea                __wrap___aeabi_fsub
                0x10003cf4                __wrap___aeabi_fadd
                0x10003cfe                __wrap___aeabi_fdiv
                0x10003d08                __wrap___aeabi_fmul
 .text.__wrap___aeabi_i2f
                0x10003d18       0x44 CMakeFiles/TwoServoSweep.dir/D_/Pico_Downloads/pico-sdk/src/rp2_common/pico_float/float_aeabi.S.obj
                0x10003d18                __wrap___aeabi_i2f
 .text.__wrap___aeabi_f2uiz
                0x10003d5c       0x10 CMakeFiles/TwoServoSweep.dir/D_/Pico_Downloads/pico-sdk/src/rp2_common/pico_float/float_aeabi.S.obj
                0x10003d5c                __wrap___aeabi_f2uiz
 .text.__aeabi_float_init
                0x10003d6c       0xfc CMakeFiles/TwoServoSweep.dir/D_/Pico_Downloads/pico-sdk/src/rp2_common/pico_float/float_init_rom.c.obj
                0x10003d6c                __aeabi_float_init
 .text.float_table_shim_on_use_helper
                0x10003e68       0x34 CMakeFiles/TwoServoSweep.dir/D_/Pico_Downloads/pico-sdk/src/rp2_common/pico_float/float_v1_rom_shim.S.obj
                0x10003e68                float_table_shim_on_use_helper
 .text.__wrap_malloc
                0x10003e9c        0x8 CMakeFiles/TwoServoSweep.dir/D_/Pico_Downloads/pico-sdk/src/rp2_common/pico_malloc/pico_malloc.c.obj
                0x10003e9c                __wrap_malloc
 .text.__wrap_calloc
                0x10003ea4        0x8 CMakeFiles/TwoServoSweep.dir/D_/Pico_Downloads/pico-sdk/src/rp2_common/pico_malloc/pico_malloc.c.obj
                0x10003ea4                __wrap_calloc
 .text          0x10003eac       0x10 CMakeFiles/TwoServoSweep.dir/D_/Pico_Downloads/pico-sdk/src/rp2_common/pico_mem_ops/mem_ops_aeabi.S.obj
                0x10003eac                __aeabi_mem_init
 .text.memset   0x10003ebc        0xc CMakeFiles/TwoServoSweep.dir/D_/Pico_Downloads/pico-sdk/src/rp2_common/pico_mem_ops/mem_ops_aeabi.S.obj
                0x10003ebc                __wrap_memset
 .text.memcpy   0x10003ec8        0xc CMakeFiles/TwoServoSweep.dir/D_/Pico_Downloads/pico-sdk/src/rp2_common/pico_mem_ops/mem_ops_aeabi.S.obj
                0x10003ec8                __wrap_memcpy
                0x10003ec8                __wrap___aeabi_memcpy
 .text.stdio_out_chars_crlf
                0x10003ed4       0x80 CMakeFiles/TwoServoSweep.dir/D_/Pico_Downloads/pico-sdk/src/rp2_common/pico_stdio/stdio.c.obj
 .text.stdio_stack_buffer_flush
                0x10003f54       0x44 CMakeFiles/TwoServoSweep.dir/D_/Pico_Downloads/pico-sdk/src/rp2_common/pico_stdio/stdio.c.obj
 .text.stdio_buffered_printer
                0x10003f98       0x20 CMakeFiles/TwoServoSweep.dir/D_/Pico_Downloads/pico-sdk/src/rp2_common/pico_stdio/stdio.c.obj
 .text.stdout_serialize_begin
                0x10003fb8       0x2c CMakeFiles/TwoServoSweep.dir/D_/Pico_Downloads/pico-sdk/src/rp2_common/pico_stdio/stdio.c.obj
                0x10003fb8                stdout_serialize_begin
 .text.stdout_serialize_end
                0x10003fe4       0x10 CMakeFiles/TwoServoSweep.dir/D_/Pico_Downloads/pico-sdk/src/rp2_common/pico_stdio/stdio.c.obj
                0x10003fe4                stdout_serialize_end
 .text.stdio_put_string
                0x10003ff4       0x84 CMakeFiles/TwoServoSweep.dir/D_/Pico_Downloads/pico-sdk/src/rp2_common/pico_stdio/stdio.c.obj
 .text.stdio_flush
                0x10004078       0x20 CMakeFiles/TwoServoSweep.dir/D_/Pico_Downloads/pico-sdk/src/rp2_common/pico_stdio/stdio.c.obj
                0x10004078                stdio_flush
 .text.__wrap_puts
                0x10004098       0x1c CMakeFiles/TwoServoSweep.dir/D_/Pico_Downloads/pico-sdk/src/rp2_common/pico_stdio/stdio.c.obj
                0x10004098                __wrap_puts
 .text.__wrap_vprintf
                0x100040b4       0x44 CMakeFiles/TwoServoSweep.dir/D_/Pico_Downloads/pico-sdk/src/rp2_common/pico_stdio/stdio.c.obj
                0x100040b4                __wrap_vprintf
 .text.__wrap_printf
                0x100040f8       0x18 CMakeFiles/TwoServoSweep.dir/D_/Pico_Downloads/pico-sdk/src/rp2_common/pico_stdio/stdio.c.obj
                0x100040f8                __wrap_printf
 .text.calloc   0x10004110       0x18 c:/progra~2/gnuarm~1/102020~1/bin/../lib/gcc/arm-none-eabi/10.2.1/../../../../arm-none-eabi/lib/thumb/v6-m/nofp\libg.a(lib_a-calloc.o)
                0x10004110                calloc
 .text._calloc_r
                0x10004128       0x5c c:/progra~2/gnuarm~1/102020~1/bin/../lib/gcc/arm-none-eabi/10.2.1/../../../../arm-none-eabi/lib/thumb/v6-m/nofp\libg.a(lib_a-callocr.o)
                0x10004128                _calloc_r
 .text.malloc   0x10004184       0x14 c:/progra~2/gnuarm~1/102020~1/bin/../lib/gcc/arm-none-eabi/10.2.1/../../../../arm-none-eabi/lib/thumb/v6-m/nofp\libg.a(lib_a-malloc.o)
                0x10004184                malloc
 .text._malloc_r
                0x10004198      0x580 c:/progra~2/gnuarm~1/102020~1/bin/../lib/gcc/arm-none-eabi/10.2.1/../../../../arm-none-eabi/lib/thumb/v6-m/nofp\libg.a(lib_a-mallocr.o)
                0x10004198                _malloc_r
 .text.__malloc_lock
                0x10004718       0x10 c:/progra~2/gnuarm~1/102020~1/bin/../lib/gcc/arm-none-eabi/10.2.1/../../../../arm-none-eabi/lib/thumb/v6-m/nofp\libg.a(lib_a-mlock.o)
                0x10004718                __malloc_lock
 .text.__malloc_unlock
                0x10004728       0x10 c:/progra~2/gnuarm~1/102020~1/bin/../lib/gcc/arm-none-eabi/10.2.1/../../../../arm-none-eabi/lib/thumb/v6-m/nofp\libg.a(lib_a-mlock.o)
                0x10004728                __malloc_unlock
 .text._sbrk_r  0x10004738       0x24 c:/progra~2/gnuarm~1/102020~1/bin/../lib/gcc/arm-none-eabi/10.2.1/../../../../arm-none-eabi/lib/thumb/v6-m/nofp\libg.a(lib_a-sbrkr.o)
                0x10004738                _sbrk_r
 .text.strlen   0x1000475c       0x5c c:/progra~2/gnuarm~1/102020~1/bin/../lib/gcc/arm-none-eabi/10.2.1/../../../../arm-none-eabi/lib/thumb/v6-m/nofp\libg.a(lib_a-strlen-stub.o)
                0x1000475c                strlen
 .text._malloc_trim_r
                0x100047b8       0x9c c:/progra~2/gnuarm~1/102020~1/bin/../lib/gcc/arm-none-eabi/10.2.1/../../../../arm-none-eabi/lib/thumb/v6-m/nofp\libg.a(lib_a-freer.o)
                0x100047b8                _malloc_trim_r
 .text._free_r  0x10004854      0x1c4 c:/progra~2/gnuarm~1/102020~1/bin/../lib/gcc/arm-none-eabi/10.2.1/../../../../arm-none-eabi/lib/thumb/v6-m/nofp\libg.a(lib_a-freer.o)
                0x10004854                _free_r
 .text.__retarget_lock_acquire_recursive
                0x10004a18        0x4 c:/progra~2/gnuarm~1/102020~1/bin/../lib/gcc/arm-none-eabi/10.2.1/../../../../arm-none-eabi/lib/thumb/v6-m/nofp\libg.a(lib_a-lock.o)
                0x10004a18                __retarget_lock_acquire_recursive
 .text.__retarget_lock_release_recursive
                0x10004a1c        0x4 c:/progra~2/gnuarm~1/102020~1/bin/../lib/gcc/arm-none-eabi/10.2.1/../../../../arm-none-eabi/lib/thumb/v6-m/nofp\libg.a(lib_a-lock.o)
                0x10004a1c                __retarget_lock_release_recursive
 *(.fini)
 .fini          0x10004a20        0x4 c:/progra~2/gnuarm~1/102020~1/bin/../lib/gcc/arm-none-eabi/10.2.1/thumb/v6-m/nofp/crti.o
                0x10004a20                _fini
 *fill*         0x10004a24        0x4 
 .fini.__stub   0x10004a28       0x50 linker stubs
 *crtbegin.o(.ctors)
 *crtbegin?.o(.ctors)
 *(EXCLUDE_FILE(*crtend.o *crtend?.o) .ctors)
 *(SORT_BY_NAME(.ctors.*))
 *(.ctors)
 *crtbegin.o(.dtors)
 *crtbegin?.o(.dtors)
 *(EXCLUDE_FILE(*crtend.o *crtend?.o) .dtors)
 *(SORT_BY_NAME(.dtors.*))
 *(.dtors)
 *(.eh_frame*)
 .eh_frame      0x10004a78        0x0 c:/progra~2/gnuarm~1/102020~1/bin/../lib/gcc/arm-none-eabi/10.2.1/thumb/v6-m/nofp/crtbegin.o
                0x10004a78                . = ALIGN (0x4)

.glue_7         0x10004a78        0x0
 .glue_7        0x10004a78        0x0 linker stubs

.glue_7t        0x10004a78        0x0
 .glue_7t       0x10004a78        0x0 linker stubs

.vfp11_veneer   0x10004a78        0x0
 .vfp11_veneer  0x10004a78        0x0 linker stubs

.v4_bx          0x10004a78        0x0
 .v4_bx         0x10004a78        0x0 linker stubs

.iplt           0x10004a78        0x0
 .iplt          0x10004a78        0x0 c:/progra~2/gnuarm~1/102020~1/bin/../lib/gcc/arm-none-eabi/10.2.1/thumb/v6-m/nofp/crtbegin.o

.rodata         0x10004a78      0xd08
 *(EXCLUDE_FILE(*libm.a: *libc.a:*lib_a-mem*.o *libgcc.a:) .rodata*)
 .rodata.alarm_pool_dump_key.str1.4
                0x10004a78       0x6b CMakeFiles/TwoServoSweep.dir/D_/Pico_Downloads/pico-sdk/src/common/pico_time/time.c.obj
 *fill*         0x10004ae3        0x1 
 .rodata.ph_add_child_node.str1.4
                0x10004ae4       0x8e CMakeFiles/TwoServoSweep.dir/D_/Pico_Downloads/pico-sdk/src/common/pico_time/time.c.obj
 *fill*         0x10004b72        0x2 
 .rodata.add_alarm_under_lock.str1.4
                0x10004b74       0x27 CMakeFiles/TwoServoSweep.dir/D_/Pico_Downloads/pico-sdk/src/common/pico_time/time.c.obj
 *fill*         0x10004b9b        0x1 
 .rodata.alarm_pool_alarm_callback.str1.4
                0x10004b9c       0x7d CMakeFiles/TwoServoSweep.dir/D_/Pico_Downloads/pico-sdk/src/common/pico_time/time.c.obj
 *fill*         0x10004c19        0x3 
 .rodata.alarm_pool_get_default.str1.4
                0x10004c1c       0x13 CMakeFiles/TwoServoSweep.dir/D_/Pico_Downloads/pico-sdk/src/common/pico_time/time.c.obj
 *fill*         0x10004c2f        0x1 
 .rodata.__func__.10
                0x10004c30       0x17 CMakeFiles/TwoServoSweep.dir/D_/Pico_Downloads/pico-sdk/src/common/pico_time/time.c.obj
 *fill*         0x10004c47        0x1 
 .rodata.__func__.2
                0x10004c48       0x12 CMakeFiles/TwoServoSweep.dir/D_/Pico_Downloads/pico-sdk/src/common/pico_time/time.c.obj
 *fill*         0x10004c5a        0x2 
 .rodata.__func__.3
                0x10004c5c       0x14 CMakeFiles/TwoServoSweep.dir/D_/Pico_Downloads/pico-sdk/src/common/pico_time/time.c.obj
 .rodata.__func__.4
                0x10004c70       0x12 CMakeFiles/TwoServoSweep.dir/D_/Pico_Downloads/pico-sdk/src/common/pico_time/time.c.obj
 *fill*         0x10004c82        0x2 
 .rodata.__func__.5
                0x10004c84        0xa CMakeFiles/TwoServoSweep.dir/D_/Pico_Downloads/pico-sdk/src/common/pico_time/time.c.obj
 *fill*         0x10004c8e        0x2 
 .rodata.__func__.6
                0x10004c90        0xc CMakeFiles/TwoServoSweep.dir/D_/Pico_Downloads/pico-sdk/src/common/pico_time/time.c.obj
 .rodata.__func__.7
                0x10004c9c       0x15 CMakeFiles/TwoServoSweep.dir/D_/Pico_Downloads/pico-sdk/src/common/pico_time/time.c.obj
 *fill*         0x10004cb1        0x3 
 .rodata.__func__.8
                0x10004cb4       0x1a CMakeFiles/TwoServoSweep.dir/D_/Pico_Downloads/pico-sdk/src/common/pico_time/time.c.obj
 *fill*         0x10004cce        0x2 
 .rodata.__func__.9
                0x10004cd0        0xa CMakeFiles/TwoServoSweep.dir/D_/Pico_Downloads/pico-sdk/src/common/pico_time/time.c.obj
 *fill*         0x10004cda        0x2 
 .rodata.hardware_alarm_claim.str1.4
                0x10004cdc       0x22 CMakeFiles/TwoServoSweep.dir/D_/Pico_Downloads/pico-sdk/src/rp2_common/hardware_timer/timer.c.obj
 *fill*         0x10004cfe        0x2 
 .rodata.hardware_alarm_set_target.str1.4
                0x10004d00       0x65 CMakeFiles/TwoServoSweep.dir/D_/Pico_Downloads/pico-sdk/src/rp2_common/hardware_timer/timer.c.obj
 *fill*         0x10004d65        0x3 
 .rodata.__func__.0
                0x10004d68       0x1a CMakeFiles/TwoServoSweep.dir/D_/Pico_Downloads/pico-sdk/src/rp2_common/hardware_timer/timer.c.obj
 *fill*         0x10004d82        0x2 
 .rodata.lock_init.str1.4
                0x10004d84       0x68 CMakeFiles/TwoServoSweep.dir/D_/Pico_Downloads/pico-sdk/src/common/pico_sync/lock_core.c.obj
 .rodata.__func__.0
                0x10004dec        0xa CMakeFiles/TwoServoSweep.dir/D_/Pico_Downloads/pico-sdk/src/common/pico_sync/lock_core.c.obj
 *fill*         0x10004df6        0x2 
 .rodata.str1.4
                0x10004df8       0x5c CMakeFiles/TwoServoSweep.dir/D_/Pico_Downloads/pico-sdk/src/common/pico_sync/mutex.c.obj
 .rodata.__func__.0
                0x10004e54        0xb CMakeFiles/TwoServoSweep.dir/D_/Pico_Downloads/pico-sdk/src/common/pico_sync/mutex.c.obj
 *fill*         0x10004e5f        0x1 
 .rodata.__func__.2
                0x10004e60       0x15 CMakeFiles/TwoServoSweep.dir/D_/Pico_Downloads/pico-sdk/src/common/pico_sync/mutex.c.obj
 .rodata.ph_add_child_node.str1.4
                0x10004e75       0x8e CMakeFiles/TwoServoSweep.dir/D_/Pico_Downloads/pico-sdk/src/common/pico_util/pheap.c.obj
 *fill*         0x10004e75        0x3 
 .rodata.ph_remove_any_head.str1.4
                0x10004e78       0x8c CMakeFiles/TwoServoSweep.dir/D_/Pico_Downloads/pico-sdk/src/common/pico_util/pheap.c.obj
 .rodata.ph_delete.str1.4
                0x10004f04       0x26 CMakeFiles/TwoServoSweep.dir/D_/Pico_Downloads/pico-sdk/src/common/pico_util/pheap.c.obj
 *fill*         0x10004f2a        0x2 
 .rodata.__func__.0
                0x10004f2c        0xa CMakeFiles/TwoServoSweep.dir/D_/Pico_Downloads/pico-sdk/src/common/pico_util/pheap.c.obj
 *fill*         0x10004f36        0x2 
 .rodata.__func__.1
                0x10004f38       0x13 CMakeFiles/TwoServoSweep.dir/D_/Pico_Downloads/pico-sdk/src/common/pico_util/pheap.c.obj
 *fill*         0x10004f4b        0x1 
 .rodata.__func__.2
                0x10004f4c       0x12 CMakeFiles/TwoServoSweep.dir/D_/Pico_Downloads/pico-sdk/src/common/pico_util/pheap.c.obj
 *fill*         0x10004f5e        0x2 
 .rodata.__func__.3
                0x10004f60        0xc CMakeFiles/TwoServoSweep.dir/D_/Pico_Downloads/pico-sdk/src/common/pico_util/pheap.c.obj
 .rodata.__assert_func.str1.4
                0x10004f6c       0x3f CMakeFiles/TwoServoSweep.dir/D_/Pico_Downloads/pico-sdk/src/rp2_common/pico_runtime/runtime.c.obj
                                 0x43 (size before relaxing)
 *fill*         0x10004fab        0x1 
 .rodata.panic.str1.4
                0x10004fac       0x12 CMakeFiles/TwoServoSweep.dir/D_/Pico_Downloads/pico-sdk/src/rp2_common/pico_runtime/runtime.c.obj
 *fill*         0x10004fbe        0x2 
 .rodata.clock_configure.str1.4
                0x10004fc0       0x57 CMakeFiles/TwoServoSweep.dir/D_/Pico_Downloads/pico-sdk/src/rp2_common/hardware_clocks/clocks.c.obj
 *fill*         0x10005017        0x1 
 .rodata.__func__.1
                0x10005018       0x10 CMakeFiles/TwoServoSweep.dir/D_/Pico_Downloads/pico-sdk/src/rp2_common/hardware_clocks/clocks.c.obj
 .rodata.pll_init.str1.4
                0x10005028       0xdb CMakeFiles/TwoServoSweep.dir/D_/Pico_Downloads/pico-sdk/src/rp2_common/hardware_pll/pll.c.obj
 *fill*         0x10005103        0x1 
 .rodata.__func__.0
                0x10005104        0x9 CMakeFiles/TwoServoSweep.dir/D_/Pico_Downloads/pico-sdk/src/rp2_common/hardware_pll/pll.c.obj
 *fill*         0x1000510d        0x3 
 .rodata.make_branch.str1.4
                0x10005110       0x4d CMakeFiles/TwoServoSweep.dir/D_/Pico_Downloads/pico-sdk/src/rp2_common/hardware_irq/irq.c.obj
 *fill*         0x1000515d        0x3 
 .rodata.irq_set_exclusive_handler.str1.4
                0x10005160       0x36 CMakeFiles/TwoServoSweep.dir/D_/Pico_Downloads/pico-sdk/src/rp2_common/hardware_irq/irq.c.obj
 *fill*         0x10005196        0x2 
 .rodata.irq_add_shared_handler.str1.4
                0x10005198       0xd9 CMakeFiles/TwoServoSweep.dir/D_/Pico_Downloads/pico-sdk/src/rp2_common/hardware_irq/irq.c.obj
 *fill*         0x10005271        0x3 
 .rodata.irq_remove_handler.str1.4
                0x10005274       0x2a CMakeFiles/TwoServoSweep.dir/D_/Pico_Downloads/pico-sdk/src/rp2_common/hardware_irq/irq.c.obj
 *fill*         0x1000529e        0x2 
 .rodata.irq_add_tail_to_free_list.str1.4
                0x100052a0       0x32 CMakeFiles/TwoServoSweep.dir/D_/Pico_Downloads/pico-sdk/src/rp2_common/hardware_irq/irq.c.obj
                                 0x3a (size before relaxing)
 *fill*         0x100052d2        0x2 
 .rodata.__func__.0
                0x100052d4       0x1a CMakeFiles/TwoServoSweep.dir/D_/Pico_Downloads/pico-sdk/src/rp2_common/hardware_irq/irq.c.obj
 *fill*         0x100052ee        0x2 
 .rodata.__func__.1
                0x100052f0       0x17 CMakeFiles/TwoServoSweep.dir/D_/Pico_Downloads/pico-sdk/src/rp2_common/hardware_irq/irq.c.obj
 *fill*         0x10005307        0x1 
 .rodata.__func__.2
                0x10005308       0x13 CMakeFiles/TwoServoSweep.dir/D_/Pico_Downloads/pico-sdk/src/rp2_common/hardware_irq/irq.c.obj
 *fill*         0x1000531b        0x1 
 .rodata.__func__.3
                0x1000531c        0xc CMakeFiles/TwoServoSweep.dir/D_/Pico_Downloads/pico-sdk/src/rp2_common/hardware_irq/irq.c.obj
 .rodata.__func__.4
                0x10005328        0xf CMakeFiles/TwoServoSweep.dir/D_/Pico_Downloads/pico-sdk/src/rp2_common/hardware_irq/irq.c.obj
 *fill*         0x10005337        0x1 
 .rodata.__func__.6
                0x10005338       0x1a CMakeFiles/TwoServoSweep.dir/D_/Pico_Downloads/pico-sdk/src/rp2_common/hardware_irq/irq.c.obj
 *fill*         0x10005352        0x2 
 .rodata._ftoa.str1.4
                0x10005354       0x15 CMakeFiles/TwoServoSweep.dir/D_/Pico_Downloads/pico-sdk/src/rp2_common/pico_printf/printf.c.obj
 *fill*         0x10005369        0x3 
 .rodata._vsnprintf
                0x1000536c      0x1e0 CMakeFiles/TwoServoSweep.dir/D_/Pico_Downloads/pico-sdk/src/rp2_common/pico_printf/printf.c.obj
 *fill*         0x1000554c        0x4 
 .rodata.pow10.0
                0x10005550       0x50 CMakeFiles/TwoServoSweep.dir/D_/Pico_Downloads/pico-sdk/src/rp2_common/pico_printf/printf.c.obj
 .rodata.__aeabi_double_init.str1.4
                0x100055a0       0xa8 CMakeFiles/TwoServoSweep.dir/D_/Pico_Downloads/pico-sdk/src/rp2_common/pico_double/double_init_rom.c.obj
 .rodata.__func__.0
                0x10005648       0x14 CMakeFiles/TwoServoSweep.dir/D_/Pico_Downloads/pico-sdk/src/rp2_common/pico_double/double_init_rom.c.obj
 .rodata.__aeabi_float_init.str1.4
                0x1000565c       0x7a CMakeFiles/TwoServoSweep.dir/D_/Pico_Downloads/pico-sdk/src/rp2_common/pico_float/float_init_rom.c.obj
                                 0x7e (size before relaxing)
 *fill*         0x100056d6        0x2 
 .rodata.__func__.0
                0x100056d8       0x13 CMakeFiles/TwoServoSweep.dir/D_/Pico_Downloads/pico-sdk/src/rp2_common/pico_float/float_init_rom.c.obj
 *fill*         0x100056eb        0x1 
 .rodata.str1.4
                0x100056ec       0x6c CMakeFiles/TwoServoSweep.dir/D_/Pico_Downloads/pico-sdk/src/rp2_common/pico_standard_link/binary_info.c.obj
 .rodata.__bi_40
                0x10005758        0xc CMakeFiles/TwoServoSweep.dir/D_/Pico_Downloads/pico-sdk/src/rp2_common/pico_standard_link/binary_info.c.obj
 .rodata.__bi_65
                0x10005764        0xc CMakeFiles/TwoServoSweep.dir/D_/Pico_Downloads/pico-sdk/src/rp2_common/pico_standard_link/binary_info.c.obj
 .rodata.__bi_71
                0x10005770        0xc CMakeFiles/TwoServoSweep.dir/D_/Pico_Downloads/pico-sdk/src/rp2_common/pico_standard_link/binary_info.c.obj
 .rodata.crlf_str.1
                0x1000577c        0x2 CMakeFiles/TwoServoSweep.dir/D_/Pico_Downloads/pico-sdk/src/rp2_common/pico_stdio/stdio.c.obj
                0x10005780                . = ALIGN (0x4)
 *fill*         0x1000577e        0x2 
 *(SORT_BY_ALIGNMENT(SORT_BY_NAME(.flashdata*)))
                0x10005780                . = ALIGN (0x4)

.rel.dyn        0x10005780        0x0
 .rel.iplt      0x10005780        0x0 c:/progra~2/gnuarm~1/102020~1/bin/../lib/gcc/arm-none-eabi/10.2.1/thumb/v6-m/nofp/crtbegin.o

.ARM.extab
 *(.ARM.extab* .gnu.linkonce.armextab.*)
                0x10005780                __exidx_start = .

.ARM.exidx
 *(.ARM.exidx* .gnu.linkonce.armexidx.*)
                0x10005780                __exidx_end = .
                0x10005780                . = ALIGN (0x4)
                0x10005780                __binary_info_start = .

.binary_info    0x10005780       0x1c
 *(.binary_info.keep.*)
 .binary_info.keep.__bi_ptr18
                0x10005780        0x4 CMakeFiles/TwoServoSweep.dir/D_/Pico_Downloads/pico-sdk/src/rp2_common/pico_standard_link/binary_info.c.obj
 .binary_info.keep.__bi_ptr26
                0x10005784        0x4 CMakeFiles/TwoServoSweep.dir/D_/Pico_Downloads/pico-sdk/src/rp2_common/pico_standard_link/binary_info.c.obj
 .binary_info.keep.__bi_ptr34
                0x10005788        0x4 CMakeFiles/TwoServoSweep.dir/D_/Pico_Downloads/pico-sdk/src/rp2_common/pico_standard_link/binary_info.c.obj
 .binary_info.keep.__bi_ptr40
                0x1000578c        0x4 CMakeFiles/TwoServoSweep.dir/D_/Pico_Downloads/pico-sdk/src/rp2_common/pico_standard_link/binary_info.c.obj
 .binary_info.keep.__bi_ptr46
                0x10005790        0x4 CMakeFiles/TwoServoSweep.dir/D_/Pico_Downloads/pico-sdk/src/rp2_common/pico_standard_link/binary_info.c.obj
 .binary_info.keep.__bi_ptr65
                0x10005794        0x4 CMakeFiles/TwoServoSweep.dir/D_/Pico_Downloads/pico-sdk/src/rp2_common/pico_standard_link/binary_info.c.obj
 .binary_info.keep.__bi_ptr71
                0x10005798        0x4 CMakeFiles/TwoServoSweep.dir/D_/Pico_Downloads/pico-sdk/src/rp2_common/pico_standard_link/binary_info.c.obj
 *(.binary_info.*)
                0x1000579c                __binary_info_end = .
                0x1000579c                . = ALIGN (0x4)
                0x1000579c                __etext = .

.ram_vector_table
                0x20000000       0xc0
 *(.ram_vector_table)
 .ram_vector_table
                0x20000000       0xc0 CMakeFiles/TwoServoSweep.dir/D_/Pico_Downloads/pico-sdk/src/rp2_common/pico_runtime/runtime.c.obj
                0x20000000                ram_vector_table

.data           0x200000c0      0x9ec load address 0x1000579c
                0x200000c0                __data_start__ = .
 *(vtable)
 *(.time_critical*)
 .time_critical.mutex_enter_blocking
                0x200000c0       0x64 CMakeFiles/TwoServoSweep.dir/D_/Pico_Downloads/pico-sdk/src/common/pico_sync/mutex.c.obj
                0x200000c0                mutex_enter_blocking
 .time_critical.mutex_try_enter
                0x20000124       0x44 CMakeFiles/TwoServoSweep.dir/D_/Pico_Downloads/pico-sdk/src/common/pico_sync/mutex.c.obj
                0x20000124                mutex_try_enter
 .time_critical.mutex_exit
                0x20000168       0x4c CMakeFiles/TwoServoSweep.dir/D_/Pico_Downloads/pico-sdk/src/common/pico_sync/mutex.c.obj
                0x20000168                mutex_exit
 *(.text*)
 .text          0x200001b4        0x4 c:/progra~2/gnuarm~1/102020~1/bin/../lib/gcc/arm-none-eabi/10.2.1/thumb/v6-m/nofp\libgcc.a(_dvmd_tls.o)
                0x200001b4                __aeabi_idiv0
                0x200001b4                __aeabi_ldiv0
 .text.__stub   0x200001b8       0x10 linker stubs
                0x200001c8                . = ALIGN (0x4)
 *(.rodata*)
                0x200001c8                . = ALIGN (0x4)
 *(.data*)
 .data.currentMillisOne
                0x200001c8        0x4 CMakeFiles/TwoServoSweep.dir/TwoServoSweepExample.c.obj
                0x200001c8                currentMillisOne
 .data.currentMillisTwo
                0x200001cc        0x4 CMakeFiles/TwoServoSweep.dir/TwoServoSweepExample.c.obj
                0x200001cc                currentMillisTwo
 .data.directionOne
                0x200001d0        0x1 CMakeFiles/TwoServoSweep.dir/TwoServoSweepExample.c.obj
                0x200001d0                directionOne
 *fill*         0x200001d1        0x3 
 .data.servoPinTwo
                0x200001d4        0x4 CMakeFiles/TwoServoSweep.dir/TwoServoSweepExample.c.obj
                0x200001d4                servoPinTwo
 .data.striped_spin_lock_num
                0x200001d8        0x1 CMakeFiles/TwoServoSweep.dir/D_/Pico_Downloads/pico-sdk/src/rp2_common/hardware_sync/sync.c.obj
 *fill*         0x200001d9        0x3 
 .data          0x200001dc       0x48 CMakeFiles/TwoServoSweep.dir/D_/Pico_Downloads/pico-sdk/src/rp2_common/hardware_irq/irq_handler_chain.S.obj
                0x200001dc                irq_handler_chain_slots
                0x2000020c                irq_handler_chain_first_slot
                0x20000216                irq_handler_chain_remove_tail
 *fill*         0x20000224        0xc 
 .data.aeabi_bits_funcs
                0x20000230       0x10 CMakeFiles/TwoServoSweep.dir/D_/Pico_Downloads/pico-sdk/src/rp2_common/pico_bit_ops/bit_ops_aeabi.S.obj
                0x20000230                aeabi_bits_funcs
                0x20000240                aeabi_bits_funcs_end
 .data.aeabi_mem_funcs
                0x20000240       0x10 CMakeFiles/TwoServoSweep.dir/D_/Pico_Downloads/pico-sdk/src/rp2_common/pico_mem_ops/mem_ops_aeabi.S.obj
                0x20000240                aeabi_mem_funcs
                0x20000250                aeabi_mem_funcs_end
 .data._impure_ptr
                0x20000250        0x4 c:/progra~2/gnuarm~1/102020~1/bin/../lib/gcc/arm-none-eabi/10.2.1/../../../../arm-none-eabi/lib/thumb/v6-m/nofp\libg.a(lib_a-impure.o)
                0x20000250                _impure_ptr
 *fill*         0x20000254        0x4 
 .data.impure_data
                0x20000258      0x428 c:/progra~2/gnuarm~1/102020~1/bin/../lib/gcc/arm-none-eabi/10.2.1/../../../../arm-none-eabi/lib/thumb/v6-m/nofp\libg.a(lib_a-impure.o)
 .data.__malloc_av_
                0x20000680      0x408 c:/progra~2/gnuarm~1/102020~1/bin/../lib/gcc/arm-none-eabi/10.2.1/../../../../arm-none-eabi/lib/thumb/v6-m/nofp\libg.a(lib_a-mallocr.o)
                0x20000680                __malloc_av_
 .data.__malloc_sbrk_base
                0x20000a88        0x4 c:/progra~2/gnuarm~1/102020~1/bin/../lib/gcc/arm-none-eabi/10.2.1/../../../../arm-none-eabi/lib/thumb/v6-m/nofp\libg.a(lib_a-mallocr.o)
                0x20000a88                __malloc_sbrk_base
 .data.__malloc_trim_threshold
                0x20000a8c        0x4 c:/progra~2/gnuarm~1/102020~1/bin/../lib/gcc/arm-none-eabi/10.2.1/../../../../arm-none-eabi/lib/thumb/v6-m/nofp\libg.a(lib_a-mallocr.o)
                0x20000a8c                __malloc_trim_threshold
                0x20000a90                . = ALIGN (0x4)
 *(.after_data.*)
                0x20000a90                . = ALIGN (0x4)
                0x20000a90                PROVIDE (__mutex_array_start = .)
 *(SORT_BY_NAME(.mutex_array.*))
 *(.mutex_array)
 .mutex_array   0x20000a90        0x8 CMakeFiles/TwoServoSweep.dir/D_/Pico_Downloads/pico-sdk/src/rp2_common/pico_stdio/stdio.c.obj
                0x20000a98                PROVIDE (__mutex_array_end = .)
                0x20000a98                . = ALIGN (0x4)
                0x20000a98                PROVIDE (__preinit_array_start = .)
 *(SORT_BY_NAME(.preinit_array.*))
 .preinit_array.00001
                0x20000a98        0x4 CMakeFiles/TwoServoSweep.dir/D_/Pico_Downloads/pico-sdk/src/rp2_common/pico_mem_ops/mem_ops_aeabi.S.obj
 .preinit_array.00010
                0x20000a9c        0x4 CMakeFiles/TwoServoSweep.dir/D_/Pico_Downloads/pico-sdk/src/rp2_common/pico_bit_ops/bit_ops_aeabi.S.obj
 .preinit_array.00020
                0x20000aa0        0x4 CMakeFiles/TwoServoSweep.dir/D_/Pico_Downloads/pico-sdk/src/rp2_common/pico_double/double_aeabi.S.obj
 .preinit_array.00020
                0x20000aa4        0x4 CMakeFiles/TwoServoSweep.dir/D_/Pico_Downloads/pico-sdk/src/rp2_common/pico_float/float_aeabi.S.obj
 *(.preinit_array)
                0x20000aa8                PROVIDE (__preinit_array_end = .)
                0x20000aa8                . = ALIGN (0x4)
                0x20000aa8                PROVIDE (__init_array_start = .)
 *(SORT_BY_NAME(.init_array.*))
 *(.init_array)
 .init_array    0x20000aa8        0x4 c:/progra~2/gnuarm~1/102020~1/bin/../lib/gcc/arm-none-eabi/10.2.1/thumb/v6-m/nofp/crtbegin.o
                0x20000aac                PROVIDE (__init_array_end = .)
                0x20000aac                . = ALIGN (0x4)
                [!provide]                PROVIDE (__fini_array_start = .)
 *(SORT_BY_NAME(.fini_array.*))
 *(.fini_array)
                [!provide]                PROVIDE (__fini_array_end = .)
 *(.jcr)
                0x20000aac                . = ALIGN (0x4)
                0x20000aac                __data_end__ = .

.igot.plt       0x20000aac        0x0 load address 0x10006188
 .igot.plt      0x20000aac        0x0 c:/progra~2/gnuarm~1/102020~1/bin/../lib/gcc/arm-none-eabi/10.2.1/thumb/v6-m/nofp/crtbegin.o

.uninitialized_data
                0x20000aac        0x0 load address 0x10006188
                0x20000aac                . = ALIGN (0x4)
 *(.uninitialized_data*)

.scratch_x      0x20040000        0x0 load address 0x10006188
                0x20040000                __scratch_x_start__ = .
 *(.scratch_x.*)
                0x20040000                . = ALIGN (0x4)
                0x20040000                __scratch_x_end__ = .
                0x10006188                __scratch_x_source__ = LOADADDR (.scratch_x)

.scratch_y      0x20041000        0x0 load address 0x10006188
                0x20041000                __scratch_y_start__ = .
 *(.scratch_y.*)
                0x20041000                . = ALIGN (0x4)
                0x20041000                __scratch_y_end__ = .
                0x10006188                __scratch_y_source__ = LOADADDR (.scratch_y)

.bss            0x20000aac      0x2cc
                0x20000aac                . = ALIGN (0x4)
                0x20000aac                __bss_start__ = .
 *(SORT_BY_ALIGNMENT(SORT_BY_NAME(.bss*)))
 .bss           0x20000aac       0x1c c:/progra~2/gnuarm~1/102020~1/bin/../lib/gcc/arm-none-eabi/10.2.1/thumb/v6-m/nofp/crtbegin.o
 .bss.__lock___malloc_recursive_mutex
                0x20000ac8        0x1 c:/progra~2/gnuarm~1/102020~1/bin/../lib/gcc/arm-none-eabi/10.2.1/../../../../arm-none-eabi/lib/thumb/v6-m/nofp\libg.a(lib_a-lock.o)
                0x20000ac8                __lock___malloc_recursive_mutex
 *fill*         0x20000ac9        0x3 
 .bss.__malloc_current_mallinfo
                0x20000acc       0x28 c:/progra~2/gnuarm~1/102020~1/bin/../lib/gcc/arm-none-eabi/10.2.1/../../../../arm-none-eabi/lib/thumb/v6-m/nofp\libg.a(lib_a-mallocr.o)
                0x20000acc                __malloc_current_mallinfo
 .bss.__malloc_max_sbrked_mem
                0x20000af4        0x4 c:/progra~2/gnuarm~1/102020~1/bin/../lib/gcc/arm-none-eabi/10.2.1/../../../../arm-none-eabi/lib/thumb/v6-m/nofp\libg.a(lib_a-mallocr.o)
                0x20000af4                __malloc_max_sbrked_mem
 .bss.__malloc_max_total_mem
                0x20000af8        0x4 c:/progra~2/gnuarm~1/102020~1/bin/../lib/gcc/arm-none-eabi/10.2.1/../../../../arm-none-eabi/lib/thumb/v6-m/nofp\libg.a(lib_a-mallocr.o)
                0x20000af8                __malloc_max_total_mem
 .bss.__malloc_top_pad
                0x20000afc        0x4 c:/progra~2/gnuarm~1/102020~1/bin/../lib/gcc/arm-none-eabi/10.2.1/../../../../arm-none-eabi/lib/thumb/v6-m/nofp\libg.a(lib_a-mallocr.o)
                0x20000afc                __malloc_top_pad
 .bss.alarm_callbacks
                0x20000b00       0x10 CMakeFiles/TwoServoSweep.dir/D_/Pico_Downloads/pico-sdk/src/rp2_common/hardware_timer/timer.c.obj
 .bss.configured_freq
                0x20000b10       0x28 CMakeFiles/TwoServoSweep.dir/D_/Pico_Downloads/pico-sdk/src/rp2_common/hardware_clocks/clocks.c.obj
 .bss.default_alarm_pool
                0x20000b38        0x4 CMakeFiles/TwoServoSweep.dir/D_/Pico_Downloads/pico-sdk/src/common/pico_time/time.c.obj
 .bss.drivers   0x20000b3c        0x4 CMakeFiles/TwoServoSweep.dir/D_/Pico_Downloads/pico-sdk/src/rp2_common/pico_stdio/stdio.c.obj
 .bss.errno     0x20000b40        0x4 c:/progra~2/gnuarm~1/102020~1/bin/../lib/gcc/arm-none-eabi/10.2.1/../../../../arm-none-eabi/lib/thumb/v6-m/nofp\libg.a(lib_a-reent.o)
                0x20000b40                errno
 .bss.filter    0x20000b44        0x4 CMakeFiles/TwoServoSweep.dir/D_/Pico_Downloads/pico-sdk/src/rp2_common/pico_stdio/stdio.c.obj
 .bss.heap_end.0
                0x20000b48        0x4 CMakeFiles/TwoServoSweep.dir/D_/Pico_Downloads/pico-sdk/src/rp2_common/pico_runtime/runtime.c.obj
 .bss.pools     0x20000b4c       0x10 CMakeFiles/TwoServoSweep.dir/D_/Pico_Downloads/pico-sdk/src/common/pico_time/time.c.obj
 .bss.sd_table  0x20000b5c      0x100 CMakeFiles/TwoServoSweep.dir/D_/Pico_Downloads/pico-sdk/src/rp2_common/pico_double/double_init_rom.c.obj
                0x20000b5c                sd_table
 .bss.servoPinOne
                0x20000c5c        0x4 CMakeFiles/TwoServoSweep.dir/TwoServoSweepExample.c.obj
                0x20000c5c                servoPinOne
 .bss.sf_clz_func
                0x20000c60        0x4 CMakeFiles/TwoServoSweep.dir/D_/Pico_Downloads/pico-sdk/src/rp2_common/pico_float/float_init_rom.c.obj
                0x20000c60                sf_clz_func
 .bss.sf_table  0x20000c64      0x100 CMakeFiles/TwoServoSweep.dir/D_/Pico_Downloads/pico-sdk/src/rp2_common/pico_float/float_init_rom.c.obj
                0x20000c64                sf_table
 .bss.target_hi
                0x20000d64       0x10 CMakeFiles/TwoServoSweep.dir/D_/Pico_Downloads/pico-sdk/src/rp2_common/hardware_timer/timer.c.obj
 .bss.claimed   0x20000d74        0x1 CMakeFiles/TwoServoSweep.dir/D_/Pico_Downloads/pico-sdk/src/rp2_common/hardware_timer/timer.c.obj
 .bss.directionTwo
                0x20000d75        0x1 CMakeFiles/TwoServoSweep.dir/TwoServoSweepExample.c.obj
                0x20000d75                directionTwo
 .bss.irq_hander_chain_free_slot_head
                0x20000d76        0x1 CMakeFiles/TwoServoSweep.dir/D_/Pico_Downloads/pico-sdk/src/rp2_common/hardware_irq/irq.c.obj
 .bss.timer_callbacks_pending
                0x20000d77        0x1 CMakeFiles/TwoServoSweep.dir/D_/Pico_Downloads/pico-sdk/src/rp2_common/hardware_timer/timer.c.obj
 *(COMMON)
                0x20000d78                . = ALIGN (0x4)
                0x20000d78                __bss_end__ = .

.heap           0x20000d78      0x800
                0x20000d78                __end__ = .
                0x20000d78                end = __end__
 *(.heap*)
 .heap          0x20000d78      0x800 CMakeFiles/TwoServoSweep.dir/D_/Pico_Downloads/pico-sdk/src/rp2_common/pico_standard_link/crt0.S.obj
                0x20001578                __HeapLimit = .

.stack1_dummy   0x20040000        0x0
 *(.stack1*)

.stack_dummy    0x20041000      0x800
 *(.stack*)
 .stack         0x20041000      0x800 CMakeFiles/TwoServoSweep.dir/D_/Pico_Downloads/pico-sdk/src/rp2_common/pico_standard_link/crt0.S.obj

.flash_end      0x10006188        0x0
                0x10006188                __flash_binary_end = .
                0x20040000                __StackLimit = (ORIGIN (RAM) + LENGTH (RAM))
                0x20041000                __StackOneTop = (ORIGIN (SCRATCH_X) + LENGTH (SCRATCH_X))
                0x20042000                __StackTop = (ORIGIN (SCRATCH_Y) + LENGTH (SCRATCH_Y))
                0x20041000                __StackOneBottom = (__StackOneTop - SIZEOF (.stack1_dummy))
                0x20041800                __StackBottom = (__StackTop - SIZEOF (.stack_dummy))
                0x20042000                PROVIDE (__stack = __StackTop)
                0x00000001                ASSERT ((__StackLimit >= __HeapLimit), region RAM overflowed)
                0x00000001                ASSERT (((__binary_info_header_end - __logical_binary_start) <= 0x100), Binary info must be in first 256 bytes of the binary)
LOAD CMakeFiles/TwoServoSweep.dir/TwoServoSweepExample.c.obj
LOAD CMakeFiles/TwoServoSweep.dir/servo/servo.c.obj
LOAD CMakeFiles/TwoServoSweep.dir/D_/Pico_Downloads/pico-sdk/src/rp2_common/pico_stdlib/stdlib.c.obj
LOAD CMakeFiles/TwoServoSweep.dir/D_/Pico_Downloads/pico-sdk/src/rp2_common/hardware_gpio/gpio.c.obj
LOAD CMakeFiles/TwoServoSweep.dir/D_/Pico_Downloads/pico-sdk/src/rp2_common/hardware_claim/claim.c.obj
LOAD CMakeFiles/TwoServoSweep.dir/D_/Pico_Downloads/pico-sdk/src/rp2_common/hardware_sync/sync.c.obj
LOAD CMakeFiles/TwoServoSweep.dir/D_/Pico_Downloads/pico-sdk/src/rp2_common/pico_platform/platform.c.obj
LOAD CMakeFiles/TwoServoSweep.dir/D_/Pico_Downloads/pico-sdk/src/rp2_common/hardware_uart/uart.c.obj
LOAD CMakeFiles/TwoServoSweep.dir/D_/Pico_Downloads/pico-sdk/src/rp2_common/hardware_divider/divider.S.obj
LOAD CMakeFiles/TwoServoSweep.dir/D_/Pico_Downloads/pico-sdk/src/common/pico_time/time.c.obj
LOAD CMakeFiles/TwoServoSweep.dir/D_/Pico_Downloads/pico-sdk/src/common/pico_time/timeout_helper.c.obj
LOAD CMakeFiles/TwoServoSweep.dir/D_/Pico_Downloads/pico-sdk/src/rp2_common/hardware_timer/timer.c.obj
LOAD CMakeFiles/TwoServoSweep.dir/D_/Pico_Downloads/pico-sdk/src/common/pico_sync/sem.c.obj
LOAD CMakeFiles/TwoServoSweep.dir/D_/Pico_Downloads/pico-sdk/src/common/pico_sync/lock_core.c.obj
LOAD CMakeFiles/TwoServoSweep.dir/D_/Pico_Downloads/pico-sdk/src/common/pico_sync/mutex.c.obj
LOAD CMakeFiles/TwoServoSweep.dir/D_/Pico_Downloads/pico-sdk/src/common/pico_sync/critical_section.c.obj
LOAD CMakeFiles/TwoServoSweep.dir/D_/Pico_Downloads/pico-sdk/src/common/pico_util/datetime.c.obj
LOAD CMakeFiles/TwoServoSweep.dir/D_/Pico_Downloads/pico-sdk/src/common/pico_util/pheap.c.obj
LOAD CMakeFiles/TwoServoSweep.dir/D_/Pico_Downloads/pico-sdk/src/common/pico_util/queue.c.obj
LOAD CMakeFiles/TwoServoSweep.dir/D_/Pico_Downloads/pico-sdk/src/rp2_common/pico_runtime/runtime.c.obj
LOAD CMakeFiles/TwoServoSweep.dir/D_/Pico_Downloads/pico-sdk/src/rp2_common/hardware_clocks/clocks.c.obj
LOAD CMakeFiles/TwoServoSweep.dir/D_/Pico_Downloads/pico-sdk/src/rp2_common/hardware_watchdog/watchdog.c.obj
LOAD CMakeFiles/TwoServoSweep.dir/D_/Pico_Downloads/pico-sdk/src/rp2_common/hardware_xosc/xosc.c.obj
LOAD CMakeFiles/TwoServoSweep.dir/D_/Pico_Downloads/pico-sdk/src/rp2_common/hardware_pll/pll.c.obj
LOAD CMakeFiles/TwoServoSweep.dir/D_/Pico_Downloads/pico-sdk/src/rp2_common/hardware_vreg/vreg.c.obj
LOAD CMakeFiles/TwoServoSweep.dir/D_/Pico_Downloads/pico-sdk/src/rp2_common/hardware_irq/irq.c.obj
LOAD CMakeFiles/TwoServoSweep.dir/D_/Pico_Downloads/pico-sdk/src/rp2_common/hardware_irq/irq_handler_chain.S.obj
LOAD CMakeFiles/TwoServoSweep.dir/D_/Pico_Downloads/pico-sdk/src/rp2_common/pico_printf/printf.c.obj
LOAD CMakeFiles/TwoServoSweep.dir/D_/Pico_Downloads/pico-sdk/src/rp2_common/pico_bit_ops/bit_ops_aeabi.S.obj
LOAD CMakeFiles/TwoServoSweep.dir/D_/Pico_Downloads/pico-sdk/src/rp2_common/pico_bootrom/bootrom.c.obj
LOAD CMakeFiles/TwoServoSweep.dir/D_/Pico_Downloads/pico-sdk/src/rp2_common/pico_divider/divider.S.obj
LOAD CMakeFiles/TwoServoSweep.dir/D_/Pico_Downloads/pico-sdk/src/rp2_common/pico_double/double_aeabi.S.obj
LOAD CMakeFiles/TwoServoSweep.dir/D_/Pico_Downloads/pico-sdk/src/rp2_common/pico_double/double_init_rom.c.obj
LOAD CMakeFiles/TwoServoSweep.dir/D_/Pico_Downloads/pico-sdk/src/rp2_common/pico_double/double_math.c.obj
LOAD CMakeFiles/TwoServoSweep.dir/D_/Pico_Downloads/pico-sdk/src/rp2_common/pico_double/double_v1_rom_shim.S.obj
LOAD CMakeFiles/TwoServoSweep.dir/D_/Pico_Downloads/pico-sdk/src/rp2_common/pico_int64_ops/pico_int64_ops_aeabi.S.obj
LOAD CMakeFiles/TwoServoSweep.dir/D_/Pico_Downloads/pico-sdk/src/rp2_common/pico_float/float_aeabi.S.obj
LOAD CMakeFiles/TwoServoSweep.dir/D_/Pico_Downloads/pico-sdk/src/rp2_common/pico_float/float_init_rom.c.obj
LOAD CMakeFiles/TwoServoSweep.dir/D_/Pico_Downloads/pico-sdk/src/rp2_common/pico_float/float_math.c.obj
LOAD CMakeFiles/TwoServoSweep.dir/D_/Pico_Downloads/pico-sdk/src/rp2_common/pico_float/float_v1_rom_shim.S.obj
LOAD CMakeFiles/TwoServoSweep.dir/D_/Pico_Downloads/pico-sdk/src/rp2_common/pico_malloc/pico_malloc.c.obj
LOAD CMakeFiles/TwoServoSweep.dir/D_/Pico_Downloads/pico-sdk/src/rp2_common/pico_mem_ops/mem_ops_aeabi.S.obj
LOAD CMakeFiles/TwoServoSweep.dir/D_/Pico_Downloads/pico-sdk/src/rp2_common/pico_standard_link/crt0.S.obj
LOAD CMakeFiles/TwoServoSweep.dir/D_/Pico_Downloads/pico-sdk/src/rp2_common/pico_standard_link/new_delete.cpp.obj
LOAD CMakeFiles/TwoServoSweep.dir/D_/Pico_Downloads/pico-sdk/src/rp2_common/pico_standard_link/binary_info.c.obj
LOAD CMakeFiles/TwoServoSweep.dir/D_/Pico_Downloads/pico-sdk/src/rp2_common/pico_stdio/stdio.c.obj
LOAD CMakeFiles/TwoServoSweep.dir/D_/Pico_Downloads/pico-sdk/src/rp2_common/pico_stdio_uart/stdio_uart.c.obj
LOAD C:\Users\tfkbr\AppData\Local\Temp\ccCRb74k.o
LOAD c:/progra~2/gnuarm~1/102020~1/bin/../lib/gcc/arm-none-eabi/10.2.1/../../../../arm-none-eabi/lib/thumb/v6-m/nofp\libstdc++.a
LOAD c:/progra~2/gnuarm~1/102020~1/bin/../lib/gcc/arm-none-eabi/10.2.1/../../../../arm-none-eabi/lib/thumb/v6-m/nofp\libm.a
START GROUP
LOAD c:/progra~2/gnuarm~1/102020~1/bin/../lib/gcc/arm-none-eabi/10.2.1/thumb/v6-m/nofp\libgcc.a
LOAD c:/progra~2/gnuarm~1/102020~1/bin/../lib/gcc/arm-none-eabi/10.2.1/../../../../arm-none-eabi/lib/thumb/v6-m/nofp\libg.a
LOAD c:/progra~2/gnuarm~1/102020~1/bin/../lib/gcc/arm-none-eabi/10.2.1/../../../../arm-none-eabi/lib/thumb/v6-m/nofp\libc.a
END GROUP
START GROUP
LOAD c:/progra~2/gnuarm~1/102020~1/bin/../lib/gcc/arm-none-eabi/10.2.1/thumb/v6-m/nofp\libgcc.a
LOAD c:/progra~2/gnuarm~1/102020~1/bin/../lib/gcc/arm-none-eabi/10.2.1/../../../../arm-none-eabi/lib/thumb/v6-m/nofp\libc.a
LOAD c:/progra~2/gnuarm~1/102020~1/bin/../lib/gcc/arm-none-eabi/10.2.1/../../../../arm-none-eabi/lib/thumb/v6-m/nofp\libnosys.a
END GROUP
LOAD c:/progra~2/gnuarm~1/102020~1/bin/../lib/gcc/arm-none-eabi/10.2.1/thumb/v6-m/nofp/crtend.o
LOAD c:/progra~2/gnuarm~1/102020~1/bin/../lib/gcc/arm-none-eabi/10.2.1/thumb/v6-m/nofp/crtn.o
OUTPUT(TwoServoSweep.elf elf32-littlearm)
LOAD linker stubs

.ARM.attributes
                0x00000000       0x28
 .ARM.attributes
                0x00000000       0x1e c:/progra~2/gnuarm~1/102020~1/bin/../lib/gcc/arm-none-eabi/10.2.1/thumb/v6-m/nofp/crti.o
 .ARM.attributes
                0x0000001e       0x2c c:/progra~2/gnuarm~1/102020~1/bin/../lib/gcc/arm-none-eabi/10.2.1/thumb/v6-m/nofp/crtbegin.o
 .ARM.attributes
                0x0000004a       0x2b CMakeFiles/TwoServoSweep.dir/TwoServoSweepExample.c.obj
 .ARM.attributes
                0x00000075       0x2b CMakeFiles/TwoServoSweep.dir/servo/servo.c.obj
 .ARM.attributes
                0x000000a0       0x2b CMakeFiles/TwoServoSweep.dir/D_/Pico_Downloads/pico-sdk/src/rp2_common/hardware_gpio/gpio.c.obj
 .ARM.attributes
                0x000000cb       0x2b CMakeFiles/TwoServoSweep.dir/D_/Pico_Downloads/pico-sdk/src/rp2_common/hardware_claim/claim.c.obj
 .ARM.attributes
                0x000000f6       0x2b CMakeFiles/TwoServoSweep.dir/D_/Pico_Downloads/pico-sdk/src/rp2_common/hardware_sync/sync.c.obj
 .ARM.attributes
                0x00000121       0x2b CMakeFiles/TwoServoSweep.dir/D_/Pico_Downloads/pico-sdk/src/rp2_common/pico_platform/platform.c.obj
 .ARM.attributes
                0x0000014c       0x2b CMakeFiles/TwoServoSweep.dir/D_/Pico_Downloads/pico-sdk/src/common/pico_time/time.c.obj
 .ARM.attributes
                0x00000177       0x2b CMakeFiles/TwoServoSweep.dir/D_/Pico_Downloads/pico-sdk/src/rp2_common/hardware_timer/timer.c.obj
 .ARM.attributes
                0x000001a2       0x2b CMakeFiles/TwoServoSweep.dir/D_/Pico_Downloads/pico-sdk/src/common/pico_sync/lock_core.c.obj
 .ARM.attributes
                0x000001cd       0x2b CMakeFiles/TwoServoSweep.dir/D_/Pico_Downloads/pico-sdk/src/common/pico_sync/mutex.c.obj
 .ARM.attributes
                0x000001f8       0x2b CMakeFiles/TwoServoSweep.dir/D_/Pico_Downloads/pico-sdk/src/common/pico_util/pheap.c.obj
 .ARM.attributes
                0x00000223       0x2b CMakeFiles/TwoServoSweep.dir/D_/Pico_Downloads/pico-sdk/src/rp2_common/pico_runtime/runtime.c.obj
 .ARM.attributes
                0x0000024e       0x2b CMakeFiles/TwoServoSweep.dir/D_/Pico_Downloads/pico-sdk/src/rp2_common/hardware_clocks/clocks.c.obj
 .ARM.attributes
                0x00000279       0x2b CMakeFiles/TwoServoSweep.dir/D_/Pico_Downloads/pico-sdk/src/rp2_common/hardware_watchdog/watchdog.c.obj
 .ARM.attributes
                0x000002a4       0x2b CMakeFiles/TwoServoSweep.dir/D_/Pico_Downloads/pico-sdk/src/rp2_common/hardware_xosc/xosc.c.obj
 .ARM.attributes
                0x000002cf       0x2b CMakeFiles/TwoServoSweep.dir/D_/Pico_Downloads/pico-sdk/src/rp2_common/hardware_pll/pll.c.obj
 .ARM.attributes
                0x000002fa       0x2b CMakeFiles/TwoServoSweep.dir/D_/Pico_Downloads/pico-sdk/src/rp2_common/hardware_irq/irq.c.obj
 .ARM.attributes
                0x00000325       0x22 CMakeFiles/TwoServoSweep.dir/D_/Pico_Downloads/pico-sdk/src/rp2_common/hardware_irq/irq_handler_chain.S.obj
 .ARM.attributes
                0x00000347       0x2b CMakeFiles/TwoServoSweep.dir/D_/Pico_Downloads/pico-sdk/src/rp2_common/pico_printf/printf.c.obj
 .ARM.attributes
                0x00000372       0x22 CMakeFiles/TwoServoSweep.dir/D_/Pico_Downloads/pico-sdk/src/rp2_common/pico_bit_ops/bit_ops_aeabi.S.obj
 .ARM.attributes
                0x00000394       0x2b CMakeFiles/TwoServoSweep.dir/D_/Pico_Downloads/pico-sdk/src/rp2_common/pico_bootrom/bootrom.c.obj
 .ARM.attributes
                0x000003bf       0x22 CMakeFiles/TwoServoSweep.dir/D_/Pico_Downloads/pico-sdk/src/rp2_common/pico_divider/divider.S.obj
 .ARM.attributes
                0x000003e1       0x22 CMakeFiles/TwoServoSweep.dir/D_/Pico_Downloads/pico-sdk/src/rp2_common/pico_double/double_aeabi.S.obj
 .ARM.attributes
                0x00000403       0x2b CMakeFiles/TwoServoSweep.dir/D_/Pico_Downloads/pico-sdk/src/rp2_common/pico_double/double_init_rom.c.obj
 .ARM.attributes
                0x0000042e       0x22 CMakeFiles/TwoServoSweep.dir/D_/Pico_Downloads/pico-sdk/src/rp2_common/pico_double/double_v1_rom_shim.S.obj
 .ARM.attributes
                0x00000450       0x22 CMakeFiles/TwoServoSweep.dir/D_/Pico_Downloads/pico-sdk/src/rp2_common/pico_int64_ops/pico_int64_ops_aeabi.S.obj
 .ARM.attributes
                0x00000472       0x22 CMakeFiles/TwoServoSweep.dir/D_/Pico_Downloads/pico-sdk/src/rp2_common/pico_float/float_aeabi.S.obj
 .ARM.attributes
                0x00000494       0x2b CMakeFiles/TwoServoSweep.dir/D_/Pico_Downloads/pico-sdk/src/rp2_common/pico_float/float_init_rom.c.obj
 .ARM.attributes
                0x000004bf       0x22 CMakeFiles/TwoServoSweep.dir/D_/Pico_Downloads/pico-sdk/src/rp2_common/pico_float/float_v1_rom_shim.S.obj
 .ARM.attributes
                0x000004e1       0x2b CMakeFiles/TwoServoSweep.dir/D_/Pico_Downloads/pico-sdk/src/rp2_common/pico_malloc/pico_malloc.c.obj
 .ARM.attributes
                0x0000050c       0x22 CMakeFiles/TwoServoSweep.dir/D_/Pico_Downloads/pico-sdk/src/rp2_common/pico_mem_ops/mem_ops_aeabi.S.obj
 .ARM.attributes
                0x0000052e       0x22 CMakeFiles/TwoServoSweep.dir/D_/Pico_Downloads/pico-sdk/src/rp2_common/pico_standard_link/crt0.S.obj
 .ARM.attributes
                0x00000550       0x32 CMakeFiles/TwoServoSweep.dir/D_/Pico_Downloads/pico-sdk/src/rp2_common/pico_standard_link/binary_info.c.obj
 .ARM.attributes
                0x00000582       0x2b CMakeFiles/TwoServoSweep.dir/D_/Pico_Downloads/pico-sdk/src/rp2_common/pico_stdio/stdio.c.obj
 .ARM.attributes
                0x000005ad       0x22 C:\Users\tfkbr\AppData\Local\Temp\ccCRb74k.o
 .ARM.attributes
                0x000005cf       0x1e c:/progra~2/gnuarm~1/102020~1/bin/../lib/gcc/arm-none-eabi/10.2.1/thumb/v6-m/nofp\libgcc.a(_dvmd_tls.o)
 .ARM.attributes
                0x000005ed       0x2c c:/progra~2/gnuarm~1/102020~1/bin/../lib/gcc/arm-none-eabi/10.2.1/../../../../arm-none-eabi/lib/thumb/v6-m/nofp\libg.a(lib_a-calloc.o)
 .ARM.attributes
                0x00000619       0x2c c:/progra~2/gnuarm~1/102020~1/bin/../lib/gcc/arm-none-eabi/10.2.1/../../../../arm-none-eabi/lib/thumb/v6-m/nofp\libg.a(lib_a-callocr.o)
 .ARM.attributes
                0x00000645       0x2c c:/progra~2/gnuarm~1/102020~1/bin/../lib/gcc/arm-none-eabi/10.2.1/../../../../arm-none-eabi/lib/thumb/v6-m/nofp\libg.a(lib_a-impure.o)
 .ARM.attributes
                0x00000671       0x2c c:/progra~2/gnuarm~1/102020~1/bin/../lib/gcc/arm-none-eabi/10.2.1/../../../../arm-none-eabi/lib/thumb/v6-m/nofp\libg.a(lib_a-malloc.o)
 .ARM.attributes
                0x0000069d       0x2c c:/progra~2/gnuarm~1/102020~1/bin/../lib/gcc/arm-none-eabi/10.2.1/../../../../arm-none-eabi/lib/thumb/v6-m/nofp\libg.a(lib_a-mallocr.o)
 .ARM.attributes
                0x000006c9       0x2c c:/progra~2/gnuarm~1/102020~1/bin/../lib/gcc/arm-none-eabi/10.2.1/../../../../arm-none-eabi/lib/thumb/v6-m/nofp\libg.a(lib_a-mlock.o)
 .ARM.attributes
                0x000006f5       0x2c c:/progra~2/gnuarm~1/102020~1/bin/../lib/gcc/arm-none-eabi/10.2.1/../../../../arm-none-eabi/lib/thumb/v6-m/nofp\libg.a(lib_a-sbrkr.o)
 .ARM.attributes
                0x00000721       0x2c c:/progra~2/gnuarm~1/102020~1/bin/../lib/gcc/arm-none-eabi/10.2.1/../../../../arm-none-eabi/lib/thumb/v6-m/nofp\libg.a(lib_a-strlen-stub.o)
 .ARM.attributes
                0x0000074d       0x2c c:/progra~2/gnuarm~1/102020~1/bin/../lib/gcc/arm-none-eabi/10.2.1/../../../../arm-none-eabi/lib/thumb/v6-m/nofp\libg.a(lib_a-freer.o)
 .ARM.attributes
                0x00000779       0x2c c:/progra~2/gnuarm~1/102020~1/bin/../lib/gcc/arm-none-eabi/10.2.1/../../../../arm-none-eabi/lib/thumb/v6-m/nofp\libg.a(lib_a-lock.o)
 .ARM.attributes
                0x000007a5       0x2c c:/progra~2/gnuarm~1/102020~1/bin/../lib/gcc/arm-none-eabi/10.2.1/../../../../arm-none-eabi/lib/thumb/v6-m/nofp\libg.a(lib_a-reent.o)

.comment        0x00000000       0x4d
 .comment       0x00000000       0x4d CMakeFiles/TwoServoSweep.dir/TwoServoSweepExample.c.obj
                                 0x4e (size before relaxing)
 .comment       0x0000004d       0x4e CMakeFiles/TwoServoSweep.dir/servo/servo.c.obj
 .comment       0x0000004d       0x4e CMakeFiles/TwoServoSweep.dir/D_/Pico_Downloads/pico-sdk/src/rp2_common/hardware_gpio/gpio.c.obj
 .comment       0x0000004d       0x4e CMakeFiles/TwoServoSweep.dir/D_/Pico_Downloads/pico-sdk/src/rp2_common/hardware_claim/claim.c.obj
 .comment       0x0000004d       0x4e CMakeFiles/TwoServoSweep.dir/D_/Pico_Downloads/pico-sdk/src/rp2_common/hardware_sync/sync.c.obj
 .comment       0x0000004d       0x4e CMakeFiles/TwoServoSweep.dir/D_/Pico_Downloads/pico-sdk/src/rp2_common/pico_platform/platform.c.obj
 .comment       0x0000004d       0x4e CMakeFiles/TwoServoSweep.dir/D_/Pico_Downloads/pico-sdk/src/common/pico_time/time.c.obj
 .comment       0x0000004d       0x4e CMakeFiles/TwoServoSweep.dir/D_/Pico_Downloads/pico-sdk/src/rp2_common/hardware_timer/timer.c.obj
 .comment       0x0000004d       0x4e CMakeFiles/TwoServoSweep.dir/D_/Pico_Downloads/pico-sdk/src/common/pico_sync/lock_core.c.obj
 .comment       0x0000004d       0x4e CMakeFiles/TwoServoSweep.dir/D_/Pico_Downloads/pico-sdk/src/common/pico_sync/mutex.c.obj
 .comment       0x0000004d       0x4e CMakeFiles/TwoServoSweep.dir/D_/Pico_Downloads/pico-sdk/src/common/pico_util/pheap.c.obj
 .comment       0x0000004d       0x4e CMakeFiles/TwoServoSweep.dir/D_/Pico_Downloads/pico-sdk/src/rp2_common/pico_runtime/runtime.c.obj
 .comment       0x0000004d       0x4e CMakeFiles/TwoServoSweep.dir/D_/Pico_Downloads/pico-sdk/src/rp2_common/hardware_clocks/clocks.c.obj
 .comment       0x0000004d       0x4e CMakeFiles/TwoServoSweep.dir/D_/Pico_Downloads/pico-sdk/src/rp2_common/hardware_watchdog/watchdog.c.obj
 .comment       0x0000004d       0x4e CMakeFiles/TwoServoSweep.dir/D_/Pico_Downloads/pico-sdk/src/rp2_common/hardware_xosc/xosc.c.obj
 .comment       0x0000004d       0x4e CMakeFiles/TwoServoSweep.dir/D_/Pico_Downloads/pico-sdk/src/rp2_common/hardware_pll/pll.c.obj
 .comment       0x0000004d       0x4e CMakeFiles/TwoServoSweep.dir/D_/Pico_Downloads/pico-sdk/src/rp2_common/hardware_irq/irq.c.obj
 .comment       0x0000004d       0x4e CMakeFiles/TwoServoSweep.dir/D_/Pico_Downloads/pico-sdk/src/rp2_common/pico_printf/printf.c.obj
 .comment       0x0000004d       0x4e CMakeFiles/TwoServoSweep.dir/D_/Pico_Downloads/pico-sdk/src/rp2_common/pico_bootrom/bootrom.c.obj
 .comment       0x0000004d       0x4e CMakeFiles/TwoServoSweep.dir/D_/Pico_Downloads/pico-sdk/src/rp2_common/pico_double/double_init_rom.c.obj
 .comment       0x0000004d       0x4e CMakeFiles/TwoServoSweep.dir/D_/Pico_Downloads/pico-sdk/src/rp2_common/pico_float/float_init_rom.c.obj
 .comment       0x0000004d       0x4e CMakeFiles/TwoServoSweep.dir/D_/Pico_Downloads/pico-sdk/src/rp2_common/pico_malloc/pico_malloc.c.obj
 .comment       0x0000004d       0x4e CMakeFiles/TwoServoSweep.dir/D_/Pico_Downloads/pico-sdk/src/rp2_common/pico_standard_link/binary_info.c.obj
 .comment       0x0000004d       0x4e CMakeFiles/TwoServoSweep.dir/D_/Pico_Downloads/pico-sdk/src/rp2_common/pico_stdio/stdio.c.obj

.debug_info     0x00000000    0x1009f
 .debug_info    0x00000000      0x190 CMakeFiles/TwoServoSweep.dir/TwoServoSweepExample.c.obj
 .debug_info    0x00000190      0x8e0 CMakeFiles/TwoServoSweep.dir/servo/servo.c.obj
 .debug_info    0x00000a70     0x1141 CMakeFiles/TwoServoSweep.dir/D_/Pico_Downloads/pico-sdk/src/rp2_common/hardware_gpio/gpio.c.obj
 .debug_info    0x00001bb1      0x620 CMakeFiles/TwoServoSweep.dir/D_/Pico_Downloads/pico-sdk/src/rp2_common/hardware_claim/claim.c.obj
 .debug_info    0x000021d1      0x4a5 CMakeFiles/TwoServoSweep.dir/D_/Pico_Downloads/pico-sdk/src/rp2_common/hardware_sync/sync.c.obj
 .debug_info    0x00002676      0x1d5 CMakeFiles/TwoServoSweep.dir/D_/Pico_Downloads/pico-sdk/src/rp2_common/pico_platform/platform.c.obj
 .debug_info    0x0000284b     0x3349 CMakeFiles/TwoServoSweep.dir/D_/Pico_Downloads/pico-sdk/src/common/pico_time/time.c.obj
 .debug_info    0x00005b94      0xf9d CMakeFiles/TwoServoSweep.dir/D_/Pico_Downloads/pico-sdk/src/rp2_common/hardware_timer/timer.c.obj
 .debug_info    0x00006b31      0x1c5 CMakeFiles/TwoServoSweep.dir/D_/Pico_Downloads/pico-sdk/src/common/pico_sync/lock_core.c.obj
 .debug_info    0x00006cf6      0xd50 CMakeFiles/TwoServoSweep.dir/D_/Pico_Downloads/pico-sdk/src/common/pico_sync/mutex.c.obj
 .debug_info    0x00007a46     0x1164 CMakeFiles/TwoServoSweep.dir/D_/Pico_Downloads/pico-sdk/src/common/pico_util/pheap.c.obj
 .debug_info    0x00008baa      0x986 CMakeFiles/TwoServoSweep.dir/D_/Pico_Downloads/pico-sdk/src/rp2_common/pico_runtime/runtime.c.obj
 .debug_info    0x00009530     0x1068 CMakeFiles/TwoServoSweep.dir/D_/Pico_Downloads/pico-sdk/src/rp2_common/hardware_clocks/clocks.c.obj
 .debug_info    0x0000a598      0x49c CMakeFiles/TwoServoSweep.dir/D_/Pico_Downloads/pico-sdk/src/rp2_common/hardware_watchdog/watchdog.c.obj
 .debug_info    0x0000aa34      0x214 CMakeFiles/TwoServoSweep.dir/D_/Pico_Downloads/pico-sdk/src/rp2_common/hardware_xosc/xosc.c.obj
 .debug_info    0x0000ac48      0x3c1 CMakeFiles/TwoServoSweep.dir/D_/Pico_Downloads/pico-sdk/src/rp2_common/hardware_pll/pll.c.obj
 .debug_info    0x0000b009     0x1807 CMakeFiles/TwoServoSweep.dir/D_/Pico_Downloads/pico-sdk/src/rp2_common/hardware_irq/irq.c.obj
 .debug_info    0x0000c810       0x26 CMakeFiles/TwoServoSweep.dir/D_/Pico_Downloads/pico-sdk/src/rp2_common/hardware_irq/irq_handler_chain.S.obj
 .debug_info    0x0000c836     0x1a32 CMakeFiles/TwoServoSweep.dir/D_/Pico_Downloads/pico-sdk/src/rp2_common/pico_printf/printf.c.obj
 .debug_info    0x0000e268       0x22 CMakeFiles/TwoServoSweep.dir/D_/Pico_Downloads/pico-sdk/src/rp2_common/pico_bit_ops/bit_ops_aeabi.S.obj
 .debug_info    0x0000e28a      0x231 CMakeFiles/TwoServoSweep.dir/D_/Pico_Downloads/pico-sdk/src/rp2_common/pico_bootrom/bootrom.c.obj
 .debug_info    0x0000e4bb       0x22 CMakeFiles/TwoServoSweep.dir/D_/Pico_Downloads/pico-sdk/src/rp2_common/pico_divider/divider.S.obj
 .debug_info    0x0000e4dd       0x22 CMakeFiles/TwoServoSweep.dir/D_/Pico_Downloads/pico-sdk/src/rp2_common/pico_double/double_aeabi.S.obj
 .debug_info    0x0000e4ff      0x2a0 CMakeFiles/TwoServoSweep.dir/D_/Pico_Downloads/pico-sdk/src/rp2_common/pico_double/double_init_rom.c.obj
 .debug_info    0x0000e79f       0x22 CMakeFiles/TwoServoSweep.dir/D_/Pico_Downloads/pico-sdk/src/rp2_common/pico_double/double_v1_rom_shim.S.obj
 .debug_info    0x0000e7c1       0x26 CMakeFiles/TwoServoSweep.dir/D_/Pico_Downloads/pico-sdk/src/rp2_common/pico_int64_ops/pico_int64_ops_aeabi.S.obj
 .debug_info    0x0000e7e7       0x22 CMakeFiles/TwoServoSweep.dir/D_/Pico_Downloads/pico-sdk/src/rp2_common/pico_float/float_aeabi.S.obj
 .debug_info    0x0000e809      0x2ef CMakeFiles/TwoServoSweep.dir/D_/Pico_Downloads/pico-sdk/src/rp2_common/pico_float/float_init_rom.c.obj
 .debug_info    0x0000eaf8       0x22 CMakeFiles/TwoServoSweep.dir/D_/Pico_Downloads/pico-sdk/src/rp2_common/pico_float/float_v1_rom_shim.S.obj
 .debug_info    0x0000eb1a      0x1e7 CMakeFiles/TwoServoSweep.dir/D_/Pico_Downloads/pico-sdk/src/rp2_common/pico_malloc/pico_malloc.c.obj
 .debug_info    0x0000ed01       0x22 CMakeFiles/TwoServoSweep.dir/D_/Pico_Downloads/pico-sdk/src/rp2_common/pico_mem_ops/mem_ops_aeabi.S.obj
 .debug_info    0x0000ed23       0x22 CMakeFiles/TwoServoSweep.dir/D_/Pico_Downloads/pico-sdk/src/rp2_common/pico_standard_link/crt0.S.obj
 .debug_info    0x0000ed45      0x2f6 CMakeFiles/TwoServoSweep.dir/D_/Pico_Downloads/pico-sdk/src/rp2_common/pico_standard_link/binary_info.c.obj
 .debug_info    0x0000f03b     0x1064 CMakeFiles/TwoServoSweep.dir/D_/Pico_Downloads/pico-sdk/src/rp2_common/pico_stdio/stdio.c.obj

.debug_abbrev   0x00000000     0x39e5
 .debug_abbrev  0x00000000       0x9d CMakeFiles/TwoServoSweep.dir/TwoServoSweepExample.c.obj
 .debug_abbrev  0x0000009d      0x287 CMakeFiles/TwoServoSweep.dir/servo/servo.c.obj
 .debug_abbrev  0x00000324      0x309 CMakeFiles/TwoServoSweep.dir/D_/Pico_Downloads/pico-sdk/src/rp2_common/hardware_gpio/gpio.c.obj
 .debug_abbrev  0x0000062d      0x276 CMakeFiles/TwoServoSweep.dir/D_/Pico_Downloads/pico-sdk/src/rp2_common/hardware_claim/claim.c.obj
 .debug_abbrev  0x000008a3      0x212 CMakeFiles/TwoServoSweep.dir/D_/Pico_Downloads/pico-sdk/src/rp2_common/hardware_sync/sync.c.obj
 .debug_abbrev  0x00000ab5       0xe7 CMakeFiles/TwoServoSweep.dir/D_/Pico_Downloads/pico-sdk/src/rp2_common/pico_platform/platform.c.obj
 .debug_abbrev  0x00000b9c      0x54b CMakeFiles/TwoServoSweep.dir/D_/Pico_Downloads/pico-sdk/src/common/pico_time/time.c.obj
 .debug_abbrev  0x000010e7      0x34c CMakeFiles/TwoServoSweep.dir/D_/Pico_Downloads/pico-sdk/src/rp2_common/hardware_timer/timer.c.obj
 .debug_abbrev  0x00001433      0x133 CMakeFiles/TwoServoSweep.dir/D_/Pico_Downloads/pico-sdk/src/common/pico_sync/lock_core.c.obj
 .debug_abbrev  0x00001566      0x32b CMakeFiles/TwoServoSweep.dir/D_/Pico_Downloads/pico-sdk/src/common/pico_sync/mutex.c.obj
 .debug_abbrev  0x00001891      0x297 CMakeFiles/TwoServoSweep.dir/D_/Pico_Downloads/pico-sdk/src/common/pico_util/pheap.c.obj
 .debug_abbrev  0x00001b28      0x348 CMakeFiles/TwoServoSweep.dir/D_/Pico_Downloads/pico-sdk/src/rp2_common/pico_runtime/runtime.c.obj
 .debug_abbrev  0x00001e70      0x386 CMakeFiles/TwoServoSweep.dir/D_/Pico_Downloads/pico-sdk/src/rp2_common/hardware_clocks/clocks.c.obj
 .debug_abbrev  0x000021f6      0x1b1 CMakeFiles/TwoServoSweep.dir/D_/Pico_Downloads/pico-sdk/src/rp2_common/hardware_watchdog/watchdog.c.obj
 .debug_abbrev  0x000023a7      0x12c CMakeFiles/TwoServoSweep.dir/D_/Pico_Downloads/pico-sdk/src/rp2_common/hardware_xosc/xosc.c.obj
 .debug_abbrev  0x000024d3      0x1bc CMakeFiles/TwoServoSweep.dir/D_/Pico_Downloads/pico-sdk/src/rp2_common/hardware_pll/pll.c.obj
 .debug_abbrev  0x0000268f      0x494 CMakeFiles/TwoServoSweep.dir/D_/Pico_Downloads/pico-sdk/src/rp2_common/hardware_irq/irq.c.obj
 .debug_abbrev  0x00002b23       0x14 CMakeFiles/TwoServoSweep.dir/D_/Pico_Downloads/pico-sdk/src/rp2_common/hardware_irq/irq_handler_chain.S.obj
 .debug_abbrev  0x00002b37      0x384 CMakeFiles/TwoServoSweep.dir/D_/Pico_Downloads/pico-sdk/src/rp2_common/pico_printf/printf.c.obj
 .debug_abbrev  0x00002ebb       0x12 CMakeFiles/TwoServoSweep.dir/D_/Pico_Downloads/pico-sdk/src/rp2_common/pico_bit_ops/bit_ops_aeabi.S.obj
 .debug_abbrev  0x00002ecd       0xf8 CMakeFiles/TwoServoSweep.dir/D_/Pico_Downloads/pico-sdk/src/rp2_common/pico_bootrom/bootrom.c.obj
 .debug_abbrev  0x00002fc5       0x12 CMakeFiles/TwoServoSweep.dir/D_/Pico_Downloads/pico-sdk/src/rp2_common/pico_divider/divider.S.obj
 .debug_abbrev  0x00002fd7       0x12 CMakeFiles/TwoServoSweep.dir/D_/Pico_Downloads/pico-sdk/src/rp2_common/pico_double/double_aeabi.S.obj
 .debug_abbrev  0x00002fe9      0x162 CMakeFiles/TwoServoSweep.dir/D_/Pico_Downloads/pico-sdk/src/rp2_common/pico_double/double_init_rom.c.obj
 .debug_abbrev  0x0000314b       0x12 CMakeFiles/TwoServoSweep.dir/D_/Pico_Downloads/pico-sdk/src/rp2_common/pico_double/double_v1_rom_shim.S.obj
 .debug_abbrev  0x0000315d       0x14 CMakeFiles/TwoServoSweep.dir/D_/Pico_Downloads/pico-sdk/src/rp2_common/pico_int64_ops/pico_int64_ops_aeabi.S.obj
 .debug_abbrev  0x00003171       0x12 CMakeFiles/TwoServoSweep.dir/D_/Pico_Downloads/pico-sdk/src/rp2_common/pico_float/float_aeabi.S.obj
 .debug_abbrev  0x00003183      0x17a CMakeFiles/TwoServoSweep.dir/D_/Pico_Downloads/pico-sdk/src/rp2_common/pico_float/float_init_rom.c.obj
 .debug_abbrev  0x000032fd       0x12 CMakeFiles/TwoServoSweep.dir/D_/Pico_Downloads/pico-sdk/src/rp2_common/pico_float/float_v1_rom_shim.S.obj
 .debug_abbrev  0x0000330f      0x111 CMakeFiles/TwoServoSweep.dir/D_/Pico_Downloads/pico-sdk/src/rp2_common/pico_malloc/pico_malloc.c.obj
 .debug_abbrev  0x00003420       0x12 CMakeFiles/TwoServoSweep.dir/D_/Pico_Downloads/pico-sdk/src/rp2_common/pico_mem_ops/mem_ops_aeabi.S.obj
 .debug_abbrev  0x00003432       0x12 CMakeFiles/TwoServoSweep.dir/D_/Pico_Downloads/pico-sdk/src/rp2_common/pico_standard_link/crt0.S.obj
 .debug_abbrev  0x00003444       0xad CMakeFiles/TwoServoSweep.dir/D_/Pico_Downloads/pico-sdk/src/rp2_common/pico_standard_link/binary_info.c.obj
 .debug_abbrev  0x000034f1      0x4f4 CMakeFiles/TwoServoSweep.dir/D_/Pico_Downloads/pico-sdk/src/rp2_common/pico_stdio/stdio.c.obj

.debug_aranges  0x00000000      0xc88
 .debug_aranges
                0x00000000       0x20 CMakeFiles/TwoServoSweep.dir/TwoServoSweepExample.c.obj
 .debug_aranges
                0x00000020       0x28 CMakeFiles/TwoServoSweep.dir/servo/servo.c.obj
 .debug_aranges
                0x00000048       0xa0 CMakeFiles/TwoServoSweep.dir/D_/Pico_Downloads/pico-sdk/src/rp2_common/hardware_gpio/gpio.c.obj
 .debug_aranges
                0x000000e8       0x48 CMakeFiles/TwoServoSweep.dir/D_/Pico_Downloads/pico-sdk/src/rp2_common/hardware_claim/claim.c.obj
 .debug_aranges
                0x00000130       0x50 CMakeFiles/TwoServoSweep.dir/D_/Pico_Downloads/pico-sdk/src/rp2_common/hardware_sync/sync.c.obj
 .debug_aranges
                0x00000180       0x28 CMakeFiles/TwoServoSweep.dir/D_/Pico_Downloads/pico-sdk/src/rp2_common/pico_platform/platform.c.obj
 .debug_aranges
                0x000001a8       0xc8 CMakeFiles/TwoServoSweep.dir/D_/Pico_Downloads/pico-sdk/src/common/pico_time/time.c.obj
 .debug_aranges
                0x00000270       0x68 CMakeFiles/TwoServoSweep.dir/D_/Pico_Downloads/pico-sdk/src/rp2_common/hardware_timer/timer.c.obj
 .debug_aranges
                0x000002d8       0x20 CMakeFiles/TwoServoSweep.dir/D_/Pico_Downloads/pico-sdk/src/common/pico_sync/lock_core.c.obj
 .debug_aranges
                0x000002f8       0x48 CMakeFiles/TwoServoSweep.dir/D_/Pico_Downloads/pico-sdk/src/common/pico_sync/mutex.c.obj
 .debug_aranges
                0x00000340       0x70 CMakeFiles/TwoServoSweep.dir/D_/Pico_Downloads/pico-sdk/src/common/pico_util/pheap.c.obj
 .debug_aranges
                0x000003b0       0x60 CMakeFiles/TwoServoSweep.dir/D_/Pico_Downloads/pico-sdk/src/rp2_common/pico_runtime/runtime.c.obj
 .debug_aranges
                0x00000410       0x70 CMakeFiles/TwoServoSweep.dir/D_/Pico_Downloads/pico-sdk/src/rp2_common/hardware_clocks/clocks.c.obj
 .debug_aranges
                0x00000480       0x50 CMakeFiles/TwoServoSweep.dir/D_/Pico_Downloads/pico-sdk/src/rp2_common/hardware_watchdog/watchdog.c.obj
 .debug_aranges
                0x000004d0       0x30 CMakeFiles/TwoServoSweep.dir/D_/Pico_Downloads/pico-sdk/src/rp2_common/hardware_xosc/xosc.c.obj
 .debug_aranges
                0x00000500       0x28 CMakeFiles/TwoServoSweep.dir/D_/Pico_Downloads/pico-sdk/src/rp2_common/hardware_pll/pll.c.obj
 .debug_aranges
                0x00000528       0x90 CMakeFiles/TwoServoSweep.dir/D_/Pico_Downloads/pico-sdk/src/rp2_common/hardware_irq/irq.c.obj
 .debug_aranges
                0x000005b8       0x20 CMakeFiles/TwoServoSweep.dir/D_/Pico_Downloads/pico-sdk/src/rp2_common/hardware_irq/irq_handler_chain.S.obj
 .debug_aranges
                0x000005d8       0x90 CMakeFiles/TwoServoSweep.dir/D_/Pico_Downloads/pico-sdk/src/rp2_common/pico_printf/printf.c.obj
 .debug_aranges
                0x00000668       0x68 CMakeFiles/TwoServoSweep.dir/D_/Pico_Downloads/pico-sdk/src/rp2_common/pico_bit_ops/bit_ops_aeabi.S.obj
 .debug_aranges
                0x000006d0       0x30 CMakeFiles/TwoServoSweep.dir/D_/Pico_Downloads/pico-sdk/src/rp2_common/pico_bootrom/bootrom.c.obj
 .debug_aranges
                0x00000700       0x40 CMakeFiles/TwoServoSweep.dir/D_/Pico_Downloads/pico-sdk/src/rp2_common/pico_divider/divider.S.obj
 .debug_aranges
                0x00000740      0x140 CMakeFiles/TwoServoSweep.dir/D_/Pico_Downloads/pico-sdk/src/rp2_common/pico_double/double_aeabi.S.obj
 .debug_aranges
                0x00000880       0x20 CMakeFiles/TwoServoSweep.dir/D_/Pico_Downloads/pico-sdk/src/rp2_common/pico_double/double_init_rom.c.obj
 .debug_aranges
                0x000008a0       0xc8 CMakeFiles/TwoServoSweep.dir/D_/Pico_Downloads/pico-sdk/src/rp2_common/pico_double/double_v1_rom_shim.S.obj
 .debug_aranges
                0x00000968       0x20 CMakeFiles/TwoServoSweep.dir/D_/Pico_Downloads/pico-sdk/src/rp2_common/pico_int64_ops/pico_int64_ops_aeabi.S.obj
 .debug_aranges
                0x00000988      0x130 CMakeFiles/TwoServoSweep.dir/D_/Pico_Downloads/pico-sdk/src/rp2_common/pico_float/float_aeabi.S.obj
 .debug_aranges
                0x00000ab8       0x20 CMakeFiles/TwoServoSweep.dir/D_/Pico_Downloads/pico-sdk/src/rp2_common/pico_float/float_init_rom.c.obj
 .debug_aranges
                0x00000ad8       0x50 CMakeFiles/TwoServoSweep.dir/D_/Pico_Downloads/pico-sdk/src/rp2_common/pico_float/float_v1_rom_shim.S.obj
 .debug_aranges
                0x00000b28       0x30 CMakeFiles/TwoServoSweep.dir/D_/Pico_Downloads/pico-sdk/src/rp2_common/pico_malloc/pico_malloc.c.obj
 .debug_aranges
                0x00000b58       0x38 CMakeFiles/TwoServoSweep.dir/D_/Pico_Downloads/pico-sdk/src/rp2_common/pico_mem_ops/mem_ops_aeabi.S.obj
 .debug_aranges
                0x00000b90       0x28 CMakeFiles/TwoServoSweep.dir/D_/Pico_Downloads/pico-sdk/src/rp2_common/pico_standard_link/crt0.S.obj
 .debug_aranges
                0x00000bb8       0x18 CMakeFiles/TwoServoSweep.dir/D_/Pico_Downloads/pico-sdk/src/rp2_common/pico_standard_link/binary_info.c.obj
 .debug_aranges
                0x00000bd0       0xb8 CMakeFiles/TwoServoSweep.dir/D_/Pico_Downloads/pico-sdk/src/rp2_common/pico_stdio/stdio.c.obj

.debug_ranges   0x00000000     0x1f68